Archive member included to satisfy reference by file (symbol)

c:/intelfpga_lite/18.1/nios2eds/bin/gnu/h-x86_64-mingw32/bin/../lib/gcc/nios2-elf/5.3.0/mno-hw-mul\libgcc.a(lib2-mul.o)
                              obj/default/Principal.o (__mulsi3)
../SSDSoftware_bsp/\libhal_bsp.a(alt_load.o)
                              ../SSDSoftware_bsp//obj/HAL/src/crt0.o (alt_load)
../SSDSoftware_bsp/\libhal_bsp.a(alt_main.o)
                              ../SSDSoftware_bsp//obj/HAL/src/crt0.o (alt_main)
../SSDSoftware_bsp/\libhal_bsp.a(alt_sys_init.o)
                              ../SSDSoftware_bsp/\libhal_bsp.a(alt_main.o) (alt_irq_init)
../SSDSoftware_bsp/\libhal_bsp.a(altera_avalon_jtag_uart_fd.o)
                              ../SSDSoftware_bsp/\libhal_bsp.a(alt_sys_init.o) (altera_avalon_jtag_uart_read_fd)
../SSDSoftware_bsp/\libhal_bsp.a(altera_avalon_jtag_uart_init.o)
                              ../SSDSoftware_bsp/\libhal_bsp.a(alt_sys_init.o) (altera_avalon_jtag_uart_init)
../SSDSoftware_bsp/\libhal_bsp.a(altera_avalon_jtag_uart_ioctl.o)
                              ../SSDSoftware_bsp/\libhal_bsp.a(altera_avalon_jtag_uart_fd.o) (altera_avalon_jtag_uart_ioctl)
../SSDSoftware_bsp/\libhal_bsp.a(altera_avalon_jtag_uart_read.o)
                              ../SSDSoftware_bsp/\libhal_bsp.a(altera_avalon_jtag_uart_fd.o) (altera_avalon_jtag_uart_read)
../SSDSoftware_bsp/\libhal_bsp.a(altera_avalon_jtag_uart_write.o)
                              ../SSDSoftware_bsp/\libhal_bsp.a(altera_avalon_jtag_uart_fd.o) (altera_avalon_jtag_uart_write)
../SSDSoftware_bsp/\libhal_bsp.a(altera_hostfs.o)
                              ../SSDSoftware_bsp/\libhal_bsp.a(alt_sys_init.o) (alt_hostfs_open)
../SSDSoftware_bsp/\libhal_bsp.a(alt_alarm_start.o)
                              ../SSDSoftware_bsp/\libhal_bsp.a(altera_avalon_jtag_uart_init.o) (alt_alarm_start)
../SSDSoftware_bsp/\libhal_bsp.a(alt_close.o)
                              ../SSDSoftware_bsp/\libhal_bsp.a(alt_main.o) (close)
../SSDSoftware_bsp/\libhal_bsp.a(alt_dcache_flush_all.o)
                              ../SSDSoftware_bsp/\libhal_bsp.a(alt_load.o) (alt_dcache_flush_all)
../SSDSoftware_bsp/\libhal_bsp.a(alt_dev.o)
                              ../SSDSoftware_bsp/\libhal_bsp.a(alt_sys_init.o) (alt_dev_list)
../SSDSoftware_bsp/\libhal_bsp.a(alt_dev_llist_insert.o)
                              ../SSDSoftware_bsp/\libhal_bsp.a(alt_sys_init.o) (alt_dev_llist_insert)
../SSDSoftware_bsp/\libhal_bsp.a(alt_do_ctors.o)
                              ../SSDSoftware_bsp/\libhal_bsp.a(alt_main.o) (_do_ctors)
../SSDSoftware_bsp/\libhal_bsp.a(alt_do_dtors.o)
                              ../SSDSoftware_bsp/\libhal_bsp.a(alt_main.o) (_do_dtors)
../SSDSoftware_bsp/\libhal_bsp.a(alt_errno.o)
                              ../SSDSoftware_bsp/\libhal_bsp.a(alt_close.o) (alt_errno)
../SSDSoftware_bsp/\libhal_bsp.a(alt_fs_reg.o)
                              ../SSDSoftware_bsp/\libhal_bsp.a(alt_sys_init.o) (alt_fs_reg)
../SSDSoftware_bsp/\libhal_bsp.a(alt_icache_flush_all.o)
                              ../SSDSoftware_bsp/\libhal_bsp.a(alt_load.o) (alt_icache_flush_all)
../SSDSoftware_bsp/\libhal_bsp.a(alt_iic.o)
                              ../SSDSoftware_bsp/\libhal_bsp.a(altera_avalon_jtag_uart_init.o) (alt_ic_isr_register)
../SSDSoftware_bsp/\libhal_bsp.a(alt_iic_isr_register.o)
                              ../SSDSoftware_bsp/\libhal_bsp.a(alt_iic.o) (alt_iic_isr_register)
../SSDSoftware_bsp/\libhal_bsp.a(alt_io_redirect.o)
                              ../SSDSoftware_bsp/\libhal_bsp.a(alt_main.o) (alt_io_redirect)
../SSDSoftware_bsp/\libhal_bsp.a(alt_irq_entry.o)
                              ../SSDSoftware_bsp/\libhal_bsp.a(alt_iic_isr_register.o) (alt_irq_entry)
../SSDSoftware_bsp/\libhal_bsp.a(alt_irq_handler.o)
                              ../SSDSoftware_bsp/\libhal_bsp.a(alt_iic_isr_register.o) (alt_irq)
../SSDSoftware_bsp/\libhal_bsp.a(alt_irq_vars.o)
                              ../SSDSoftware_bsp/\libhal_bsp.a(alt_iic.o) (alt_irq_active)
../SSDSoftware_bsp/\libhal_bsp.a(alt_open.o)
                              ../SSDSoftware_bsp/\libhal_bsp.a(alt_io_redirect.o) (open)
../SSDSoftware_bsp/\libhal_bsp.a(alt_release_fd.o)
                              ../SSDSoftware_bsp/\libhal_bsp.a(alt_close.o) (alt_release_fd)
../SSDSoftware_bsp/\libhal_bsp.a(alt_tick.o)
                              ../SSDSoftware_bsp/\libhal_bsp.a(altera_avalon_jtag_uart_init.o) (_alt_tick_rate)
../SSDSoftware_bsp/\libhal_bsp.a(altera_nios2_gen2_irq.o)
                              ../SSDSoftware_bsp/\libhal_bsp.a(alt_sys_init.o) (altera_nios2_gen2_irq_init)
../SSDSoftware_bsp/\libhal_bsp.a(alt_exception_entry.o)
                              ../SSDSoftware_bsp/\libhal_bsp.a(alt_irq_entry.o) (alt_exception)
../SSDSoftware_bsp/\libhal_bsp.a(alt_find_dev.o)
                              ../SSDSoftware_bsp/\libhal_bsp.a(alt_open.o) (alt_find_dev)
../SSDSoftware_bsp/\libhal_bsp.a(alt_find_file.o)
                              ../SSDSoftware_bsp/\libhal_bsp.a(alt_open.o) (alt_find_file)
../SSDSoftware_bsp/\libhal_bsp.a(alt_get_fd.o)
                              ../SSDSoftware_bsp/\libhal_bsp.a(alt_open.o) (alt_get_fd)
../SSDSoftware_bsp/\libhal_bsp.a(alt_instruction_exception_entry.o)
                              ../SSDSoftware_bsp/\libhal_bsp.a(alt_exception_entry.o) (alt_instruction_exception_entry)
c:/intelfpga_lite/18.1/nios2eds/bin/gnu/h-x86_64-mingw32/bin/../lib/gcc/nios2-elf/5.3.0/../../../../../H-x86_64-mingw32/nios2-elf/lib/mno-hw-mul\libc.a(lib_a-atexit.o)
                              ../SSDSoftware_bsp/\libhal_bsp.a(alt_main.o) (atexit)
c:/intelfpga_lite/18.1/nios2eds/bin/gnu/h-x86_64-mingw32/bin/../lib/gcc/nios2-elf/5.3.0/../../../../../H-x86_64-mingw32/nios2-elf/lib/mno-hw-mul\libc.a(lib_a-exit.o)
                              ../SSDSoftware_bsp/\libhal_bsp.a(alt_main.o) (exit)
c:/intelfpga_lite/18.1/nios2eds/bin/gnu/h-x86_64-mingw32/bin/../lib/gcc/nios2-elf/5.3.0/../../../../../H-x86_64-mingw32/nios2-elf/lib/mno-hw-mul\libc.a(lib_a-impure.o)
                              c:/intelfpga_lite/18.1/nios2eds/bin/gnu/h-x86_64-mingw32/bin/../lib/gcc/nios2-elf/5.3.0/../../../../../H-x86_64-mingw32/nios2-elf/lib/mno-hw-mul\libc.a(lib_a-exit.o) (_global_impure_ptr)
c:/intelfpga_lite/18.1/nios2eds/bin/gnu/h-x86_64-mingw32/bin/../lib/gcc/nios2-elf/5.3.0/../../../../../H-x86_64-mingw32/nios2-elf/lib/mno-hw-mul\libc.a(lib_a-int_errno.o)
                              ../SSDSoftware_bsp/\libhal_bsp.a(alt_close.o) (errno)
c:/intelfpga_lite/18.1/nios2eds/bin/gnu/h-x86_64-mingw32/bin/../lib/gcc/nios2-elf/5.3.0/../../../../../H-x86_64-mingw32/nios2-elf/lib/mno-hw-mul\libc.a(lib_a-memcmp.o)
                              ../SSDSoftware_bsp/\libhal_bsp.a(alt_find_dev.o) (memcmp)
c:/intelfpga_lite/18.1/nios2eds/bin/gnu/h-x86_64-mingw32/bin/../lib/gcc/nios2-elf/5.3.0/../../../../../H-x86_64-mingw32/nios2-elf/lib/mno-hw-mul\libc.a(lib_a-memcpy.o)
                              ../SSDSoftware_bsp/\libhal_bsp.a(altera_avalon_jtag_uart_read.o) (memcpy)
c:/intelfpga_lite/18.1/nios2eds/bin/gnu/h-x86_64-mingw32/bin/../lib/gcc/nios2-elf/5.3.0/../../../../../H-x86_64-mingw32/nios2-elf/lib/mno-hw-mul\libc.a(lib_a-strlen.o)
                              ../SSDSoftware_bsp/\libhal_bsp.a(alt_find_dev.o) (strlen)
c:/intelfpga_lite/18.1/nios2eds/bin/gnu/h-x86_64-mingw32/bin/../lib/gcc/nios2-elf/5.3.0/../../../../../H-x86_64-mingw32/nios2-elf/lib/mno-hw-mul\libc.a(lib_a-__atexit.o)
                              c:/intelfpga_lite/18.1/nios2eds/bin/gnu/h-x86_64-mingw32/bin/../lib/gcc/nios2-elf/5.3.0/../../../../../H-x86_64-mingw32/nios2-elf/lib/mno-hw-mul\libc.a(lib_a-atexit.o) (__register_exitproc)
c:/intelfpga_lite/18.1/nios2eds/bin/gnu/h-x86_64-mingw32/bin/../lib/gcc/nios2-elf/5.3.0/../../../../../H-x86_64-mingw32/nios2-elf/lib/mno-hw-mul\libc.a(lib_a-__call_atexit.o)
                              c:/intelfpga_lite/18.1/nios2eds/bin/gnu/h-x86_64-mingw32/bin/../lib/gcc/nios2-elf/5.3.0/../../../../../H-x86_64-mingw32/nios2-elf/lib/mno-hw-mul\libc.a(lib_a-exit.o) (__call_exitprocs)
../SSDSoftware_bsp/\libhal_bsp.a(alt_exit.o)
                              c:/intelfpga_lite/18.1/nios2eds/bin/gnu/h-x86_64-mingw32/bin/../lib/gcc/nios2-elf/5.3.0/../../../../../H-x86_64-mingw32/nios2-elf/lib/mno-hw-mul\libc.a(lib_a-exit.o) (_exit)

Allocating common symbols
Common symbol       size              file

alt_irq             0x100             ../SSDSoftware_bsp/\libhal_bsp.a(alt_irq_handler.o)
errno               0x4               c:/intelfpga_lite/18.1/nios2eds/bin/gnu/h-x86_64-mingw32/bin/../lib/gcc/nios2-elf/5.3.0/../../../../../H-x86_64-mingw32/nios2-elf/lib/mno-hw-mul\libc.a(lib_a-int_errno.o)

Memory Configuration

Name             Origin             Length             Attributes
ImagemA          0x0000000000000000 0x0000000000010000
ImagemC          0x0000000000020000 0x0000000000010000
ImagemB          0x0000000000030000 0x0000000000010000
reset            0x0000000000040000 0x0000000000000020
MemoriaPrograma  0x0000000000040020 0x000000000000ffe0
*default*        0x0000000000000000 0xffffffffffffffff

Linker script and memory map

LOAD ../SSDSoftware_bsp//obj/HAL/src/crt0.o
LOAD obj/default/Principal.o
LOAD c:/intelfpga_lite/18.1/nios2eds/bin/gnu/h-x86_64-mingw32/bin/../lib/gcc/nios2-elf/5.3.0/../../../../../H-x86_64-mingw32/nios2-elf/lib/mno-hw-mul\libstdc++.a
LOAD c:/intelfpga_lite/18.1/nios2eds/bin/gnu/h-x86_64-mingw32/bin/../lib/gcc/nios2-elf/5.3.0/../../../../../H-x86_64-mingw32/nios2-elf/lib/mno-hw-mul\libm.a
LOAD c:/intelfpga_lite/18.1/nios2eds/bin/gnu/h-x86_64-mingw32/bin/../lib/gcc/nios2-elf/5.3.0/mno-hw-mul\libgcc.a
START GROUP
LOAD c:/intelfpga_lite/18.1/nios2eds/bin/gnu/h-x86_64-mingw32/bin/../lib/gcc/nios2-elf/5.3.0/../../../../../H-x86_64-mingw32/nios2-elf/lib/mno-hw-mul\libc.a
LOAD c:/intelfpga_lite/18.1/nios2eds/bin/gnu/h-x86_64-mingw32/bin/../lib/gcc/nios2-elf/5.3.0/mno-hw-mul\libgcc.a
LOAD ../SSDSoftware_bsp/\libhal_bsp.a
LOAD c:/intelfpga_lite/18.1/nios2eds/bin/gnu/h-x86_64-mingw32/bin/../lib/gcc/nios2-elf/5.3.0/../../../../../H-x86_64-mingw32/nios2-elf/lib/mno-hw-mul\libm.a
END GROUP
LOAD c:/intelfpga_lite/18.1/nios2eds/bin/gnu/h-x86_64-mingw32/bin/../lib/gcc/nios2-elf/5.3.0/mno-hw-mul\libgcc.a
                0x0000000000000000                __alt_mem_ImagemA = 0x0
                0x0000000000020000                __alt_mem_ImagemC = 0x20000
                0x0000000000030000                __alt_mem_ImagemB = 0x30000
                0x0000000000040000                __alt_mem_MemoriaPrograma = 0x40000

.entry          0x0000000000040000       0x20
 *(.entry)
 .entry         0x0000000000040000       0x20 ../SSDSoftware_bsp//obj/HAL/src/crt0.o
                0x0000000000040000                __reset

.exceptions     0x0000000000040020      0x210
                0x0000000000040020                PROVIDE (__ram_exceptions_start, ABSOLUTE (.))
                0x0000000000040020                . = ALIGN (0x20)
 *(.irq)
 *(.exceptions.entry.label)
 .exceptions.entry.label
                0x0000000000040020        0x0 ../SSDSoftware_bsp/\libhal_bsp.a(alt_irq_entry.o)
                0x0000000000040020                alt_irq_entry
 .exceptions.entry.label
                0x0000000000040020        0x0 ../SSDSoftware_bsp/\libhal_bsp.a(alt_exception_entry.o)
                0x0000000000040020                alt_exception
 *(.exceptions.entry.user)
 *(.exceptions.entry.ecc_fatal)
 *(.exceptions.entry)
 .exceptions.entry
                0x0000000000040020       0x54 ../SSDSoftware_bsp/\libhal_bsp.a(alt_exception_entry.o)
 *(.exceptions.irqtest.user)
 *(.exceptions.irqtest)
 .exceptions.irqtest
                0x0000000000040074       0x10 ../SSDSoftware_bsp/\libhal_bsp.a(alt_irq_entry.o)
 *(.exceptions.irqhandler.user)
 *(.exceptions.irqhandler)
 .exceptions.irqhandler
                0x0000000000040084        0x4 ../SSDSoftware_bsp/\libhal_bsp.a(alt_irq_entry.o)
 *(.exceptions.irqreturn.user)
 *(.exceptions.irqreturn)
 .exceptions.irqreturn
                0x0000000000040088        0x4 ../SSDSoftware_bsp/\libhal_bsp.a(alt_irq_entry.o)
 *(.exceptions.notirq.label)
 .exceptions.notirq.label
                0x000000000004008c        0x0 ../SSDSoftware_bsp/\libhal_bsp.a(alt_irq_entry.o)
 *(.exceptions.notirq.user)
 *(.exceptions.notirq)
 .exceptions.notirq
                0x000000000004008c        0x8 ../SSDSoftware_bsp/\libhal_bsp.a(alt_exception_entry.o)
 *(.exceptions.soft.user)
 *(.exceptions.soft)
 *(.exceptions.unknown.user)
 *(.exceptions.unknown)
 .exceptions.unknown
                0x0000000000040094       0x14 ../SSDSoftware_bsp/\libhal_bsp.a(alt_exception_entry.o)
 *(.exceptions.exit.label)
 .exceptions.exit.label
                0x00000000000400a8        0x0 ../SSDSoftware_bsp/\libhal_bsp.a(alt_irq_entry.o)
 .exceptions.exit.label
                0x00000000000400a8        0x0 ../SSDSoftware_bsp/\libhal_bsp.a(alt_exception_entry.o)
 *(.exceptions.exit.user)
 *(.exceptions.exit)
 .exceptions.exit
                0x00000000000400a8       0x54 ../SSDSoftware_bsp/\libhal_bsp.a(alt_exception_entry.o)
 *(.exceptions)
 .exceptions    0x00000000000400fc       0xd4 ../SSDSoftware_bsp/\libhal_bsp.a(alt_irq_handler.o)
                0x00000000000400fc                alt_irq_handler
 .exceptions    0x00000000000401d0       0x60 ../SSDSoftware_bsp/\libhal_bsp.a(alt_instruction_exception_entry.o)
                0x00000000000401d0                alt_instruction_exception_entry
                0x0000000000040230                PROVIDE (__ram_exceptions_end, ABSOLUTE (.))
                0x0000000000040020                PROVIDE (__flash_exceptions_start, LOADADDR (.exceptions))

.text           0x0000000000040230     0x2a58
                [!provide]                        PROVIDE (stext, ABSOLUTE (.))
 *(.interp)
 *(.hash)
 *(.dynsym)
 *(.dynstr)
 *(.gnu.version)
 *(.gnu.version_d)
 *(.gnu.version_r)
 *(.rel.init)
 *(.rela.init)
 *(.rel.text .rel.text.* .rel.gnu.linkonce.t.*)
 *(.rela.text .rela.text.* .rela.gnu.linkonce.t.*)
 *(.rel.fini)
 *(.rela.fini)
 *(.rel.rodata .rel.rodata.* .rel.gnu.linkonce.r.*)
 *(.rela.rodata .rela.rodata.* .rela.gnu.linkonce.r.*)
 *(.rel.data .rel.data.* .rel.gnu.linkonce.d.*)
 *(.rela.data .rela.data.* .rela.gnu.linkonce.d.*)
 *(.rel.tdata .rel.tdata.* .rel.gnu.linkonce.td.*)
 *(.rela.tdata .rela.tdata.* .rela.gnu.linkonce.td.*)
 *(.rel.tbss .rel.tbss.* .rel.gnu.linkonce.tb.*)
 *(.rela.tbss .rela.tbss.* .rela.gnu.linkonce.tb.*)
 *(.rel.ctors)
 *(.rela.ctors)
 *(.rel.dtors)
 *(.rela.dtors)
 *(.rel.got)
 *(.rela.got)
 *(.rel.sdata .rel.sdata.* .rel.gnu.linkonce.s.*)
 *(.rela.sdata .rela.sdata.* .rela.gnu.linkonce.s.*)
 *(.rel.sbss .rel.sbss.* .rel.gnu.linkonce.sb.*)
 *(.rela.sbss .rela.sbss.* .rela.gnu.linkonce.sb.*)
 *(.rel.sdata2 .rel.sdata2.* .rel.gnu.linkonce.s2.*)
 *(.rela.sdata2 .rela.sdata2.* .rela.gnu.linkonce.s2.*)
 *(.rel.sbss2 .rel.sbss2.* .rel.gnu.linkonce.sb2.*)
 *(.rela.sbss2 .rela.sbss2.* .rela.gnu.linkonce.sb2.*)
 *(.rel.bss .rel.bss.* .rel.gnu.linkonce.b.*)
 *(.rela.bss .rela.bss.* .rela.gnu.linkonce.b.*)
 *(.rel.plt)
 *(.rela.plt)
 *(.rel.dyn)
 *(.init)
 *(.plt)
 *(.text .stub .text.* .gnu.linkonce.t.*)
 .text          0x0000000000040230       0x3c ../SSDSoftware_bsp//obj/HAL/src/crt0.o
                0x0000000000040230                _start
 .text          0x000000000004026c      0x2d8 obj/default/Principal.o
                0x000000000004026c                main
 .text          0x0000000000040544       0x28 c:/intelfpga_lite/18.1/nios2eds/bin/gnu/h-x86_64-mingw32/bin/../lib/gcc/nios2-elf/5.3.0/mno-hw-mul\libgcc.a(lib2-mul.o)
                0x0000000000040544                __mulsi3
 .text          0x000000000004056c       0xec ../SSDSoftware_bsp/\libhal_bsp.a(alt_load.o)
                0x00000000000405d4                alt_load
 .text          0x0000000000040658       0x7c ../SSDSoftware_bsp/\libhal_bsp.a(alt_main.o)
                0x0000000000040658                alt_main
 .text          0x00000000000406d4       0xc0 ../SSDSoftware_bsp/\libhal_bsp.a(alt_sys_init.o)
                0x0000000000040708                alt_irq_init
                0x0000000000040740                alt_sys_init
 .text          0x0000000000040794      0x164 ../SSDSoftware_bsp/\libhal_bsp.a(altera_avalon_jtag_uart_fd.o)
                0x0000000000040794                altera_avalon_jtag_uart_read_fd
                0x00000000000407f4                altera_avalon_jtag_uart_write_fd
                0x0000000000040854                altera_avalon_jtag_uart_close_fd
                0x00000000000408a4                altera_avalon_jtag_uart_ioctl_fd
 .text          0x00000000000408f8      0x3d4 ../SSDSoftware_bsp/\libhal_bsp.a(altera_avalon_jtag_uart_init.o)
                0x00000000000408f8                altera_avalon_jtag_uart_init
                0x0000000000040c64                altera_avalon_jtag_uart_close
 .text          0x0000000000040ccc       0xf0 ../SSDSoftware_bsp/\libhal_bsp.a(altera_avalon_jtag_uart_ioctl.o)
                0x0000000000040ccc                altera_avalon_jtag_uart_ioctl
 .text          0x0000000000040dbc      0x21c ../SSDSoftware_bsp/\libhal_bsp.a(altera_avalon_jtag_uart_read.o)
                0x0000000000040dbc                altera_avalon_jtag_uart_read
 .text          0x0000000000040fd8      0x224 ../SSDSoftware_bsp/\libhal_bsp.a(altera_avalon_jtag_uart_write.o)
                0x0000000000040fd8                altera_avalon_jtag_uart_write
 .text          0x00000000000411fc      0x484 ../SSDSoftware_bsp/\libhal_bsp.a(altera_hostfs.o)
                0x00000000000411fc                alt_hostfs_open
                0x0000000000041318                alt_hostfs_close
                0x000000000004135c                alt_hostfs_read
                0x00000000000413c8                alt_hostfs_write
                0x0000000000041434                alt_hostfs_seek
                0x000000000004149c                alt_hostfs_fstat
 .text          0x0000000000041680      0x12c ../SSDSoftware_bsp/\libhal_bsp.a(alt_alarm_start.o)
                0x0000000000041680                alt_alarm_start
 .text          0x00000000000417ac      0x114 ../SSDSoftware_bsp/\libhal_bsp.a(alt_close.o)
                0x00000000000417e8                close
 .text          0x00000000000418c0       0x20 ../SSDSoftware_bsp/\libhal_bsp.a(alt_dcache_flush_all.o)
                0x00000000000418c0                alt_dcache_flush_all
 .text          0x00000000000418e0       0x2c ../SSDSoftware_bsp/\libhal_bsp.a(alt_dev.o)
 .text          0x000000000004190c       0xe0 ../SSDSoftware_bsp/\libhal_bsp.a(alt_dev_llist_insert.o)
                0x0000000000041948                alt_dev_llist_insert
 .text          0x00000000000419ec       0x60 ../SSDSoftware_bsp/\libhal_bsp.a(alt_do_ctors.o)
                0x00000000000419ec                _do_ctors
 .text          0x0000000000041a4c       0x60 ../SSDSoftware_bsp/\libhal_bsp.a(alt_do_dtors.o)
                0x0000000000041a4c                _do_dtors
 .text          0x0000000000041aac        0x0 ../SSDSoftware_bsp/\libhal_bsp.a(alt_errno.o)
 .text          0x0000000000041aac       0x80 ../SSDSoftware_bsp/\libhal_bsp.a(alt_fs_reg.o)
                0x0000000000041aac                alt_fs_reg
 .text          0x0000000000041b2c       0x20 ../SSDSoftware_bsp/\libhal_bsp.a(alt_icache_flush_all.o)
                0x0000000000041b2c                alt_icache_flush_all
 .text          0x0000000000041b4c      0x1b0 ../SSDSoftware_bsp/\libhal_bsp.a(alt_iic.o)
                0x0000000000041b4c                alt_ic_isr_register
                0x0000000000041b9c                alt_ic_irq_enable
                0x0000000000041c24                alt_ic_irq_disable
                0x0000000000041cb0                alt_ic_irq_enabled
 .text          0x0000000000041cfc       0xf0 ../SSDSoftware_bsp/\libhal_bsp.a(alt_iic_isr_register.o)
                0x0000000000041cfc                alt_iic_isr_register
 .text          0x0000000000041dec      0x160 ../SSDSoftware_bsp/\libhal_bsp.a(alt_io_redirect.o)
                0x0000000000041ed0                alt_io_redirect
 .text          0x0000000000041f4c        0x0 ../SSDSoftware_bsp/\libhal_bsp.a(alt_irq_entry.o)
 .text          0x0000000000041f4c        0x0 ../SSDSoftware_bsp/\libhal_bsp.a(alt_irq_handler.o)
 .text          0x0000000000041f4c        0x0 ../SSDSoftware_bsp/\libhal_bsp.a(alt_irq_vars.o)
 .text          0x0000000000041f4c      0x284 ../SSDSoftware_bsp/\libhal_bsp.a(alt_open.o)
                0x0000000000042074                open
 .text          0x00000000000421d0       0x84 ../SSDSoftware_bsp/\libhal_bsp.a(alt_release_fd.o)
                0x00000000000421d0                alt_release_fd
 .text          0x0000000000042254      0x1a4 ../SSDSoftware_bsp/\libhal_bsp.a(alt_tick.o)
                0x0000000000042254                alt_alarm_stop
                0x00000000000422f0                alt_tick
 .text          0x00000000000423f8       0x24 ../SSDSoftware_bsp/\libhal_bsp.a(altera_nios2_gen2_irq.o)
                0x00000000000423f8                altera_nios2_gen2_irq_init
 .text          0x000000000004241c        0x0 ../SSDSoftware_bsp/\libhal_bsp.a(alt_exception_entry.o)
 .text          0x000000000004241c       0x90 ../SSDSoftware_bsp/\libhal_bsp.a(alt_find_dev.o)
                0x000000000004241c                alt_find_dev
 .text          0x00000000000424ac      0x108 ../SSDSoftware_bsp/\libhal_bsp.a(alt_find_file.o)
                0x00000000000424ac                alt_find_file
 .text          0x00000000000425b4       0xc4 ../SSDSoftware_bsp/\libhal_bsp.a(alt_get_fd.o)
                0x00000000000425b4                alt_get_fd
 .text          0x0000000000042678       0x9c ../SSDSoftware_bsp/\libhal_bsp.a(alt_instruction_exception_entry.o)
                0x0000000000042678                alt_exception_cause_generated_bad_addr
 .text          0x0000000000042714        0x0 c:/intelfpga_lite/18.1/nios2eds/bin/gnu/h-x86_64-mingw32/bin/../lib/gcc/nios2-elf/5.3.0/../../../../../H-x86_64-mingw32/nios2-elf/lib/mno-hw-mul\libc.a(lib_a-atexit.o)
 .text.atexit   0x0000000000042714       0x14 c:/intelfpga_lite/18.1/nios2eds/bin/gnu/h-x86_64-mingw32/bin/../lib/gcc/nios2-elf/5.3.0/../../../../../H-x86_64-mingw32/nios2-elf/lib/mno-hw-mul\libc.a(lib_a-atexit.o)
                0x0000000000042714                atexit
 .text          0x0000000000042728        0x0 c:/intelfpga_lite/18.1/nios2eds/bin/gnu/h-x86_64-mingw32/bin/../lib/gcc/nios2-elf/5.3.0/../../../../../H-x86_64-mingw32/nios2-elf/lib/mno-hw-mul\libc.a(lib_a-exit.o)
 .text.exit     0x0000000000042728       0x38 c:/intelfpga_lite/18.1/nios2eds/bin/gnu/h-x86_64-mingw32/bin/../lib/gcc/nios2-elf/5.3.0/../../../../../H-x86_64-mingw32/nios2-elf/lib/mno-hw-mul\libc.a(lib_a-exit.o)
                0x0000000000042728                exit
 .text          0x0000000000042760        0x0 c:/intelfpga_lite/18.1/nios2eds/bin/gnu/h-x86_64-mingw32/bin/../lib/gcc/nios2-elf/5.3.0/../../../../../H-x86_64-mingw32/nios2-elf/lib/mno-hw-mul\libc.a(lib_a-impure.o)
 .text          0x0000000000042760        0x0 c:/intelfpga_lite/18.1/nios2eds/bin/gnu/h-x86_64-mingw32/bin/../lib/gcc/nios2-elf/5.3.0/../../../../../H-x86_64-mingw32/nios2-elf/lib/mno-hw-mul\libc.a(lib_a-int_errno.o)
 .text          0x0000000000042760        0x0 c:/intelfpga_lite/18.1/nios2eds/bin/gnu/h-x86_64-mingw32/bin/../lib/gcc/nios2-elf/5.3.0/../../../../../H-x86_64-mingw32/nios2-elf/lib/mno-hw-mul\libc.a(lib_a-memcmp.o)
 .text.memcmp   0x0000000000042760       0x7c c:/intelfpga_lite/18.1/nios2eds/bin/gnu/h-x86_64-mingw32/bin/../lib/gcc/nios2-elf/5.3.0/../../../../../H-x86_64-mingw32/nios2-elf/lib/mno-hw-mul\libc.a(lib_a-memcmp.o)
                0x0000000000042760                memcmp
 .text          0x00000000000427dc        0x0 c:/intelfpga_lite/18.1/nios2eds/bin/gnu/h-x86_64-mingw32/bin/../lib/gcc/nios2-elf/5.3.0/../../../../../H-x86_64-mingw32/nios2-elf/lib/mno-hw-mul\libc.a(lib_a-memcpy.o)
 .text.memcpy   0x00000000000427dc      0x148 c:/intelfpga_lite/18.1/nios2eds/bin/gnu/h-x86_64-mingw32/bin/../lib/gcc/nios2-elf/5.3.0/../../../../../H-x86_64-mingw32/nios2-elf/lib/mno-hw-mul\libc.a(lib_a-memcpy.o)
                0x00000000000427dc                memcpy
 .text          0x0000000000042924        0x0 c:/intelfpga_lite/18.1/nios2eds/bin/gnu/h-x86_64-mingw32/bin/../lib/gcc/nios2-elf/5.3.0/../../../../../H-x86_64-mingw32/nios2-elf/lib/mno-hw-mul\libc.a(lib_a-strlen.o)
 .text.strlen   0x0000000000042924       0x98 c:/intelfpga_lite/18.1/nios2eds/bin/gnu/h-x86_64-mingw32/bin/../lib/gcc/nios2-elf/5.3.0/../../../../../H-x86_64-mingw32/nios2-elf/lib/mno-hw-mul\libc.a(lib_a-strlen.o)
                0x0000000000042924                strlen
 .text          0x00000000000429bc        0x0 c:/intelfpga_lite/18.1/nios2eds/bin/gnu/h-x86_64-mingw32/bin/../lib/gcc/nios2-elf/5.3.0/../../../../../H-x86_64-mingw32/nios2-elf/lib/mno-hw-mul\libc.a(lib_a-__atexit.o)
 .text.__register_exitproc
                0x00000000000429bc      0x118 c:/intelfpga_lite/18.1/nios2eds/bin/gnu/h-x86_64-mingw32/bin/../lib/gcc/nios2-elf/5.3.0/../../../../../H-x86_64-mingw32/nios2-elf/lib/mno-hw-mul\libc.a(lib_a-__atexit.o)
                0x00000000000429bc                __register_exitproc
 .text          0x0000000000042ad4        0x0 c:/intelfpga_lite/18.1/nios2eds/bin/gnu/h-x86_64-mingw32/bin/../lib/gcc/nios2-elf/5.3.0/../../../../../H-x86_64-mingw32/nios2-elf/lib/mno-hw-mul\libc.a(lib_a-__call_atexit.o)
 .text.__call_exitprocs
                0x0000000000042ad4      0x180 c:/intelfpga_lite/18.1/nios2eds/bin/gnu/h-x86_64-mingw32/bin/../lib/gcc/nios2-elf/5.3.0/../../../../../H-x86_64-mingw32/nios2-elf/lib/mno-hw-mul\libc.a(lib_a-__call_atexit.o)
                0x0000000000042ad4                __call_exitprocs
 .text          0x0000000000042c54       0x34 ../SSDSoftware_bsp/\libhal_bsp.a(alt_exit.o)
                0x0000000000042c54                _exit
 *(.gnu.warning.*)
 *(.fini)
                [!provide]                        PROVIDE (__etext, ABSOLUTE (.))
                [!provide]                        PROVIDE (_etext, ABSOLUTE (.))
                [!provide]                        PROVIDE (etext, ABSOLUTE (.))
 *(.eh_frame_hdr)
                0x0000000000042c88                . = ALIGN (0x4)
                [!provide]                        PROVIDE (__preinit_array_start, ABSOLUTE (.))
 *(.preinit_array)
                [!provide]                        PROVIDE (__preinit_array_end, ABSOLUTE (.))
                [!provide]                        PROVIDE (__init_array_start, ABSOLUTE (.))
 *(.init_array)
                [!provide]                        PROVIDE (__init_array_end, ABSOLUTE (.))
                [!provide]                        PROVIDE (__fini_array_start, ABSOLUTE (.))
 *(.fini_array)
                [!provide]                        PROVIDE (__fini_array_end, ABSOLUTE (.))
 *(.eh_frame)
 *(.gcc_except_table .gcc_except_table.*)
 *(.dynamic)
                0x0000000000042c88                PROVIDE (__CTOR_LIST__, ABSOLUTE (.))
 *(.ctors)
 *(SORT(.ctors.*))
                0x0000000000042c88                PROVIDE (__CTOR_END__, ABSOLUTE (.))
                0x0000000000042c88                PROVIDE (__DTOR_LIST__, ABSOLUTE (.))
 *(.dtors)
 *(SORT(.dtors.*))
                0x0000000000042c88                PROVIDE (__DTOR_END__, ABSOLUTE (.))
 *(.jcr)
                0x0000000000042c88                . = ALIGN (0x4)

.rodata         0x0000000000042c88       0x3c
                0x0000000000042c88                PROVIDE (__ram_rodata_start, ABSOLUTE (.))
                0x0000000000042c88                . = ALIGN (0x4)
 *(.rodata .rodata.* .gnu.linkonce.r.*)
 .rodata        0x0000000000042c88        0xf ../SSDSoftware_bsp/\libhal_bsp.a(alt_main.o)
 *fill*         0x0000000000042c97        0x1 
 .rodata        0x0000000000042c98       0x1a ../SSDSoftware_bsp/\libhal_bsp.a(alt_sys_init.o)
 *fill*         0x0000000000042cb2        0x2 
 .rodata        0x0000000000042cb4        0xa ../SSDSoftware_bsp/\libhal_bsp.a(alt_dev.o)
 *fill*         0x0000000000042cbe        0x2 
 .rodata.str1.4
                0x0000000000042cc0        0x4 c:/intelfpga_lite/18.1/nios2eds/bin/gnu/h-x86_64-mingw32/bin/../lib/gcc/nios2-elf/5.3.0/../../../../../H-x86_64-mingw32/nios2-elf/lib/mno-hw-mul\libc.a(lib_a-impure.o)
                                          0x2 (size before relaxing)
 *(.rodata1)
                0x0000000000042cc4                . = ALIGN (0x4)
                0x0000000000042cc4                PROVIDE (__ram_rodata_end, ABSOLUTE (.))
                0x0000000000042c88                PROVIDE (__flash_rodata_start, LOADADDR (.rodata))

.rwdata         0x0000000000042cc4     0x16d0 load address 0x0000000000044394
                0x0000000000042cc4                PROVIDE (__ram_rwdata_start, ABSOLUTE (.))
                0x0000000000042cc4                . = ALIGN (0x4)
 *(.got.plt)
 *(.got)
 *(.data1)
 *(.data .data.* .gnu.linkonce.d.*)
 .data          0x0000000000042cc4        0x0 ../SSDSoftware_bsp//obj/HAL/src/crt0.o
 .data          0x0000000000042cc4        0x0 obj/default/Principal.o
 .data          0x0000000000042cc4        0x0 c:/intelfpga_lite/18.1/nios2eds/bin/gnu/h-x86_64-mingw32/bin/../lib/gcc/nios2-elf/5.3.0/mno-hw-mul\libgcc.a(lib2-mul.o)
 .data          0x0000000000042cc4        0x0 ../SSDSoftware_bsp/\libhal_bsp.a(alt_load.o)
 .data          0x0000000000042cc4        0x0 ../SSDSoftware_bsp/\libhal_bsp.a(alt_main.o)
 .data          0x0000000000042cc4     0x1088 ../SSDSoftware_bsp/\libhal_bsp.a(alt_sys_init.o)
 .data          0x0000000000043d4c        0x0 ../SSDSoftware_bsp/\libhal_bsp.a(altera_avalon_jtag_uart_fd.o)
 .data          0x0000000000043d4c        0x0 ../SSDSoftware_bsp/\libhal_bsp.a(altera_avalon_jtag_uart_init.o)
 .data          0x0000000000043d4c        0x0 ../SSDSoftware_bsp/\libhal_bsp.a(altera_avalon_jtag_uart_ioctl.o)
 .data          0x0000000000043d4c        0x0 ../SSDSoftware_bsp/\libhal_bsp.a(altera_avalon_jtag_uart_read.o)
 .data          0x0000000000043d4c        0x0 ../SSDSoftware_bsp/\libhal_bsp.a(altera_avalon_jtag_uart_write.o)
 .data          0x0000000000043d4c        0x0 ../SSDSoftware_bsp/\libhal_bsp.a(altera_hostfs.o)
 .data          0x0000000000043d4c        0x0 ../SSDSoftware_bsp/\libhal_bsp.a(alt_alarm_start.o)
 .data          0x0000000000043d4c        0x0 ../SSDSoftware_bsp/\libhal_bsp.a(alt_close.o)
 .data          0x0000000000043d4c        0x0 ../SSDSoftware_bsp/\libhal_bsp.a(alt_dcache_flush_all.o)
 .data          0x0000000000043d4c      0x1a8 ../SSDSoftware_bsp/\libhal_bsp.a(alt_dev.o)
                0x0000000000043d4c                alt_dev_null
                0x0000000000043d74                alt_fd_list
 .data          0x0000000000043ef4        0x0 ../SSDSoftware_bsp/\libhal_bsp.a(alt_dev_llist_insert.o)
 .data          0x0000000000043ef4        0x0 ../SSDSoftware_bsp/\libhal_bsp.a(alt_do_ctors.o)
 .data          0x0000000000043ef4        0x0 ../SSDSoftware_bsp/\libhal_bsp.a(alt_do_dtors.o)
 .data          0x0000000000043ef4        0x0 ../SSDSoftware_bsp/\libhal_bsp.a(alt_errno.o)
 .data          0x0000000000043ef4        0x0 ../SSDSoftware_bsp/\libhal_bsp.a(alt_fs_reg.o)
 .data          0x0000000000043ef4        0x0 ../SSDSoftware_bsp/\libhal_bsp.a(alt_icache_flush_all.o)
 .data          0x0000000000043ef4        0x0 ../SSDSoftware_bsp/\libhal_bsp.a(alt_iic.o)
 .data          0x0000000000043ef4        0x0 ../SSDSoftware_bsp/\libhal_bsp.a(alt_iic_isr_register.o)
 .data          0x0000000000043ef4        0x0 ../SSDSoftware_bsp/\libhal_bsp.a(alt_io_redirect.o)
 .data          0x0000000000043ef4        0x0 ../SSDSoftware_bsp/\libhal_bsp.a(alt_irq_entry.o)
 .data          0x0000000000043ef4        0x0 ../SSDSoftware_bsp/\libhal_bsp.a(alt_irq_handler.o)
 .data          0x0000000000043ef4        0x0 ../SSDSoftware_bsp/\libhal_bsp.a(alt_irq_vars.o)
 .data          0x0000000000043ef4        0x0 ../SSDSoftware_bsp/\libhal_bsp.a(alt_open.o)
 .data          0x0000000000043ef4        0x0 ../SSDSoftware_bsp/\libhal_bsp.a(alt_release_fd.o)
 .data          0x0000000000043ef4        0x0 ../SSDSoftware_bsp/\libhal_bsp.a(alt_tick.o)
 .data          0x0000000000043ef4        0x0 ../SSDSoftware_bsp/\libhal_bsp.a(altera_nios2_gen2_irq.o)
 .data          0x0000000000043ef4        0x0 ../SSDSoftware_bsp/\libhal_bsp.a(alt_exception_entry.o)
 .data          0x0000000000043ef4        0x0 ../SSDSoftware_bsp/\libhal_bsp.a(alt_find_dev.o)
 .data          0x0000000000043ef4        0x0 ../SSDSoftware_bsp/\libhal_bsp.a(alt_find_file.o)
 .data          0x0000000000043ef4        0x0 ../SSDSoftware_bsp/\libhal_bsp.a(alt_get_fd.o)
 .data          0x0000000000043ef4        0x0 ../SSDSoftware_bsp/\libhal_bsp.a(alt_instruction_exception_entry.o)
 .data          0x0000000000043ef4        0x0 c:/intelfpga_lite/18.1/nios2eds/bin/gnu/h-x86_64-mingw32/bin/../lib/gcc/nios2-elf/5.3.0/../../../../../H-x86_64-mingw32/nios2-elf/lib/mno-hw-mul\libc.a(lib_a-atexit.o)
 .data          0x0000000000043ef4        0x0 c:/intelfpga_lite/18.1/nios2eds/bin/gnu/h-x86_64-mingw32/bin/../lib/gcc/nios2-elf/5.3.0/../../../../../H-x86_64-mingw32/nios2-elf/lib/mno-hw-mul\libc.a(lib_a-exit.o)
 .data          0x0000000000043ef4        0x0 c:/intelfpga_lite/18.1/nios2eds/bin/gnu/h-x86_64-mingw32/bin/../lib/gcc/nios2-elf/5.3.0/../../../../../H-x86_64-mingw32/nios2-elf/lib/mno-hw-mul\libc.a(lib_a-impure.o)
 .data.impure_data
                0x0000000000043ef4      0x424 c:/intelfpga_lite/18.1/nios2eds/bin/gnu/h-x86_64-mingw32/bin/../lib/gcc/nios2-elf/5.3.0/../../../../../H-x86_64-mingw32/nios2-elf/lib/mno-hw-mul\libc.a(lib_a-impure.o)
 .data          0x0000000000044318        0x0 c:/intelfpga_lite/18.1/nios2eds/bin/gnu/h-x86_64-mingw32/bin/../lib/gcc/nios2-elf/5.3.0/../../../../../H-x86_64-mingw32/nios2-elf/lib/mno-hw-mul\libc.a(lib_a-int_errno.o)
 .data          0x0000000000044318        0x0 c:/intelfpga_lite/18.1/nios2eds/bin/gnu/h-x86_64-mingw32/bin/../lib/gcc/nios2-elf/5.3.0/../../../../../H-x86_64-mingw32/nios2-elf/lib/mno-hw-mul\libc.a(lib_a-memcmp.o)
 .data          0x0000000000044318        0x0 c:/intelfpga_lite/18.1/nios2eds/bin/gnu/h-x86_64-mingw32/bin/../lib/gcc/nios2-elf/5.3.0/../../../../../H-x86_64-mingw32/nios2-elf/lib/mno-hw-mul\libc.a(lib_a-memcpy.o)
 .data          0x0000000000044318        0x0 c:/intelfpga_lite/18.1/nios2eds/bin/gnu/h-x86_64-mingw32/bin/../lib/gcc/nios2-elf/5.3.0/../../../../../H-x86_64-mingw32/nios2-elf/lib/mno-hw-mul\libc.a(lib_a-strlen.o)
 .data          0x0000000000044318        0x0 c:/intelfpga_lite/18.1/nios2eds/bin/gnu/h-x86_64-mingw32/bin/../lib/gcc/nios2-elf/5.3.0/../../../../../H-x86_64-mingw32/nios2-elf/lib/mno-hw-mul\libc.a(lib_a-__atexit.o)
 .data          0x0000000000044318        0x0 c:/intelfpga_lite/18.1/nios2eds/bin/gnu/h-x86_64-mingw32/bin/../lib/gcc/nios2-elf/5.3.0/../../../../../H-x86_64-mingw32/nios2-elf/lib/mno-hw-mul\libc.a(lib_a-__call_atexit.o)
 .data          0x0000000000044318        0x0 ../SSDSoftware_bsp/\libhal_bsp.a(alt_exit.o)
                0x000000000004c318                _gp = ABSOLUTE ((. + 0x8000))
                [!provide]                        PROVIDE (gp, _gp)
 *(.rwdata .rwdata.*)
 *(.sdata .sdata.* .gnu.linkonce.s.*)
 .sdata         0x0000000000044318        0x8 obj/default/Principal.o
                0x0000000000044318                imgB
                0x000000000004431c                imgC
 .sdata         0x0000000000044320       0x46 ../SSDSoftware_bsp/\libhal_bsp.a(altera_hostfs.o)
 *fill*         0x0000000000044366        0x2 
 .sdata         0x0000000000044368       0x14 ../SSDSoftware_bsp/\libhal_bsp.a(alt_dev.o)
                0x0000000000044368                alt_fs_list
                0x0000000000044370                alt_dev_list
                0x0000000000044378                alt_max_fd
 .sdata         0x000000000004437c        0x4 ../SSDSoftware_bsp/\libhal_bsp.a(alt_errno.o)
                0x000000000004437c                alt_errno
 .sdata         0x0000000000044380        0x4 ../SSDSoftware_bsp/\libhal_bsp.a(alt_irq_vars.o)
                0x0000000000044380                alt_priority_mask
 .sdata         0x0000000000044384        0x8 ../SSDSoftware_bsp/\libhal_bsp.a(alt_tick.o)
                0x0000000000044384                alt_alarm_list
 .sdata._global_impure_ptr
                0x000000000004438c        0x4 c:/intelfpga_lite/18.1/nios2eds/bin/gnu/h-x86_64-mingw32/bin/../lib/gcc/nios2-elf/5.3.0/../../../../../H-x86_64-mingw32/nios2-elf/lib/mno-hw-mul\libc.a(lib_a-impure.o)
                0x000000000004438c                _global_impure_ptr
 .sdata._impure_ptr
                0x0000000000044390        0x4 c:/intelfpga_lite/18.1/nios2eds/bin/gnu/h-x86_64-mingw32/bin/../lib/gcc/nios2-elf/5.3.0/../../../../../H-x86_64-mingw32/nios2-elf/lib/mno-hw-mul\libc.a(lib_a-impure.o)
                0x0000000000044390                _impure_ptr
 *(.sdata2 .sdata2.* .gnu.linkonce.s2.*)
                0x0000000000044394                . = ALIGN (0x4)
                0x0000000000044394                _edata = ABSOLUTE (.)
                [!provide]                        PROVIDE (edata, ABSOLUTE (.))
                0x0000000000044394                PROVIDE (__ram_rwdata_end, ABSOLUTE (.))
                0x0000000000044394                PROVIDE (__flash_rwdata_start, LOADADDR (.rwdata))

.bss            0x0000000000045a64      0x124
                0x0000000000045a64                __bss_start = ABSOLUTE (.)
                [!provide]                        PROVIDE (__sbss_start, ABSOLUTE (.))
                [!provide]                        PROVIDE (___sbss_start, ABSOLUTE (.))
 *(.dynsbss)
 *(.sbss .sbss.* .gnu.linkonce.sb.*)
 .sbss          0x0000000000045a64        0x4 obj/default/Principal.o
                0x0000000000045a64                imgA
 .sbss          0x0000000000045a68        0xc ../SSDSoftware_bsp/\libhal_bsp.a(alt_main.o)
                0x0000000000045a68                alt_argc
                0x0000000000045a6c                alt_argv
                0x0000000000045a70                alt_envp
 .sbss          0x0000000000045a74        0x4 ../SSDSoftware_bsp/\libhal_bsp.a(alt_irq_vars.o)
                0x0000000000045a74                alt_irq_active
 .sbss          0x0000000000045a78        0x8 ../SSDSoftware_bsp/\libhal_bsp.a(alt_tick.o)
                0x0000000000045a78                _alt_tick_rate
                0x0000000000045a7c                _alt_nticks
 .sbss          0x0000000000045a80        0x4 ../SSDSoftware_bsp/\libhal_bsp.a(alt_instruction_exception_entry.o)
                0x0000000000045a80                alt_instruction_exception_handler
 .sbss          0x0000000000045a84        0x4 c:/intelfpga_lite/18.1/nios2eds/bin/gnu/h-x86_64-mingw32/bin/../lib/gcc/nios2-elf/5.3.0/../../../../../H-x86_64-mingw32/nios2-elf/lib/mno-hw-mul\libc.a(lib_a-int_errno.o)
                0x0000000000045a84                errno
 *(.sbss2 .sbss2.* .gnu.linkonce.sb2.*)
 *(.scommon)
                [!provide]                        PROVIDE (__sbss_end, ABSOLUTE (.))
                [!provide]                        PROVIDE (___sbss_end, ABSOLUTE (.))
 *(.dynbss)
 *(.bss .bss.* .gnu.linkonce.b.*)
 .bss           0x0000000000045a88        0x0 ../SSDSoftware_bsp//obj/HAL/src/crt0.o
 .bss           0x0000000000045a88        0x0 obj/default/Principal.o
 .bss           0x0000000000045a88        0x0 c:/intelfpga_lite/18.1/nios2eds/bin/gnu/h-x86_64-mingw32/bin/../lib/gcc/nios2-elf/5.3.0/mno-hw-mul\libgcc.a(lib2-mul.o)
 .bss           0x0000000000045a88        0x0 ../SSDSoftware_bsp/\libhal_bsp.a(alt_load.o)
 .bss           0x0000000000045a88        0x0 ../SSDSoftware_bsp/\libhal_bsp.a(alt_main.o)
 .bss           0x0000000000045a88        0x0 ../SSDSoftware_bsp/\libhal_bsp.a(alt_sys_init.o)
 .bss           0x0000000000045a88        0x0 ../SSDSoftware_bsp/\libhal_bsp.a(altera_avalon_jtag_uart_fd.o)
 .bss           0x0000000000045a88        0x0 ../SSDSoftware_bsp/\libhal_bsp.a(altera_avalon_jtag_uart_init.o)
 .bss           0x0000000000045a88        0x0 ../SSDSoftware_bsp/\libhal_bsp.a(altera_avalon_jtag_uart_ioctl.o)
 .bss           0x0000000000045a88        0x0 ../SSDSoftware_bsp/\libhal_bsp.a(altera_avalon_jtag_uart_read.o)
 .bss           0x0000000000045a88        0x0 ../SSDSoftware_bsp/\libhal_bsp.a(altera_avalon_jtag_uart_write.o)
 .bss           0x0000000000045a88        0x0 ../SSDSoftware_bsp/\libhal_bsp.a(altera_hostfs.o)
 .bss           0x0000000000045a88        0x0 ../SSDSoftware_bsp/\libhal_bsp.a(alt_alarm_start.o)
 .bss           0x0000000000045a88        0x0 ../SSDSoftware_bsp/\libhal_bsp.a(alt_close.o)
 .bss           0x0000000000045a88        0x0 ../SSDSoftware_bsp/\libhal_bsp.a(alt_dcache_flush_all.o)
 .bss           0x0000000000045a88        0x0 ../SSDSoftware_bsp/\libhal_bsp.a(alt_dev.o)
 .bss           0x0000000000045a88        0x0 ../SSDSoftware_bsp/\libhal_bsp.a(alt_dev_llist_insert.o)
 .bss           0x0000000000045a88        0x0 ../SSDSoftware_bsp/\libhal_bsp.a(alt_do_ctors.o)
 .bss           0x0000000000045a88        0x0 ../SSDSoftware_bsp/\libhal_bsp.a(alt_do_dtors.o)
 .bss           0x0000000000045a88        0x0 ../SSDSoftware_bsp/\libhal_bsp.a(alt_errno.o)
 .bss           0x0000000000045a88        0x0 ../SSDSoftware_bsp/\libhal_bsp.a(alt_fs_reg.o)
 .bss           0x0000000000045a88        0x0 ../SSDSoftware_bsp/\libhal_bsp.a(alt_icache_flush_all.o)
 .bss           0x0000000000045a88        0x0 ../SSDSoftware_bsp/\libhal_bsp.a(alt_iic.o)
 .bss           0x0000000000045a88        0x0 ../SSDSoftware_bsp/\libhal_bsp.a(alt_iic_isr_register.o)
 .bss           0x0000000000045a88        0x0 ../SSDSoftware_bsp/\libhal_bsp.a(alt_io_redirect.o)
 .bss           0x0000000000045a88        0x0 ../SSDSoftware_bsp/\libhal_bsp.a(alt_irq_entry.o)
 .bss           0x0000000000045a88        0x0 ../SSDSoftware_bsp/\libhal_bsp.a(alt_irq_handler.o)
 .bss           0x0000000000045a88        0x0 ../SSDSoftware_bsp/\libhal_bsp.a(alt_irq_vars.o)
 .bss           0x0000000000045a88        0x0 ../SSDSoftware_bsp/\libhal_bsp.a(alt_open.o)
 .bss           0x0000000000045a88        0x0 ../SSDSoftware_bsp/\libhal_bsp.a(alt_release_fd.o)
 .bss           0x0000000000045a88        0x0 ../SSDSoftware_bsp/\libhal_bsp.a(alt_tick.o)
 .bss           0x0000000000045a88        0x0 ../SSDSoftware_bsp/\libhal_bsp.a(altera_nios2_gen2_irq.o)
 .bss           0x0000000000045a88        0x0 ../SSDSoftware_bsp/\libhal_bsp.a(alt_exception_entry.o)
 .bss           0x0000000000045a88        0x0 ../SSDSoftware_bsp/\libhal_bsp.a(alt_find_dev.o)
 .bss           0x0000000000045a88        0x0 ../SSDSoftware_bsp/\libhal_bsp.a(alt_find_file.o)
 .bss           0x0000000000045a88        0x0 ../SSDSoftware_bsp/\libhal_bsp.a(alt_get_fd.o)
 .bss           0x0000000000045a88        0x0 ../SSDSoftware_bsp/\libhal_bsp.a(alt_instruction_exception_entry.o)
 .bss           0x0000000000045a88        0x0 c:/intelfpga_lite/18.1/nios2eds/bin/gnu/h-x86_64-mingw32/bin/../lib/gcc/nios2-elf/5.3.0/../../../../../H-x86_64-mingw32/nios2-elf/lib/mno-hw-mul\libc.a(lib_a-atexit.o)
 .bss           0x0000000000045a88        0x0 c:/intelfpga_lite/18.1/nios2eds/bin/gnu/h-x86_64-mingw32/bin/../lib/gcc/nios2-elf/5.3.0/../../../../../H-x86_64-mingw32/nios2-elf/lib/mno-hw-mul\libc.a(lib_a-exit.o)
 .bss           0x0000000000045a88        0x0 c:/intelfpga_lite/18.1/nios2eds/bin/gnu/h-x86_64-mingw32/bin/../lib/gcc/nios2-elf/5.3.0/../../../../../H-x86_64-mingw32/nios2-elf/lib/mno-hw-mul\libc.a(lib_a-impure.o)
 .bss           0x0000000000045a88        0x0 c:/intelfpga_lite/18.1/nios2eds/bin/gnu/h-x86_64-mingw32/bin/../lib/gcc/nios2-elf/5.3.0/../../../../../H-x86_64-mingw32/nios2-elf/lib/mno-hw-mul\libc.a(lib_a-int_errno.o)
 .bss           0x0000000000045a88        0x0 c:/intelfpga_lite/18.1/nios2eds/bin/gnu/h-x86_64-mingw32/bin/../lib/gcc/nios2-elf/5.3.0/../../../../../H-x86_64-mingw32/nios2-elf/lib/mno-hw-mul\libc.a(lib_a-memcmp.o)
 .bss           0x0000000000045a88        0x0 c:/intelfpga_lite/18.1/nios2eds/bin/gnu/h-x86_64-mingw32/bin/../lib/gcc/nios2-elf/5.3.0/../../../../../H-x86_64-mingw32/nios2-elf/lib/mno-hw-mul\libc.a(lib_a-memcpy.o)
 .bss           0x0000000000045a88        0x0 c:/intelfpga_lite/18.1/nios2eds/bin/gnu/h-x86_64-mingw32/bin/../lib/gcc/nios2-elf/5.3.0/../../../../../H-x86_64-mingw32/nios2-elf/lib/mno-hw-mul\libc.a(lib_a-strlen.o)
 .bss           0x0000000000045a88        0x0 c:/intelfpga_lite/18.1/nios2eds/bin/gnu/h-x86_64-mingw32/bin/../lib/gcc/nios2-elf/5.3.0/../../../../../H-x86_64-mingw32/nios2-elf/lib/mno-hw-mul\libc.a(lib_a-__atexit.o)
 .bss           0x0000000000045a88        0x0 c:/intelfpga_lite/18.1/nios2eds/bin/gnu/h-x86_64-mingw32/bin/../lib/gcc/nios2-elf/5.3.0/../../../../../H-x86_64-mingw32/nios2-elf/lib/mno-hw-mul\libc.a(lib_a-__call_atexit.o)
 .bss           0x0000000000045a88        0x0 ../SSDSoftware_bsp/\libhal_bsp.a(alt_exit.o)
 *(COMMON)
 COMMON         0x0000000000045a88      0x100 ../SSDSoftware_bsp/\libhal_bsp.a(alt_irq_handler.o)
                0x0000000000045a88                alt_irq
                0x0000000000045b88                . = ALIGN (0x4)
                0x0000000000045b88                __bss_end = ABSOLUTE (.)

.ImagemA        0x0000000000000000        0x0 load address 0x0000000000045b88
                [!provide]                        PROVIDE (_alt_partition_ImagemA_start, ABSOLUTE (.))
 *(.ImagemA .ImagemA. ImagemA.*)
                0x0000000000000000                . = ALIGN (0x4)
                [!provide]                        PROVIDE (_alt_partition_ImagemA_end, ABSOLUTE (.))
                [!provide]                        PROVIDE (_alt_partition_ImagemA_load_addr, LOADADDR (.ImagemA))

.ImagemC        0x0000000000020000        0x0 load address 0x0000000000045b88
                [!provide]                        PROVIDE (_alt_partition_ImagemC_start, ABSOLUTE (.))
 *(.ImagemC .ImagemC. ImagemC.*)
                0x0000000000020000                . = ALIGN (0x4)
                [!provide]                        PROVIDE (_alt_partition_ImagemC_end, ABSOLUTE (.))
                [!provide]                        PROVIDE (_alt_partition_ImagemC_load_addr, LOADADDR (.ImagemC))

.ImagemB        0x0000000000030000        0x0 load address 0x0000000000045b88
                [!provide]                        PROVIDE (_alt_partition_ImagemB_start, ABSOLUTE (.))
 *(.ImagemB .ImagemB. ImagemB.*)
                0x0000000000030000                . = ALIGN (0x4)
                [!provide]                        PROVIDE (_alt_partition_ImagemB_end, ABSOLUTE (.))
                [!provide]                        PROVIDE (_alt_partition_ImagemB_load_addr, LOADADDR (.ImagemB))

.MemoriaPrograma
                0x0000000000045b88        0x0
                [!provide]                        PROVIDE (_alt_partition_MemoriaPrograma_start, ABSOLUTE (.))
 *(.MemoriaPrograma .MemoriaPrograma. MemoriaPrograma.*)
                0x0000000000045b88                . = ALIGN (0x4)
                [!provide]                        PROVIDE (_alt_partition_MemoriaPrograma_end, ABSOLUTE (.))
                0x0000000000045b88                _end = ABSOLUTE (.)
                0x0000000000045b88                end = ABSOLUTE (.)
                0x0000000000045b88                __alt_stack_base = ABSOLUTE (.)
                [!provide]                        PROVIDE (_alt_partition_MemoriaPrograma_load_addr, LOADADDR (.MemoriaPrograma))

.stab
 *(.stab)

.stabstr
 *(.stabstr)

.stab.excl
 *(.stab.excl)

.stab.exclstr
 *(.stab.exclstr)

.stab.index
 *(.stab.index)

.stab.indexstr
 *(.stab.indexstr)

.comment        0x0000000000000000       0x23
 *(.comment)
 .comment       0x0000000000000000       0x23 obj/default/Principal.o
                                         0x24 (size before relaxing)
 .comment       0x0000000000000023       0x24 c:/intelfpga_lite/18.1/nios2eds/bin/gnu/h-x86_64-mingw32/bin/../lib/gcc/nios2-elf/5.3.0/mno-hw-mul\libgcc.a(lib2-mul.o)
 .comment       0x0000000000000023       0x24 ../SSDSoftware_bsp/\libhal_bsp.a(alt_load.o)
 .comment       0x0000000000000023       0x24 ../SSDSoftware_bsp/\libhal_bsp.a(alt_main.o)
 .comment       0x0000000000000023       0x24 ../SSDSoftware_bsp/\libhal_bsp.a(alt_sys_init.o)
 .comment       0x0000000000000023       0x24 ../SSDSoftware_bsp/\libhal_bsp.a(altera_avalon_jtag_uart_fd.o)
 .comment       0x0000000000000023       0x24 ../SSDSoftware_bsp/\libhal_bsp.a(altera_avalon_jtag_uart_init.o)
 .comment       0x0000000000000023       0x24 ../SSDSoftware_bsp/\libhal_bsp.a(altera_avalon_jtag_uart_ioctl.o)
 .comment       0x0000000000000023       0x24 ../SSDSoftware_bsp/\libhal_bsp.a(altera_avalon_jtag_uart_read.o)
 .comment       0x0000000000000023       0x24 ../SSDSoftware_bsp/\libhal_bsp.a(altera_avalon_jtag_uart_write.o)
 .comment       0x0000000000000023       0x24 ../SSDSoftware_bsp/\libhal_bsp.a(altera_hostfs.o)
 .comment       0x0000000000000023       0x24 ../SSDSoftware_bsp/\libhal_bsp.a(alt_alarm_start.o)
 .comment       0x0000000000000023       0x24 ../SSDSoftware_bsp/\libhal_bsp.a(alt_close.o)
 .comment       0x0000000000000023       0x24 ../SSDSoftware_bsp/\libhal_bsp.a(alt_dcache_flush_all.o)
 .comment       0x0000000000000023       0x24 ../SSDSoftware_bsp/\libhal_bsp.a(alt_dev.o)
 .comment       0x0000000000000023       0x24 ../SSDSoftware_bsp/\libhal_bsp.a(alt_dev_llist_insert.o)
 .comment       0x0000000000000023       0x24 ../SSDSoftware_bsp/\libhal_bsp.a(alt_do_ctors.o)
 .comment       0x0000000000000023       0x24 ../SSDSoftware_bsp/\libhal_bsp.a(alt_do_dtors.o)
 .comment       0x0000000000000023       0x24 ../SSDSoftware_bsp/\libhal_bsp.a(alt_errno.o)
 .comment       0x0000000000000023       0x24 ../SSDSoftware_bsp/\libhal_bsp.a(alt_fs_reg.o)
 .comment       0x0000000000000023       0x24 ../SSDSoftware_bsp/\libhal_bsp.a(alt_icache_flush_all.o)
 .comment       0x0000000000000023       0x24 ../SSDSoftware_bsp/\libhal_bsp.a(alt_iic.o)
 .comment       0x0000000000000023       0x24 ../SSDSoftware_bsp/\libhal_bsp.a(alt_iic_isr_register.o)
 .comment       0x0000000000000023       0x24 ../SSDSoftware_bsp/\libhal_bsp.a(alt_io_redirect.o)
 .comment       0x0000000000000023       0x24 ../SSDSoftware_bsp/\libhal_bsp.a(alt_irq_handler.o)
 .comment       0x0000000000000023       0x24 ../SSDSoftware_bsp/\libhal_bsp.a(alt_irq_vars.o)
 .comment       0x0000000000000023       0x24 ../SSDSoftware_bsp/\libhal_bsp.a(alt_open.o)
 .comment       0x0000000000000023       0x24 ../SSDSoftware_bsp/\libhal_bsp.a(alt_release_fd.o)
 .comment       0x0000000000000023       0x24 ../SSDSoftware_bsp/\libhal_bsp.a(alt_tick.o)
 .comment       0x0000000000000023       0x24 ../SSDSoftware_bsp/\libhal_bsp.a(altera_nios2_gen2_irq.o)
 .comment       0x0000000000000023       0x24 ../SSDSoftware_bsp/\libhal_bsp.a(alt_find_dev.o)
 .comment       0x0000000000000023       0x24 ../SSDSoftware_bsp/\libhal_bsp.a(alt_find_file.o)
 .comment       0x0000000000000023       0x24 ../SSDSoftware_bsp/\libhal_bsp.a(alt_get_fd.o)
 .comment       0x0000000000000023       0x24 ../SSDSoftware_bsp/\libhal_bsp.a(alt_instruction_exception_entry.o)
 .comment       0x0000000000000023       0x24 c:/intelfpga_lite/18.1/nios2eds/bin/gnu/h-x86_64-mingw32/bin/../lib/gcc/nios2-elf/5.3.0/../../../../../H-x86_64-mingw32/nios2-elf/lib/mno-hw-mul\libc.a(lib_a-atexit.o)
 .comment       0x0000000000000023       0x24 c:/intelfpga_lite/18.1/nios2eds/bin/gnu/h-x86_64-mingw32/bin/../lib/gcc/nios2-elf/5.3.0/../../../../../H-x86_64-mingw32/nios2-elf/lib/mno-hw-mul\libc.a(lib_a-exit.o)
 .comment       0x0000000000000023       0x24 c:/intelfpga_lite/18.1/nios2eds/bin/gnu/h-x86_64-mingw32/bin/../lib/gcc/nios2-elf/5.3.0/../../../../../H-x86_64-mingw32/nios2-elf/lib/mno-hw-mul\libc.a(lib_a-impure.o)
 .comment       0x0000000000000023       0x24 c:/intelfpga_lite/18.1/nios2eds/bin/gnu/h-x86_64-mingw32/bin/../lib/gcc/nios2-elf/5.3.0/../../../../../H-x86_64-mingw32/nios2-elf/lib/mno-hw-mul\libc.a(lib_a-int_errno.o)
 .comment       0x0000000000000023       0x24 c:/intelfpga_lite/18.1/nios2eds/bin/gnu/h-x86_64-mingw32/bin/../lib/gcc/nios2-elf/5.3.0/../../../../../H-x86_64-mingw32/nios2-elf/lib/mno-hw-mul\libc.a(lib_a-memcmp.o)
 .comment       0x0000000000000023       0x24 c:/intelfpga_lite/18.1/nios2eds/bin/gnu/h-x86_64-mingw32/bin/../lib/gcc/nios2-elf/5.3.0/../../../../../H-x86_64-mingw32/nios2-elf/lib/mno-hw-mul\libc.a(lib_a-memcpy.o)
 .comment       0x0000000000000023       0x24 c:/intelfpga_lite/18.1/nios2eds/bin/gnu/h-x86_64-mingw32/bin/../lib/gcc/nios2-elf/5.3.0/../../../../../H-x86_64-mingw32/nios2-elf/lib/mno-hw-mul\libc.a(lib_a-strlen.o)
 .comment       0x0000000000000023       0x24 c:/intelfpga_lite/18.1/nios2eds/bin/gnu/h-x86_64-mingw32/bin/../lib/gcc/nios2-elf/5.3.0/../../../../../H-x86_64-mingw32/nios2-elf/lib/mno-hw-mul\libc.a(lib_a-__atexit.o)
 .comment       0x0000000000000023       0x24 c:/intelfpga_lite/18.1/nios2eds/bin/gnu/h-x86_64-mingw32/bin/../lib/gcc/nios2-elf/5.3.0/../../../../../H-x86_64-mingw32/nios2-elf/lib/mno-hw-mul\libc.a(lib_a-__call_atexit.o)
 .comment       0x0000000000000023       0x24 ../SSDSoftware_bsp/\libhal_bsp.a(alt_exit.o)

.debug
 *(.debug)

.line
 *(.line)

.debug_srcinfo
 *(.debug_srcinfo)

.debug_sfnames
 *(.debug_sfnames)

.debug_aranges  0x0000000000000000      0x5f8
 *(.debug_aranges)
 .debug_aranges
                0x0000000000000000       0x28 ../SSDSoftware_bsp//obj/HAL/src/crt0.o
 .debug_aranges
                0x0000000000000028       0x20 obj/default/Principal.o
 .debug_aranges
                0x0000000000000048       0x20 c:/intelfpga_lite/18.1/nios2eds/bin/gnu/h-x86_64-mingw32/bin/../lib/gcc/nios2-elf/5.3.0/mno-hw-mul\libgcc.a(lib2-mul.o)
 .debug_aranges
                0x0000000000000068       0x20 ../SSDSoftware_bsp/\libhal_bsp.a(alt_load.o)
 .debug_aranges
                0x0000000000000088       0x20 ../SSDSoftware_bsp/\libhal_bsp.a(alt_main.o)
 .debug_aranges
                0x00000000000000a8       0x20 ../SSDSoftware_bsp/\libhal_bsp.a(alt_sys_init.o)
 .debug_aranges
                0x00000000000000c8       0x20 ../SSDSoftware_bsp/\libhal_bsp.a(altera_avalon_jtag_uart_fd.o)
 .debug_aranges
                0x00000000000000e8       0x20 ../SSDSoftware_bsp/\libhal_bsp.a(altera_avalon_jtag_uart_init.o)
 .debug_aranges
                0x0000000000000108       0x20 ../SSDSoftware_bsp/\libhal_bsp.a(altera_avalon_jtag_uart_ioctl.o)
 .debug_aranges
                0x0000000000000128       0x20 ../SSDSoftware_bsp/\libhal_bsp.a(altera_avalon_jtag_uart_read.o)
 .debug_aranges
                0x0000000000000148       0x20 ../SSDSoftware_bsp/\libhal_bsp.a(altera_avalon_jtag_uart_write.o)
 .debug_aranges
                0x0000000000000168       0x20 ../SSDSoftware_bsp/\libhal_bsp.a(altera_hostfs.o)
 .debug_aranges
                0x0000000000000188       0x20 ../SSDSoftware_bsp/\libhal_bsp.a(alt_alarm_start.o)
 .debug_aranges
                0x00000000000001a8       0x20 ../SSDSoftware_bsp/\libhal_bsp.a(alt_close.o)
 .debug_aranges
                0x00000000000001c8       0x20 ../SSDSoftware_bsp/\libhal_bsp.a(alt_dcache_flush_all.o)
 .debug_aranges
                0x00000000000001e8       0x20 ../SSDSoftware_bsp/\libhal_bsp.a(alt_dev.o)
 .debug_aranges
                0x0000000000000208       0x20 ../SSDSoftware_bsp/\libhal_bsp.a(alt_dev_llist_insert.o)
 .debug_aranges
                0x0000000000000228       0x20 ../SSDSoftware_bsp/\libhal_bsp.a(alt_do_ctors.o)
 .debug_aranges
                0x0000000000000248       0x20 ../SSDSoftware_bsp/\libhal_bsp.a(alt_do_dtors.o)
 .debug_aranges
                0x0000000000000268       0x18 ../SSDSoftware_bsp/\libhal_bsp.a(alt_errno.o)
 .debug_aranges
                0x0000000000000280       0x20 ../SSDSoftware_bsp/\libhal_bsp.a(alt_fs_reg.o)
 .debug_aranges
                0x00000000000002a0       0x20 ../SSDSoftware_bsp/\libhal_bsp.a(alt_icache_flush_all.o)
 .debug_aranges
                0x00000000000002c0       0x20 ../SSDSoftware_bsp/\libhal_bsp.a(alt_iic.o)
 .debug_aranges
                0x00000000000002e0       0x20 ../SSDSoftware_bsp/\libhal_bsp.a(alt_iic_isr_register.o)
 .debug_aranges
                0x0000000000000300       0x20 ../SSDSoftware_bsp/\libhal_bsp.a(alt_io_redirect.o)
 .debug_aranges
                0x0000000000000320       0x30 ../SSDSoftware_bsp/\libhal_bsp.a(alt_irq_entry.o)
 .debug_aranges
                0x0000000000000350       0x20 ../SSDSoftware_bsp/\libhal_bsp.a(alt_irq_handler.o)
 .debug_aranges
                0x0000000000000370       0x18 ../SSDSoftware_bsp/\libhal_bsp.a(alt_irq_vars.o)
 .debug_aranges
                0x0000000000000388       0x20 ../SSDSoftware_bsp/\libhal_bsp.a(alt_open.o)
 .debug_aranges
                0x00000000000003a8       0x20 ../SSDSoftware_bsp/\libhal_bsp.a(alt_release_fd.o)
 .debug_aranges
                0x00000000000003c8       0x20 ../SSDSoftware_bsp/\libhal_bsp.a(alt_tick.o)
 .debug_aranges
                0x00000000000003e8       0x20 ../SSDSoftware_bsp/\libhal_bsp.a(altera_nios2_gen2_irq.o)
 .debug_aranges
                0x0000000000000408       0x38 ../SSDSoftware_bsp/\libhal_bsp.a(alt_exception_entry.o)
 .debug_aranges
                0x0000000000000440       0x20 ../SSDSoftware_bsp/\libhal_bsp.a(alt_find_dev.o)
 .debug_aranges
                0x0000000000000460       0x20 ../SSDSoftware_bsp/\libhal_bsp.a(alt_find_file.o)
 .debug_aranges
                0x0000000000000480       0x20 ../SSDSoftware_bsp/\libhal_bsp.a(alt_get_fd.o)
 .debug_aranges
                0x00000000000004a0       0x28 ../SSDSoftware_bsp/\libhal_bsp.a(alt_instruction_exception_entry.o)
 .debug_aranges
                0x00000000000004c8       0x20 c:/intelfpga_lite/18.1/nios2eds/bin/gnu/h-x86_64-mingw32/bin/../lib/gcc/nios2-elf/5.3.0/../../../../../H-x86_64-mingw32/nios2-elf/lib/mno-hw-mul\libc.a(lib_a-atexit.o)
 .debug_aranges
                0x00000000000004e8       0x20 c:/intelfpga_lite/18.1/nios2eds/bin/gnu/h-x86_64-mingw32/bin/../lib/gcc/nios2-elf/5.3.0/../../../../../H-x86_64-mingw32/nios2-elf/lib/mno-hw-mul\libc.a(lib_a-exit.o)
 .debug_aranges
                0x0000000000000508       0x18 c:/intelfpga_lite/18.1/nios2eds/bin/gnu/h-x86_64-mingw32/bin/../lib/gcc/nios2-elf/5.3.0/../../../../../H-x86_64-mingw32/nios2-elf/lib/mno-hw-mul\libc.a(lib_a-impure.o)
 .debug_aranges
                0x0000000000000520       0x18 c:/intelfpga_lite/18.1/nios2eds/bin/gnu/h-x86_64-mingw32/bin/../lib/gcc/nios2-elf/5.3.0/../../../../../H-x86_64-mingw32/nios2-elf/lib/mno-hw-mul\libc.a(lib_a-int_errno.o)
 .debug_aranges
                0x0000000000000538       0x20 c:/intelfpga_lite/18.1/nios2eds/bin/gnu/h-x86_64-mingw32/bin/../lib/gcc/nios2-elf/5.3.0/../../../../../H-x86_64-mingw32/nios2-elf/lib/mno-hw-mul\libc.a(lib_a-memcmp.o)
 .debug_aranges
                0x0000000000000558       0x20 c:/intelfpga_lite/18.1/nios2eds/bin/gnu/h-x86_64-mingw32/bin/../lib/gcc/nios2-elf/5.3.0/../../../../../H-x86_64-mingw32/nios2-elf/lib/mno-hw-mul\libc.a(lib_a-memcpy.o)
 .debug_aranges
                0x0000000000000578       0x20 c:/intelfpga_lite/18.1/nios2eds/bin/gnu/h-x86_64-mingw32/bin/../lib/gcc/nios2-elf/5.3.0/../../../../../H-x86_64-mingw32/nios2-elf/lib/mno-hw-mul\libc.a(lib_a-strlen.o)
 .debug_aranges
                0x0000000000000598       0x20 c:/intelfpga_lite/18.1/nios2eds/bin/gnu/h-x86_64-mingw32/bin/../lib/gcc/nios2-elf/5.3.0/../../../../../H-x86_64-mingw32/nios2-elf/lib/mno-hw-mul\libc.a(lib_a-__atexit.o)
 .debug_aranges
                0x00000000000005b8       0x20 c:/intelfpga_lite/18.1/nios2eds/bin/gnu/h-x86_64-mingw32/bin/../lib/gcc/nios2-elf/5.3.0/../../../../../H-x86_64-mingw32/nios2-elf/lib/mno-hw-mul\libc.a(lib_a-__call_atexit.o)
 .debug_aranges
                0x00000000000005d8       0x20 ../SSDSoftware_bsp/\libhal_bsp.a(alt_exit.o)

.debug_pubnames
 *(.debug_pubnames)

.debug_info     0x0000000000000000     0x8235
 *(.debug_info .gnu.linkonce.wi.*)
 .debug_info    0x0000000000000000       0x71 ../SSDSoftware_bsp//obj/HAL/src/crt0.o
 .debug_info    0x0000000000000071       0xec obj/default/Principal.o
 .debug_info    0x000000000000015d       0xb4 c:/intelfpga_lite/18.1/nios2eds/bin/gnu/h-x86_64-mingw32/bin/../lib/gcc/nios2-elf/5.3.0/mno-hw-mul\libgcc.a(lib2-mul.o)
 .debug_info    0x0000000000000211      0x145 ../SSDSoftware_bsp/\libhal_bsp.a(alt_load.o)
 .debug_info    0x0000000000000356      0x131 ../SSDSoftware_bsp/\libhal_bsp.a(alt_main.o)
 .debug_info    0x0000000000000487      0x4f8 ../SSDSoftware_bsp/\libhal_bsp.a(alt_sys_init.o)
 .debug_info    0x000000000000097f      0x52e ../SSDSoftware_bsp/\libhal_bsp.a(altera_avalon_jtag_uart_fd.o)
 .debug_info    0x0000000000000ead      0x3a0 ../SSDSoftware_bsp/\libhal_bsp.a(altera_avalon_jtag_uart_init.o)
 .debug_info    0x000000000000124d      0x280 ../SSDSoftware_bsp/\libhal_bsp.a(altera_avalon_jtag_uart_ioctl.o)
 .debug_info    0x00000000000014cd      0x345 ../SSDSoftware_bsp/\libhal_bsp.a(altera_avalon_jtag_uart_read.o)
 .debug_info    0x0000000000001812      0x340 ../SSDSoftware_bsp/\libhal_bsp.a(altera_avalon_jtag_uart_write.o)
 .debug_info    0x0000000000001b52      0x9c4 ../SSDSoftware_bsp/\libhal_bsp.a(altera_hostfs.o)
 .debug_info    0x0000000000002516      0x2cc ../SSDSoftware_bsp/\libhal_bsp.a(alt_alarm_start.o)
 .debug_info    0x00000000000027e2      0x321 ../SSDSoftware_bsp/\libhal_bsp.a(alt_close.o)
 .debug_info    0x0000000000002b03       0x92 ../SSDSoftware_bsp/\libhal_bsp.a(alt_dcache_flush_all.o)
 .debug_info    0x0000000000002b95      0x49c ../SSDSoftware_bsp/\libhal_bsp.a(alt_dev.o)
 .debug_info    0x0000000000003031      0x1a9 ../SSDSoftware_bsp/\libhal_bsp.a(alt_dev_llist_insert.o)
 .debug_info    0x00000000000031da       0x83 ../SSDSoftware_bsp/\libhal_bsp.a(alt_do_ctors.o)
 .debug_info    0x000000000000325d       0x83 ../SSDSoftware_bsp/\libhal_bsp.a(alt_do_dtors.o)
 .debug_info    0x00000000000032e0       0xa6 ../SSDSoftware_bsp/\libhal_bsp.a(alt_errno.o)
 .debug_info    0x0000000000003386      0x302 ../SSDSoftware_bsp/\libhal_bsp.a(alt_fs_reg.o)
 .debug_info    0x0000000000003688       0x92 ../SSDSoftware_bsp/\libhal_bsp.a(alt_icache_flush_all.o)
 .debug_info    0x000000000000371a      0x350 ../SSDSoftware_bsp/\libhal_bsp.a(alt_iic.o)
 .debug_info    0x0000000000003a6a      0x1ef ../SSDSoftware_bsp/\libhal_bsp.a(alt_iic_isr_register.o)
 .debug_info    0x0000000000003c59      0x4a5 ../SSDSoftware_bsp/\libhal_bsp.a(alt_io_redirect.o)
 .debug_info    0x00000000000040fe       0x7a ../SSDSoftware_bsp/\libhal_bsp.a(alt_irq_entry.o)
 .debug_info    0x0000000000004178      0x187 ../SSDSoftware_bsp/\libhal_bsp.a(alt_irq_handler.o)
 .debug_info    0x00000000000042ff       0x88 ../SSDSoftware_bsp/\libhal_bsp.a(alt_irq_vars.o)
 .debug_info    0x0000000000004387      0x3bb ../SSDSoftware_bsp/\libhal_bsp.a(alt_open.o)
 .debug_info    0x0000000000004742      0x2b0 ../SSDSoftware_bsp/\libhal_bsp.a(alt_release_fd.o)
 .debug_info    0x00000000000049f2      0x299 ../SSDSoftware_bsp/\libhal_bsp.a(alt_tick.o)
 .debug_info    0x0000000000004c8b       0x92 ../SSDSoftware_bsp/\libhal_bsp.a(altera_nios2_gen2_irq.o)
 .debug_info    0x0000000000004d1d       0x80 ../SSDSoftware_bsp/\libhal_bsp.a(alt_exception_entry.o)
 .debug_info    0x0000000000004d9d      0x2e9 ../SSDSoftware_bsp/\libhal_bsp.a(alt_find_dev.o)
 .debug_info    0x0000000000005086      0x2e6 ../SSDSoftware_bsp/\libhal_bsp.a(alt_find_file.o)
 .debug_info    0x000000000000536c      0x310 ../SSDSoftware_bsp/\libhal_bsp.a(alt_get_fd.o)
 .debug_info    0x000000000000567c      0x1e7 ../SSDSoftware_bsp/\libhal_bsp.a(alt_instruction_exception_entry.o)
 .debug_info    0x0000000000005863       0xfe c:/intelfpga_lite/18.1/nios2eds/bin/gnu/h-x86_64-mingw32/bin/../lib/gcc/nios2-elf/5.3.0/../../../../../H-x86_64-mingw32/nios2-elf/lib/mno-hw-mul\libc.a(lib_a-atexit.o)
 .debug_info    0x0000000000005961      0x8e4 c:/intelfpga_lite/18.1/nios2eds/bin/gnu/h-x86_64-mingw32/bin/../lib/gcc/nios2-elf/5.3.0/../../../../../H-x86_64-mingw32/nios2-elf/lib/mno-hw-mul\libc.a(lib_a-exit.o)
 .debug_info    0x0000000000006245      0x8a1 c:/intelfpga_lite/18.1/nios2eds/bin/gnu/h-x86_64-mingw32/bin/../lib/gcc/nios2-elf/5.3.0/../../../../../H-x86_64-mingw32/nios2-elf/lib/mno-hw-mul\libc.a(lib_a-impure.o)
 .debug_info    0x0000000000006ae6       0x8a c:/intelfpga_lite/18.1/nios2eds/bin/gnu/h-x86_64-mingw32/bin/../lib/gcc/nios2-elf/5.3.0/../../../../../H-x86_64-mingw32/nios2-elf/lib/mno-hw-mul\libc.a(lib_a-int_errno.o)
 .debug_info    0x0000000000006b70      0x11a c:/intelfpga_lite/18.1/nios2eds/bin/gnu/h-x86_64-mingw32/bin/../lib/gcc/nios2-elf/5.3.0/../../../../../H-x86_64-mingw32/nios2-elf/lib/mno-hw-mul\libc.a(lib_a-memcmp.o)
 .debug_info    0x0000000000006c8a      0x144 c:/intelfpga_lite/18.1/nios2eds/bin/gnu/h-x86_64-mingw32/bin/../lib/gcc/nios2-elf/5.3.0/../../../../../H-x86_64-mingw32/nios2-elf/lib/mno-hw-mul\libc.a(lib_a-memcpy.o)
 .debug_info    0x0000000000006dce       0xe2 c:/intelfpga_lite/18.1/nios2eds/bin/gnu/h-x86_64-mingw32/bin/../lib/gcc/nios2-elf/5.3.0/../../../../../H-x86_64-mingw32/nios2-elf/lib/mno-hw-mul\libc.a(lib_a-strlen.o)
 .debug_info    0x0000000000006eb0      0x934 c:/intelfpga_lite/18.1/nios2eds/bin/gnu/h-x86_64-mingw32/bin/../lib/gcc/nios2-elf/5.3.0/../../../../../H-x86_64-mingw32/nios2-elf/lib/mno-hw-mul\libc.a(lib_a-__atexit.o)
 .debug_info    0x00000000000077e4      0x965 c:/intelfpga_lite/18.1/nios2eds/bin/gnu/h-x86_64-mingw32/bin/../lib/gcc/nios2-elf/5.3.0/../../../../../H-x86_64-mingw32/nios2-elf/lib/mno-hw-mul\libc.a(lib_a-__call_atexit.o)
 .debug_info    0x0000000000008149       0xec ../SSDSoftware_bsp/\libhal_bsp.a(alt_exit.o)

.debug_abbrev   0x0000000000000000     0x2c25
 *(.debug_abbrev)
 .debug_abbrev  0x0000000000000000       0x12 ../SSDSoftware_bsp//obj/HAL/src/crt0.o
 .debug_abbrev  0x0000000000000012       0xa2 obj/default/Principal.o
 .debug_abbrev  0x00000000000000b4       0x6f c:/intelfpga_lite/18.1/nios2eds/bin/gnu/h-x86_64-mingw32/bin/../lib/gcc/nios2-elf/5.3.0/mno-hw-mul\libgcc.a(lib2-mul.o)
 .debug_abbrev  0x0000000000000123       0x9f ../SSDSoftware_bsp/\libhal_bsp.a(alt_load.o)
 .debug_abbrev  0x00000000000001c2       0xba ../SSDSoftware_bsp/\libhal_bsp.a(alt_main.o)
 .debug_abbrev  0x000000000000027c      0x187 ../SSDSoftware_bsp/\libhal_bsp.a(alt_sys_init.o)
 .debug_abbrev  0x0000000000000403      0x127 ../SSDSoftware_bsp/\libhal_bsp.a(altera_avalon_jtag_uart_fd.o)
 .debug_abbrev  0x000000000000052a      0x19e ../SSDSoftware_bsp/\libhal_bsp.a(altera_avalon_jtag_uart_init.o)
 .debug_abbrev  0x00000000000006c8      0x111 ../SSDSoftware_bsp/\libhal_bsp.a(altera_avalon_jtag_uart_ioctl.o)
 .debug_abbrev  0x00000000000007d9      0x1aa ../SSDSoftware_bsp/\libhal_bsp.a(altera_avalon_jtag_uart_read.o)
 .debug_abbrev  0x0000000000000983      0x1a8 ../SSDSoftware_bsp/\libhal_bsp.a(altera_avalon_jtag_uart_write.o)
 .debug_abbrev  0x0000000000000b2b      0x1c7 ../SSDSoftware_bsp/\libhal_bsp.a(altera_hostfs.o)
 .debug_abbrev  0x0000000000000cf2      0x162 ../SSDSoftware_bsp/\libhal_bsp.a(alt_alarm_start.o)
 .debug_abbrev  0x0000000000000e54      0x11f ../SSDSoftware_bsp/\libhal_bsp.a(alt_close.o)
 .debug_abbrev  0x0000000000000f73       0x42 ../SSDSoftware_bsp/\libhal_bsp.a(alt_dcache_flush_all.o)
 .debug_abbrev  0x0000000000000fb5       0xd9 ../SSDSoftware_bsp/\libhal_bsp.a(alt_dev.o)
 .debug_abbrev  0x000000000000108e      0x114 ../SSDSoftware_bsp/\libhal_bsp.a(alt_dev_llist_insert.o)
 .debug_abbrev  0x00000000000011a2       0x79 ../SSDSoftware_bsp/\libhal_bsp.a(alt_do_ctors.o)
 .debug_abbrev  0x000000000000121b       0x79 ../SSDSoftware_bsp/\libhal_bsp.a(alt_do_dtors.o)
 .debug_abbrev  0x0000000000001294       0x5a ../SSDSoftware_bsp/\libhal_bsp.a(alt_errno.o)
 .debug_abbrev  0x00000000000012ee      0x108 ../SSDSoftware_bsp/\libhal_bsp.a(alt_fs_reg.o)
 .debug_abbrev  0x00000000000013f6       0x42 ../SSDSoftware_bsp/\libhal_bsp.a(alt_icache_flush_all.o)
 .debug_abbrev  0x0000000000001438      0x163 ../SSDSoftware_bsp/\libhal_bsp.a(alt_iic.o)
 .debug_abbrev  0x000000000000159b      0x169 ../SSDSoftware_bsp/\libhal_bsp.a(alt_iic_isr_register.o)
 .debug_abbrev  0x0000000000001704      0x114 ../SSDSoftware_bsp/\libhal_bsp.a(alt_io_redirect.o)
 .debug_abbrev  0x0000000000001818       0x12 ../SSDSoftware_bsp/\libhal_bsp.a(alt_irq_entry.o)
 .debug_abbrev  0x000000000000182a      0x122 ../SSDSoftware_bsp/\libhal_bsp.a(alt_irq_handler.o)
 .debug_abbrev  0x000000000000194c       0x40 ../SSDSoftware_bsp/\libhal_bsp.a(alt_irq_vars.o)
 .debug_abbrev  0x000000000000198c      0x148 ../SSDSoftware_bsp/\libhal_bsp.a(alt_open.o)
 .debug_abbrev  0x0000000000001ad4       0xde ../SSDSoftware_bsp/\libhal_bsp.a(alt_release_fd.o)
 .debug_abbrev  0x0000000000001bb2      0x15a ../SSDSoftware_bsp/\libhal_bsp.a(alt_tick.o)
 .debug_abbrev  0x0000000000001d0c       0x42 ../SSDSoftware_bsp/\libhal_bsp.a(altera_nios2_gen2_irq.o)
 .debug_abbrev  0x0000000000001d4e       0x12 ../SSDSoftware_bsp/\libhal_bsp.a(alt_exception_entry.o)
 .debug_abbrev  0x0000000000001d60       0xf0 ../SSDSoftware_bsp/\libhal_bsp.a(alt_find_dev.o)
 .debug_abbrev  0x0000000000001e50       0xf0 ../SSDSoftware_bsp/\libhal_bsp.a(alt_find_file.o)
 .debug_abbrev  0x0000000000001f40      0x10d ../SSDSoftware_bsp/\libhal_bsp.a(alt_get_fd.o)
 .debug_abbrev  0x000000000000204d       0xdc ../SSDSoftware_bsp/\libhal_bsp.a(alt_instruction_exception_entry.o)
 .debug_abbrev  0x0000000000002129       0xaa c:/intelfpga_lite/18.1/nios2eds/bin/gnu/h-x86_64-mingw32/bin/../lib/gcc/nios2-elf/5.3.0/../../../../../H-x86_64-mingw32/nios2-elf/lib/mno-hw-mul\libc.a(lib_a-atexit.o)
 .debug_abbrev  0x00000000000021d3      0x1e5 c:/intelfpga_lite/18.1/nios2eds/bin/gnu/h-x86_64-mingw32/bin/../lib/gcc/nios2-elf/5.3.0/../../../../../H-x86_64-mingw32/nios2-elf/lib/mno-hw-mul\libc.a(lib_a-exit.o)
 .debug_abbrev  0x00000000000023b8      0x18f c:/intelfpga_lite/18.1/nios2eds/bin/gnu/h-x86_64-mingw32/bin/../lib/gcc/nios2-elf/5.3.0/../../../../../H-x86_64-mingw32/nios2-elf/lib/mno-hw-mul\libc.a(lib_a-impure.o)
 .debug_abbrev  0x0000000000002547       0x37 c:/intelfpga_lite/18.1/nios2eds/bin/gnu/h-x86_64-mingw32/bin/../lib/gcc/nios2-elf/5.3.0/../../../../../H-x86_64-mingw32/nios2-elf/lib/mno-hw-mul\libc.a(lib_a-int_errno.o)
 .debug_abbrev  0x000000000000257e       0x7f c:/intelfpga_lite/18.1/nios2eds/bin/gnu/h-x86_64-mingw32/bin/../lib/gcc/nios2-elf/5.3.0/../../../../../H-x86_64-mingw32/nios2-elf/lib/mno-hw-mul\libc.a(lib_a-memcmp.o)
 .debug_abbrev  0x00000000000025fd       0xa3 c:/intelfpga_lite/18.1/nios2eds/bin/gnu/h-x86_64-mingw32/bin/../lib/gcc/nios2-elf/5.3.0/../../../../../H-x86_64-mingw32/nios2-elf/lib/mno-hw-mul\libc.a(lib_a-memcpy.o)
 .debug_abbrev  0x00000000000026a0       0x90 c:/intelfpga_lite/18.1/nios2eds/bin/gnu/h-x86_64-mingw32/bin/../lib/gcc/nios2-elf/5.3.0/../../../../../H-x86_64-mingw32/nios2-elf/lib/mno-hw-mul\libc.a(lib_a-strlen.o)
 .debug_abbrev  0x0000000000002730      0x21e c:/intelfpga_lite/18.1/nios2eds/bin/gnu/h-x86_64-mingw32/bin/../lib/gcc/nios2-elf/5.3.0/../../../../../H-x86_64-mingw32/nios2-elf/lib/mno-hw-mul\libc.a(lib_a-__atexit.o)
 .debug_abbrev  0x000000000000294e      0x22e c:/intelfpga_lite/18.1/nios2eds/bin/gnu/h-x86_64-mingw32/bin/../lib/gcc/nios2-elf/5.3.0/../../../../../H-x86_64-mingw32/nios2-elf/lib/mno-hw-mul\libc.a(lib_a-__call_atexit.o)
 .debug_abbrev  0x0000000000002b7c       0xa9 ../SSDSoftware_bsp/\libhal_bsp.a(alt_exit.o)

.debug_line     0x0000000000000000     0x2c9c
 *(.debug_line)
 .debug_line    0x0000000000000000       0x66 ../SSDSoftware_bsp//obj/HAL/src/crt0.o
 .debug_line    0x0000000000000066       0x8d obj/default/Principal.o
 .debug_line    0x00000000000000f3       0x80 c:/intelfpga_lite/18.1/nios2eds/bin/gnu/h-x86_64-mingw32/bin/../lib/gcc/nios2-elf/5.3.0/mno-hw-mul\libgcc.a(lib2-mul.o)
 .debug_line    0x0000000000000173       0x8e ../SSDSoftware_bsp/\libhal_bsp.a(alt_load.o)
 .debug_line    0x0000000000000201       0xa4 ../SSDSoftware_bsp/\libhal_bsp.a(alt_main.o)
 .debug_line    0x00000000000002a5      0x14a ../SSDSoftware_bsp/\libhal_bsp.a(alt_sys_init.o)
 .debug_line    0x00000000000003ef      0x12f ../SSDSoftware_bsp/\libhal_bsp.a(altera_avalon_jtag_uart_fd.o)
 .debug_line    0x000000000000051e      0x18b ../SSDSoftware_bsp/\libhal_bsp.a(altera_avalon_jtag_uart_init.o)
 .debug_line    0x00000000000006a9      0x131 ../SSDSoftware_bsp/\libhal_bsp.a(altera_avalon_jtag_uart_ioctl.o)
 .debug_line    0x00000000000007da      0x171 ../SSDSoftware_bsp/\libhal_bsp.a(altera_avalon_jtag_uart_read.o)
 .debug_line    0x000000000000094b      0x170 ../SSDSoftware_bsp/\libhal_bsp.a(altera_avalon_jtag_uart_write.o)
 .debug_line    0x0000000000000abb      0x233 ../SSDSoftware_bsp/\libhal_bsp.a(altera_hostfs.o)
 .debug_line    0x0000000000000cee       0xf9 ../SSDSoftware_bsp/\libhal_bsp.a(alt_alarm_start.o)
 .debug_line    0x0000000000000de7      0x165 ../SSDSoftware_bsp/\libhal_bsp.a(alt_close.o)
 .debug_line    0x0000000000000f4c       0x51 ../SSDSoftware_bsp/\libhal_bsp.a(alt_dcache_flush_all.o)
 .debug_line    0x0000000000000f9d       0xf8 ../SSDSoftware_bsp/\libhal_bsp.a(alt_dev.o)
 .debug_line    0x0000000000001095       0xcf ../SSDSoftware_bsp/\libhal_bsp.a(alt_dev_llist_insert.o)
 .debug_line    0x0000000000001164       0x59 ../SSDSoftware_bsp/\libhal_bsp.a(alt_do_ctors.o)
 .debug_line    0x00000000000011bd       0x59 ../SSDSoftware_bsp/\libhal_bsp.a(alt_do_dtors.o)
 .debug_line    0x0000000000001216       0x51 ../SSDSoftware_bsp/\libhal_bsp.a(alt_errno.o)
 .debug_line    0x0000000000001267       0xb5 ../SSDSoftware_bsp/\libhal_bsp.a(alt_fs_reg.o)
 .debug_line    0x000000000000131c       0x4f ../SSDSoftware_bsp/\libhal_bsp.a(alt_icache_flush_all.o)
 .debug_line    0x000000000000136b       0xeb ../SSDSoftware_bsp/\libhal_bsp.a(alt_iic.o)
 .debug_line    0x0000000000001456       0xdb ../SSDSoftware_bsp/\libhal_bsp.a(alt_iic_isr_register.o)
 .debug_line    0x0000000000001531      0x135 ../SSDSoftware_bsp/\libhal_bsp.a(alt_io_redirect.o)
 .debug_line    0x0000000000001666       0x6b ../SSDSoftware_bsp/\libhal_bsp.a(alt_irq_entry.o)
 .debug_line    0x00000000000016d1       0xaa ../SSDSoftware_bsp/\libhal_bsp.a(alt_irq_handler.o)
 .debug_line    0x000000000000177b       0x50 ../SSDSoftware_bsp/\libhal_bsp.a(alt_irq_vars.o)
 .debug_line    0x00000000000017cb      0x12b ../SSDSoftware_bsp/\libhal_bsp.a(alt_open.o)
 .debug_line    0x00000000000018f6       0xb0 ../SSDSoftware_bsp/\libhal_bsp.a(alt_release_fd.o)
 .debug_line    0x00000000000019a6       0xff ../SSDSoftware_bsp/\libhal_bsp.a(alt_tick.o)
 .debug_line    0x0000000000001aa5       0x51 ../SSDSoftware_bsp/\libhal_bsp.a(altera_nios2_gen2_irq.o)
 .debug_line    0x0000000000001af6       0xb3 ../SSDSoftware_bsp/\libhal_bsp.a(alt_exception_entry.o)
 .debug_line    0x0000000000001ba9       0xb5 ../SSDSoftware_bsp/\libhal_bsp.a(alt_find_dev.o)
 .debug_line    0x0000000000001c5e       0xd1 ../SSDSoftware_bsp/\libhal_bsp.a(alt_find_file.o)
 .debug_line    0x0000000000001d2f       0xd7 ../SSDSoftware_bsp/\libhal_bsp.a(alt_get_fd.o)
 .debug_line    0x0000000000001e06       0xb9 ../SSDSoftware_bsp/\libhal_bsp.a(alt_instruction_exception_entry.o)
 .debug_line    0x0000000000001ebf       0xe7 c:/intelfpga_lite/18.1/nios2eds/bin/gnu/h-x86_64-mingw32/bin/../lib/gcc/nios2-elf/5.3.0/../../../../../H-x86_64-mingw32/nios2-elf/lib/mno-hw-mul\libc.a(lib_a-atexit.o)
 .debug_line    0x0000000000001fa6      0x1fc c:/intelfpga_lite/18.1/nios2eds/bin/gnu/h-x86_64-mingw32/bin/../lib/gcc/nios2-elf/5.3.0/../../../../../H-x86_64-mingw32/nios2-elf/lib/mno-hw-mul\libc.a(lib_a-exit.o)
 .debug_line    0x00000000000021a2      0x160 c:/intelfpga_lite/18.1/nios2eds/bin/gnu/h-x86_64-mingw32/bin/../lib/gcc/nios2-elf/5.3.0/../../../../../H-x86_64-mingw32/nios2-elf/lib/mno-hw-mul\libc.a(lib_a-impure.o)
 .debug_line    0x0000000000002302       0x5f c:/intelfpga_lite/18.1/nios2eds/bin/gnu/h-x86_64-mingw32/bin/../lib/gcc/nios2-elf/5.3.0/../../../../../H-x86_64-mingw32/nios2-elf/lib/mno-hw-mul\libc.a(lib_a-int_errno.o)
 .debug_line    0x0000000000002361      0x176 c:/intelfpga_lite/18.1/nios2eds/bin/gnu/h-x86_64-mingw32/bin/../lib/gcc/nios2-elf/5.3.0/../../../../../H-x86_64-mingw32/nios2-elf/lib/mno-hw-mul\libc.a(lib_a-memcmp.o)
 .debug_line    0x00000000000024d7      0x18c c:/intelfpga_lite/18.1/nios2eds/bin/gnu/h-x86_64-mingw32/bin/../lib/gcc/nios2-elf/5.3.0/../../../../../H-x86_64-mingw32/nios2-elf/lib/mno-hw-mul\libc.a(lib_a-memcpy.o)
 .debug_line    0x0000000000002663      0x16f c:/intelfpga_lite/18.1/nios2eds/bin/gnu/h-x86_64-mingw32/bin/../lib/gcc/nios2-elf/5.3.0/../../../../../H-x86_64-mingw32/nios2-elf/lib/mno-hw-mul\libc.a(lib_a-strlen.o)
 .debug_line    0x00000000000027d2      0x21f c:/intelfpga_lite/18.1/nios2eds/bin/gnu/h-x86_64-mingw32/bin/../lib/gcc/nios2-elf/5.3.0/../../../../../H-x86_64-mingw32/nios2-elf/lib/mno-hw-mul\libc.a(lib_a-__atexit.o)
 .debug_line    0x00000000000029f1      0x23a c:/intelfpga_lite/18.1/nios2eds/bin/gnu/h-x86_64-mingw32/bin/../lib/gcc/nios2-elf/5.3.0/../../../../../H-x86_64-mingw32/nios2-elf/lib/mno-hw-mul\libc.a(lib_a-__call_atexit.o)
 .debug_line    0x0000000000002c2b       0x71 ../SSDSoftware_bsp/\libhal_bsp.a(alt_exit.o)

.debug_frame    0x0000000000000000      0xbcc
 *(.debug_frame)
 .debug_frame   0x0000000000000000       0x38 obj/default/Principal.o
 .debug_frame   0x0000000000000038       0x20 c:/intelfpga_lite/18.1/nios2eds/bin/gnu/h-x86_64-mingw32/bin/../lib/gcc/nios2-elf/5.3.0/mno-hw-mul\libgcc.a(lib2-mul.o)
 .debug_frame   0x0000000000000058       0x5c ../SSDSoftware_bsp/\libhal_bsp.a(alt_load.o)
 .debug_frame   0x00000000000000b4       0x2c ../SSDSoftware_bsp/\libhal_bsp.a(alt_main.o)
 .debug_frame   0x00000000000000e0       0x88 ../SSDSoftware_bsp/\libhal_bsp.a(alt_sys_init.o)
 .debug_frame   0x0000000000000168       0xb0 ../SSDSoftware_bsp/\libhal_bsp.a(altera_avalon_jtag_uart_fd.o)
 .debug_frame   0x0000000000000218       0xa4 ../SSDSoftware_bsp/\libhal_bsp.a(altera_avalon_jtag_uart_init.o)
 .debug_frame   0x00000000000002bc       0x34 ../SSDSoftware_bsp/\libhal_bsp.a(altera_avalon_jtag_uart_ioctl.o)
 .debug_frame   0x00000000000002f0       0x38 ../SSDSoftware_bsp/\libhal_bsp.a(altera_avalon_jtag_uart_read.o)
 .debug_frame   0x0000000000000328       0x38 ../SSDSoftware_bsp/\libhal_bsp.a(altera_avalon_jtag_uart_write.o)
 .debug_frame   0x0000000000000360       0xe8 ../SSDSoftware_bsp/\libhal_bsp.a(altera_hostfs.o)
 .debug_frame   0x0000000000000448       0x34 ../SSDSoftware_bsp/\libhal_bsp.a(alt_alarm_start.o)
 .debug_frame   0x000000000000047c       0x60 ../SSDSoftware_bsp/\libhal_bsp.a(alt_close.o)
 .debug_frame   0x00000000000004dc       0x34 ../SSDSoftware_bsp/\libhal_bsp.a(alt_dcache_flush_all.o)
 .debug_frame   0x0000000000000510       0x34 ../SSDSoftware_bsp/\libhal_bsp.a(alt_dev.o)
 .debug_frame   0x0000000000000544       0x60 ../SSDSoftware_bsp/\libhal_bsp.a(alt_dev_llist_insert.o)
 .debug_frame   0x00000000000005a4       0x38 ../SSDSoftware_bsp/\libhal_bsp.a(alt_do_ctors.o)
 .debug_frame   0x00000000000005dc       0x38 ../SSDSoftware_bsp/\libhal_bsp.a(alt_do_dtors.o)
 .debug_frame   0x0000000000000614       0x34 ../SSDSoftware_bsp/\libhal_bsp.a(alt_fs_reg.o)
 .debug_frame   0x0000000000000648       0x34 ../SSDSoftware_bsp/\libhal_bsp.a(alt_icache_flush_all.o)
 .debug_frame   0x000000000000067c       0xa4 ../SSDSoftware_bsp/\libhal_bsp.a(alt_iic.o)
 .debug_frame   0x0000000000000720       0x38 ../SSDSoftware_bsp/\libhal_bsp.a(alt_iic_isr_register.o)
 .debug_frame   0x0000000000000758       0x64 ../SSDSoftware_bsp/\libhal_bsp.a(alt_io_redirect.o)
 .debug_frame   0x00000000000007bc       0x38 ../SSDSoftware_bsp/\libhal_bsp.a(alt_irq_handler.o)
 .debug_frame   0x00000000000007f4       0x8c ../SSDSoftware_bsp/\libhal_bsp.a(alt_open.o)
 .debug_frame   0x0000000000000880       0x3c ../SSDSoftware_bsp/\libhal_bsp.a(alt_release_fd.o)
 .debug_frame   0x00000000000008bc       0x5c ../SSDSoftware_bsp/\libhal_bsp.a(alt_tick.o)
 .debug_frame   0x0000000000000918       0x34 ../SSDSoftware_bsp/\libhal_bsp.a(altera_nios2_gen2_irq.o)
 .debug_frame   0x000000000000094c       0x38 ../SSDSoftware_bsp/\libhal_bsp.a(alt_find_dev.o)
 .debug_frame   0x0000000000000984       0x38 ../SSDSoftware_bsp/\libhal_bsp.a(alt_find_file.o)
 .debug_frame   0x00000000000009bc       0x3c ../SSDSoftware_bsp/\libhal_bsp.a(alt_get_fd.o)
 .debug_frame   0x00000000000009f8       0x5c ../SSDSoftware_bsp/\libhal_bsp.a(alt_instruction_exception_entry.o)
 .debug_frame   0x0000000000000a54       0x20 c:/intelfpga_lite/18.1/nios2eds/bin/gnu/h-x86_64-mingw32/bin/../lib/gcc/nios2-elf/5.3.0/../../../../../H-x86_64-mingw32/nios2-elf/lib/mno-hw-mul\libc.a(lib_a-atexit.o)
 .debug_frame   0x0000000000000a74       0x28 c:/intelfpga_lite/18.1/nios2eds/bin/gnu/h-x86_64-mingw32/bin/../lib/gcc/nios2-elf/5.3.0/../../../../../H-x86_64-mingw32/nios2-elf/lib/mno-hw-mul\libc.a(lib_a-exit.o)
 .debug_frame   0x0000000000000a9c       0x20 c:/intelfpga_lite/18.1/nios2eds/bin/gnu/h-x86_64-mingw32/bin/../lib/gcc/nios2-elf/5.3.0/../../../../../H-x86_64-mingw32/nios2-elf/lib/mno-hw-mul\libc.a(lib_a-memcmp.o)
 .debug_frame   0x0000000000000abc       0x38 c:/intelfpga_lite/18.1/nios2eds/bin/gnu/h-x86_64-mingw32/bin/../lib/gcc/nios2-elf/5.3.0/../../../../../H-x86_64-mingw32/nios2-elf/lib/mno-hw-mul\libc.a(lib_a-memcpy.o)
 .debug_frame   0x0000000000000af4       0x20 c:/intelfpga_lite/18.1/nios2eds/bin/gnu/h-x86_64-mingw32/bin/../lib/gcc/nios2-elf/5.3.0/../../../../../H-x86_64-mingw32/nios2-elf/lib/mno-hw-mul\libc.a(lib_a-strlen.o)
 .debug_frame   0x0000000000000b14       0x38 c:/intelfpga_lite/18.1/nios2eds/bin/gnu/h-x86_64-mingw32/bin/../lib/gcc/nios2-elf/5.3.0/../../../../../H-x86_64-mingw32/nios2-elf/lib/mno-hw-mul\libc.a(lib_a-__atexit.o)
 .debug_frame   0x0000000000000b4c       0x54 c:/intelfpga_lite/18.1/nios2eds/bin/gnu/h-x86_64-mingw32/bin/../lib/gcc/nios2-elf/5.3.0/../../../../../H-x86_64-mingw32/nios2-elf/lib/mno-hw-mul\libc.a(lib_a-__call_atexit.o)
 .debug_frame   0x0000000000000ba0       0x2c ../SSDSoftware_bsp/\libhal_bsp.a(alt_exit.o)

.debug_str      0x0000000000000000     0x1c65
 *(.debug_str)
 .debug_str     0x0000000000000000       0xb2 obj/default/Principal.o
                                         0xb7 (size before relaxing)
 .debug_str     0x00000000000000b2      0x173 c:/intelfpga_lite/18.1/nios2eds/bin/gnu/h-x86_64-mingw32/bin/../lib/gcc/nios2-elf/5.3.0/mno-hw-mul\libgcc.a(lib2-mul.o)
                                        0x193 (size before relaxing)
 .debug_str     0x0000000000000225      0x15f ../SSDSoftware_bsp/\libhal_bsp.a(alt_load.o)
                                        0x215 (size before relaxing)
 .debug_str     0x0000000000000384       0x70 ../SSDSoftware_bsp/\libhal_bsp.a(alt_main.o)
                                        0x1a0 (size before relaxing)
 .debug_str     0x00000000000003f4      0x1bd ../SSDSoftware_bsp/\libhal_bsp.a(alt_sys_init.o)
                                        0x388 (size before relaxing)
 .debug_str     0x00000000000005b1       0xb9 ../SSDSoftware_bsp/\libhal_bsp.a(altera_avalon_jtag_uart_fd.o)
                                        0x3a7 (size before relaxing)
 .debug_str     0x000000000000066a       0xd1 ../SSDSoftware_bsp/\libhal_bsp.a(altera_avalon_jtag_uart_init.o)
                                        0x33b (size before relaxing)
 .debug_str     0x000000000000073b       0x4a ../SSDSoftware_bsp/\libhal_bsp.a(altera_avalon_jtag_uart_ioctl.o)
                                        0x296 (size before relaxing)
 .debug_str     0x0000000000000785       0x7f ../SSDSoftware_bsp/\libhal_bsp.a(altera_avalon_jtag_uart_read.o)
                                        0x2eb (size before relaxing)
 .debug_str     0x0000000000000804       0x4a ../SSDSoftware_bsp/\libhal_bsp.a(altera_avalon_jtag_uart_write.o)
                                        0x2ec (size before relaxing)
 .debug_str     0x000000000000084e      0x191 ../SSDSoftware_bsp/\libhal_bsp.a(altera_hostfs.o)
                                        0x43d (size before relaxing)
 .debug_str     0x00000000000009df       0x59 ../SSDSoftware_bsp/\libhal_bsp.a(alt_alarm_start.o)
                                        0x281 (size before relaxing)
 .debug_str     0x0000000000000a38       0x44 ../SSDSoftware_bsp/\libhal_bsp.a(alt_close.o)
                                        0x20e (size before relaxing)
 .debug_str     0x0000000000000a7c       0x34 ../SSDSoftware_bsp/\libhal_bsp.a(alt_dcache_flush_all.o)
                                        0x158 (size before relaxing)
 .debug_str     0x0000000000000ab0       0x50 ../SSDSoftware_bsp/\libhal_bsp.a(alt_dev.o)
                                        0x308 (size before relaxing)
 .debug_str     0x0000000000000b00       0x34 ../SSDSoftware_bsp/\libhal_bsp.a(alt_dev_llist_insert.o)
                                        0x1cf (size before relaxing)
 .debug_str     0x0000000000000b34       0x48 ../SSDSoftware_bsp/\libhal_bsp.a(alt_do_ctors.o)
                                         0xd3 (size before relaxing)
 .debug_str     0x0000000000000b7c       0x4c ../SSDSoftware_bsp/\libhal_bsp.a(alt_do_dtors.o)
                                         0xd2 (size before relaxing)
 .debug_str     0x0000000000000bc8       0x14 ../SSDSoftware_bsp/\libhal_bsp.a(alt_errno.o)
                                        0x148 (size before relaxing)
 .debug_str     0x0000000000000bdc       0x20 ../SSDSoftware_bsp/\libhal_bsp.a(alt_fs_reg.o)
                                        0x20c (size before relaxing)
 .debug_str     0x0000000000000bfc       0x34 ../SSDSoftware_bsp/\libhal_bsp.a(alt_icache_flush_all.o)
                                        0x158 (size before relaxing)
 .debug_str     0x0000000000000c30       0xc4 ../SSDSoftware_bsp/\libhal_bsp.a(alt_iic.o)
                                        0x241 (size before relaxing)
 .debug_str     0x0000000000000cf4       0x4c ../SSDSoftware_bsp/\libhal_bsp.a(alt_iic_isr_register.o)
                                        0x1eb (size before relaxing)
 .debug_str     0x0000000000000d40       0x56 ../SSDSoftware_bsp/\libhal_bsp.a(alt_io_redirect.o)
                                        0x319 (size before relaxing)
 .debug_str     0x0000000000000d96       0x3a ../SSDSoftware_bsp/\libhal_bsp.a(alt_irq_handler.o)
                                        0x19a (size before relaxing)
 .debug_str     0x0000000000000dd0       0x17 ../SSDSoftware_bsp/\libhal_bsp.a(alt_irq_vars.o)
                                        0x13d (size before relaxing)
 .debug_str     0x0000000000000de7       0x2f ../SSDSoftware_bsp/\libhal_bsp.a(alt_open.o)
                                        0x24e (size before relaxing)
 .debug_str     0x0000000000000e16       0x28 ../SSDSoftware_bsp/\libhal_bsp.a(alt_release_fd.o)
                                        0x1d6 (size before relaxing)
 .debug_str     0x0000000000000e3e       0x4a ../SSDSoftware_bsp/\libhal_bsp.a(alt_tick.o)
                                        0x255 (size before relaxing)
 .debug_str     0x0000000000000e88       0x3b ../SSDSoftware_bsp/\libhal_bsp.a(altera_nios2_gen2_irq.o)
                                        0x15f (size before relaxing)
 .debug_str     0x0000000000000ec3       0x24 ../SSDSoftware_bsp/\libhal_bsp.a(alt_find_dev.o)
                                        0x1ef (size before relaxing)
 .debug_str     0x0000000000000ee7       0x26 ../SSDSoftware_bsp/\libhal_bsp.a(alt_find_file.o)
                                        0x1fd (size before relaxing)
 .debug_str     0x0000000000000f0d       0x30 ../SSDSoftware_bsp/\libhal_bsp.a(alt_get_fd.o)
                                        0x21f (size before relaxing)
 .debug_str     0x0000000000000f3d      0x48b ../SSDSoftware_bsp/\libhal_bsp.a(alt_instruction_exception_entry.o)
                                        0x5a3 (size before relaxing)
 .debug_str     0x00000000000013c8      0x17c c:/intelfpga_lite/18.1/nios2eds/bin/gnu/h-x86_64-mingw32/bin/../lib/gcc/nios2-elf/5.3.0/../../../../../H-x86_64-mingw32/nios2-elf/lib/mno-hw-mul\libc.a(lib_a-atexit.o)
                                        0x221 (size before relaxing)
 .debug_str     0x0000000000001544      0x3af c:/intelfpga_lite/18.1/nios2eds/bin/gnu/h-x86_64-mingw32/bin/../lib/gcc/nios2-elf/5.3.0/../../../../../H-x86_64-mingw32/nios2-elf/lib/mno-hw-mul\libc.a(lib_a-exit.o)
                                        0x5be (size before relaxing)
 .debug_str     0x00000000000018f3       0xd6 c:/intelfpga_lite/18.1/nios2eds/bin/gnu/h-x86_64-mingw32/bin/../lib/gcc/nios2-elf/5.3.0/../../../../../H-x86_64-mingw32/nios2-elf/lib/mno-hw-mul\libc.a(lib_a-impure.o)
                                        0x5b5 (size before relaxing)
 .debug_str     0x00000000000019c9       0x3f c:/intelfpga_lite/18.1/nios2eds/bin/gnu/h-x86_64-mingw32/bin/../lib/gcc/nios2-elf/5.3.0/../../../../../H-x86_64-mingw32/nios2-elf/lib/mno-hw-mul\libc.a(lib_a-int_errno.o)
                                        0x1dd (size before relaxing)
 .debug_str     0x0000000000001a08       0xda c:/intelfpga_lite/18.1/nios2eds/bin/gnu/h-x86_64-mingw32/bin/../lib/gcc/nios2-elf/5.3.0/../../../../../H-x86_64-mingw32/nios2-elf/lib/mno-hw-mul\libc.a(lib_a-memcmp.o)
                                        0x1e4 (size before relaxing)
 .debug_str     0x0000000000001ae2       0x6b c:/intelfpga_lite/18.1/nios2eds/bin/gnu/h-x86_64-mingw32/bin/../lib/gcc/nios2-elf/5.3.0/../../../../../H-x86_64-mingw32/nios2-elf/lib/mno-hw-mul\libc.a(lib_a-memcpy.o)
                                        0x20b (size before relaxing)
 .debug_str     0x0000000000001b4d       0x4a c:/intelfpga_lite/18.1/nios2eds/bin/gnu/h-x86_64-mingw32/bin/../lib/gcc/nios2-elf/5.3.0/../../../../../H-x86_64-mingw32/nios2-elf/lib/mno-hw-mul\libc.a(lib_a-strlen.o)
                                        0x1f7 (size before relaxing)
 .debug_str     0x0000000000001b97       0x3f c:/intelfpga_lite/18.1/nios2eds/bin/gnu/h-x86_64-mingw32/bin/../lib/gcc/nios2-elf/5.3.0/../../../../../H-x86_64-mingw32/nios2-elf/lib/mno-hw-mul\libc.a(lib_a-__atexit.o)
                                        0x5f6 (size before relaxing)
 .debug_str     0x0000000000001bd6       0x65 c:/intelfpga_lite/18.1/nios2eds/bin/gnu/h-x86_64-mingw32/bin/../lib/gcc/nios2-elf/5.3.0/../../../../../H-x86_64-mingw32/nios2-elf/lib/mno-hw-mul\libc.a(lib_a-__call_atexit.o)
                                        0x5e2 (size before relaxing)
 .debug_str     0x0000000000001c3b       0x2a ../SSDSoftware_bsp/\libhal_bsp.a(alt_exit.o)
                                        0x154 (size before relaxing)

.debug_loc      0x0000000000000000      0x803
 *(.debug_loc)
 .debug_loc     0x0000000000000000       0x93 c:/intelfpga_lite/18.1/nios2eds/bin/gnu/h-x86_64-mingw32/bin/../lib/gcc/nios2-elf/5.3.0/mno-hw-mul\libgcc.a(lib2-mul.o)
 .debug_loc     0x0000000000000093       0x2c c:/intelfpga_lite/18.1/nios2eds/bin/gnu/h-x86_64-mingw32/bin/../lib/gcc/nios2-elf/5.3.0/../../../../../H-x86_64-mingw32/nios2-elf/lib/mno-hw-mul\libc.a(lib_a-atexit.o)
 .debug_loc     0x00000000000000bf       0x1e c:/intelfpga_lite/18.1/nios2eds/bin/gnu/h-x86_64-mingw32/bin/../lib/gcc/nios2-elf/5.3.0/../../../../../H-x86_64-mingw32/nios2-elf/lib/mno-hw-mul\libc.a(lib_a-exit.o)
 .debug_loc     0x00000000000000dd      0x126 c:/intelfpga_lite/18.1/nios2eds/bin/gnu/h-x86_64-mingw32/bin/../lib/gcc/nios2-elf/5.3.0/../../../../../H-x86_64-mingw32/nios2-elf/lib/mno-hw-mul\libc.a(lib_a-memcmp.o)
 .debug_loc     0x0000000000000203      0x266 c:/intelfpga_lite/18.1/nios2eds/bin/gnu/h-x86_64-mingw32/bin/../lib/gcc/nios2-elf/5.3.0/../../../../../H-x86_64-mingw32/nios2-elf/lib/mno-hw-mul\libc.a(lib_a-memcpy.o)
 .debug_loc     0x0000000000000469       0x47 c:/intelfpga_lite/18.1/nios2eds/bin/gnu/h-x86_64-mingw32/bin/../lib/gcc/nios2-elf/5.3.0/../../../../../H-x86_64-mingw32/nios2-elf/lib/mno-hw-mul\libc.a(lib_a-strlen.o)
 .debug_loc     0x00000000000004b0      0x185 c:/intelfpga_lite/18.1/nios2eds/bin/gnu/h-x86_64-mingw32/bin/../lib/gcc/nios2-elf/5.3.0/../../../../../H-x86_64-mingw32/nios2-elf/lib/mno-hw-mul\libc.a(lib_a-__atexit.o)
 .debug_loc     0x0000000000000635      0x1ce c:/intelfpga_lite/18.1/nios2eds/bin/gnu/h-x86_64-mingw32/bin/../lib/gcc/nios2-elf/5.3.0/../../../../../H-x86_64-mingw32/nios2-elf/lib/mno-hw-mul\libc.a(lib_a-__call_atexit.o)

.debug_macinfo
 *(.debug_macinfo)

.debug_weaknames
 *(.debug_weaknames)

.debug_funcnames
 *(.debug_funcnames)

.debug_typenames
 *(.debug_typenames)

.debug_varnames
 *(.debug_varnames)

.debug_alt_sim_info
                0x0000000000000000       0x10
 *(.debug_alt_sim_info)
 .debug_alt_sim_info
                0x0000000000000000       0x10 ../SSDSoftware_bsp//obj/HAL/src/crt0.o
                0x0000000000050000                __alt_data_end = 0x50000
                0x0000000000050000                PROVIDE (__alt_stack_pointer, __alt_data_end)
                [!provide]                        PROVIDE (__alt_stack_limit, __alt_stack_base)
                [!provide]                        PROVIDE (__alt_heap_start, end)
                [!provide]                        PROVIDE (__alt_heap_limit, 0x50000)
OUTPUT(SSDSoftware.elf elf32-littlenios2)

.debug_ranges   0x0000000000000000      0x178
 .debug_ranges  0x0000000000000000       0x20 ../SSDSoftware_bsp//obj/HAL/src/crt0.o
 .debug_ranges  0x0000000000000020       0x30 ../SSDSoftware_bsp/\libhal_bsp.a(altera_avalon_jtag_uart_init.o)
 .debug_ranges  0x0000000000000050       0x18 ../SSDSoftware_bsp/\libhal_bsp.a(altera_avalon_jtag_uart_read.o)
 .debug_ranges  0x0000000000000068       0x28 ../SSDSoftware_bsp/\libhal_bsp.a(alt_irq_entry.o)
 .debug_ranges  0x0000000000000090       0x10 ../SSDSoftware_bsp/\libhal_bsp.a(alt_irq_handler.o)
 .debug_ranges  0x00000000000000a0       0x30 ../SSDSoftware_bsp/\libhal_bsp.a(alt_exception_entry.o)
 .debug_ranges  0x00000000000000d0       0x18 ../SSDSoftware_bsp/\libhal_bsp.a(alt_instruction_exception_entry.o)
 .debug_ranges  0x00000000000000e8       0x10 c:/intelfpga_lite/18.1/nios2eds/bin/gnu/h-x86_64-mingw32/bin/../lib/gcc/nios2-elf/5.3.0/../../../../../H-x86_64-mingw32/nios2-elf/lib/mno-hw-mul\libc.a(lib_a-atexit.o)
 .debug_ranges  0x00000000000000f8       0x10 c:/intelfpga_lite/18.1/nios2eds/bin/gnu/h-x86_64-mingw32/bin/../lib/gcc/nios2-elf/5.3.0/../../../../../H-x86_64-mingw32/nios2-elf/lib/mno-hw-mul\libc.a(lib_a-exit.o)
 .debug_ranges  0x0000000000000108       0x10 c:/intelfpga_lite/18.1/nios2eds/bin/gnu/h-x86_64-mingw32/bin/../lib/gcc/nios2-elf/5.3.0/../../../../../H-x86_64-mingw32/nios2-elf/lib/mno-hw-mul\libc.a(lib_a-memcmp.o)
 .debug_ranges  0x0000000000000118       0x10 c:/intelfpga_lite/18.1/nios2eds/bin/gnu/h-x86_64-mingw32/bin/../lib/gcc/nios2-elf/5.3.0/../../../../../H-x86_64-mingw32/nios2-elf/lib/mno-hw-mul\libc.a(lib_a-memcpy.o)
 .debug_ranges  0x0000000000000128       0x10 c:/intelfpga_lite/18.1/nios2eds/bin/gnu/h-x86_64-mingw32/bin/../lib/gcc/nios2-elf/5.3.0/../../../../../H-x86_64-mingw32/nios2-elf/lib/mno-hw-mul\libc.a(lib_a-strlen.o)
 .debug_ranges  0x0000000000000138       0x10 c:/intelfpga_lite/18.1/nios2eds/bin/gnu/h-x86_64-mingw32/bin/../lib/gcc/nios2-elf/5.3.0/../../../../../H-x86_64-mingw32/nios2-elf/lib/mno-hw-mul\libc.a(lib_a-__atexit.o)
 .debug_ranges  0x0000000000000148       0x30 c:/intelfpga_lite/18.1/nios2eds/bin/gnu/h-x86_64-mingw32/bin/../lib/gcc/nios2-elf/5.3.0/../../../../../H-x86_64-mingw32/nios2-elf/lib/mno-hw-mul\libc.a(lib_a-__call_atexit.o)
