Archive member included to satisfy reference by file (symbol)

c:/intelfpga_lite/18.1/nios2eds/bin/gnu/h-x86_64-mingw32/bin/../lib/gcc/nios2-elf/5.3.0/mno-hw-mul\libgcc.a(lib2-mul.o)
                              obj/default/Principal.o (__mulsi3)
../SSDSoftware_bsp/\libhal_bsp.a(alt_load.o)
                              ../SSDSoftware_bsp//obj/HAL/src/crt0.o (alt_load)
../SSDSoftware_bsp/\libhal_bsp.a(alt_main.o)
                              ../SSDSoftware_bsp//obj/HAL/src/crt0.o (alt_main)
../SSDSoftware_bsp/\libhal_bsp.a(alt_sys_init.o)
                              ../SSDSoftware_bsp/\libhal_bsp.a(alt_main.o) (alt_irq_init)
../SSDSoftware_bsp/\libhal_bsp.a(altera_avalon_jtag_uart_fd.o)
                              ../SSDSoftware_bsp/\libhal_bsp.a(alt_sys_init.o) (altera_avalon_jtag_uart_read_fd)
../SSDSoftware_bsp/\libhal_bsp.a(altera_avalon_jtag_uart_init.o)
                              ../SSDSoftware_bsp/\libhal_bsp.a(alt_sys_init.o) (altera_avalon_jtag_uart_init)
../SSDSoftware_bsp/\libhal_bsp.a(altera_avalon_jtag_uart_ioctl.o)
                              ../SSDSoftware_bsp/\libhal_bsp.a(altera_avalon_jtag_uart_fd.o) (altera_avalon_jtag_uart_ioctl)
../SSDSoftware_bsp/\libhal_bsp.a(altera_avalon_jtag_uart_read.o)
                              ../SSDSoftware_bsp/\libhal_bsp.a(altera_avalon_jtag_uart_fd.o) (altera_avalon_jtag_uart_read)
../SSDSoftware_bsp/\libhal_bsp.a(altera_avalon_jtag_uart_write.o)
                              ../SSDSoftware_bsp/\libhal_bsp.a(altera_avalon_jtag_uart_fd.o) (altera_avalon_jtag_uart_write)
../SSDSoftware_bsp/\libhal_bsp.a(alt_alarm_start.o)
                              ../SSDSoftware_bsp/\libhal_bsp.a(altera_avalon_jtag_uart_init.o) (alt_alarm_start)
../SSDSoftware_bsp/\libhal_bsp.a(alt_close.o)
                              ../SSDSoftware_bsp/\libhal_bsp.a(alt_main.o) (close)
../SSDSoftware_bsp/\libhal_bsp.a(alt_dcache_flush_all.o)
                              ../SSDSoftware_bsp/\libhal_bsp.a(alt_load.o) (alt_dcache_flush_all)
../SSDSoftware_bsp/\libhal_bsp.a(alt_dev.o)
                              ../SSDSoftware_bsp/\libhal_bsp.a(alt_sys_init.o) (alt_dev_list)
../SSDSoftware_bsp/\libhal_bsp.a(alt_dev_llist_insert.o)
                              ../SSDSoftware_bsp/\libhal_bsp.a(alt_sys_init.o) (alt_dev_llist_insert)
../SSDSoftware_bsp/\libhal_bsp.a(alt_do_ctors.o)
                              ../SSDSoftware_bsp/\libhal_bsp.a(alt_main.o) (_do_ctors)
../SSDSoftware_bsp/\libhal_bsp.a(alt_do_dtors.o)
                              ../SSDSoftware_bsp/\libhal_bsp.a(alt_main.o) (_do_dtors)
../SSDSoftware_bsp/\libhal_bsp.a(alt_errno.o)
                              ../SSDSoftware_bsp/\libhal_bsp.a(alt_close.o) (alt_errno)
../SSDSoftware_bsp/\libhal_bsp.a(alt_icache_flush_all.o)
                              ../SSDSoftware_bsp/\libhal_bsp.a(alt_load.o) (alt_icache_flush_all)
../SSDSoftware_bsp/\libhal_bsp.a(alt_iic.o)
                              ../SSDSoftware_bsp/\libhal_bsp.a(altera_avalon_jtag_uart_init.o) (alt_ic_isr_register)
../SSDSoftware_bsp/\libhal_bsp.a(alt_iic_isr_register.o)
                              ../SSDSoftware_bsp/\libhal_bsp.a(alt_iic.o) (alt_iic_isr_register)
../SSDSoftware_bsp/\libhal_bsp.a(alt_io_redirect.o)
                              ../SSDSoftware_bsp/\libhal_bsp.a(alt_main.o) (alt_io_redirect)
../SSDSoftware_bsp/\libhal_bsp.a(alt_irq_entry.o)
                              ../SSDSoftware_bsp/\libhal_bsp.a(alt_iic_isr_register.o) (alt_irq_entry)
../SSDSoftware_bsp/\libhal_bsp.a(alt_irq_handler.o)
                              ../SSDSoftware_bsp/\libhal_bsp.a(alt_iic_isr_register.o) (alt_irq)
../SSDSoftware_bsp/\libhal_bsp.a(alt_irq_vars.o)
                              ../SSDSoftware_bsp/\libhal_bsp.a(alt_iic.o) (alt_irq_active)
../SSDSoftware_bsp/\libhal_bsp.a(alt_open.o)
                              ../SSDSoftware_bsp/\libhal_bsp.a(alt_io_redirect.o) (open)
../SSDSoftware_bsp/\libhal_bsp.a(alt_release_fd.o)
                              ../SSDSoftware_bsp/\libhal_bsp.a(alt_close.o) (alt_release_fd)
../SSDSoftware_bsp/\libhal_bsp.a(alt_tick.o)
                              ../SSDSoftware_bsp/\libhal_bsp.a(altera_avalon_jtag_uart_init.o) (_alt_tick_rate)
../SSDSoftware_bsp/\libhal_bsp.a(altera_nios2_gen2_irq.o)
                              ../SSDSoftware_bsp/\libhal_bsp.a(alt_sys_init.o) (altera_nios2_gen2_irq_init)
../SSDSoftware_bsp/\libhal_bsp.a(alt_exception_entry.o)
                              ../SSDSoftware_bsp/\libhal_bsp.a(alt_irq_entry.o) (alt_exception)
../SSDSoftware_bsp/\libhal_bsp.a(alt_find_dev.o)
                              ../SSDSoftware_bsp/\libhal_bsp.a(alt_open.o) (alt_find_dev)
../SSDSoftware_bsp/\libhal_bsp.a(alt_find_file.o)
                              ../SSDSoftware_bsp/\libhal_bsp.a(alt_open.o) (alt_find_file)
../SSDSoftware_bsp/\libhal_bsp.a(alt_get_fd.o)
                              ../SSDSoftware_bsp/\libhal_bsp.a(alt_open.o) (alt_get_fd)
../SSDSoftware_bsp/\libhal_bsp.a(alt_instruction_exception_entry.o)
                              ../SSDSoftware_bsp/\libhal_bsp.a(alt_exception_entry.o) (alt_instruction_exception_entry)
c:/intelfpga_lite/18.1/nios2eds/bin/gnu/h-x86_64-mingw32/bin/../lib/gcc/nios2-elf/5.3.0/../../../../../H-x86_64-mingw32/nios2-elf/lib/mno-hw-mul\libc.a(lib_a-atexit.o)
                              ../SSDSoftware_bsp/\libhal_bsp.a(alt_main.o) (atexit)
c:/intelfpga_lite/18.1/nios2eds/bin/gnu/h-x86_64-mingw32/bin/../lib/gcc/nios2-elf/5.3.0/../../../../../H-x86_64-mingw32/nios2-elf/lib/mno-hw-mul\libc.a(lib_a-exit.o)
                              ../SSDSoftware_bsp/\libhal_bsp.a(alt_main.o) (exit)
c:/intelfpga_lite/18.1/nios2eds/bin/gnu/h-x86_64-mingw32/bin/../lib/gcc/nios2-elf/5.3.0/../../../../../H-x86_64-mingw32/nios2-elf/lib/mno-hw-mul\libc.a(lib_a-impure.o)
                              c:/intelfpga_lite/18.1/nios2eds/bin/gnu/h-x86_64-mingw32/bin/../lib/gcc/nios2-elf/5.3.0/../../../../../H-x86_64-mingw32/nios2-elf/lib/mno-hw-mul\libc.a(lib_a-exit.o) (_global_impure_ptr)
c:/intelfpga_lite/18.1/nios2eds/bin/gnu/h-x86_64-mingw32/bin/../lib/gcc/nios2-elf/5.3.0/../../../../../H-x86_64-mingw32/nios2-elf/lib/mno-hw-mul\libc.a(lib_a-int_errno.o)
                              ../SSDSoftware_bsp/\libhal_bsp.a(alt_close.o) (errno)
c:/intelfpga_lite/18.1/nios2eds/bin/gnu/h-x86_64-mingw32/bin/../lib/gcc/nios2-elf/5.3.0/../../../../../H-x86_64-mingw32/nios2-elf/lib/mno-hw-mul\libc.a(lib_a-memcmp.o)
                              ../SSDSoftware_bsp/\libhal_bsp.a(alt_find_dev.o) (memcmp)
c:/intelfpga_lite/18.1/nios2eds/bin/gnu/h-x86_64-mingw32/bin/../lib/gcc/nios2-elf/5.3.0/../../../../../H-x86_64-mingw32/nios2-elf/lib/mno-hw-mul\libc.a(lib_a-memcpy.o)
                              ../SSDSoftware_bsp/\libhal_bsp.a(altera_avalon_jtag_uart_read.o) (memcpy)
c:/intelfpga_lite/18.1/nios2eds/bin/gnu/h-x86_64-mingw32/bin/../lib/gcc/nios2-elf/5.3.0/../../../../../H-x86_64-mingw32/nios2-elf/lib/mno-hw-mul\libc.a(lib_a-strlen.o)
                              ../SSDSoftware_bsp/\libhal_bsp.a(alt_find_dev.o) (strlen)
c:/intelfpga_lite/18.1/nios2eds/bin/gnu/h-x86_64-mingw32/bin/../lib/gcc/nios2-elf/5.3.0/../../../../../H-x86_64-mingw32/nios2-elf/lib/mno-hw-mul\libc.a(lib_a-__atexit.o)
                              c:/intelfpga_lite/18.1/nios2eds/bin/gnu/h-x86_64-mingw32/bin/../lib/gcc/nios2-elf/5.3.0/../../../../../H-x86_64-mingw32/nios2-elf/lib/mno-hw-mul\libc.a(lib_a-atexit.o) (__register_exitproc)
c:/intelfpga_lite/18.1/nios2eds/bin/gnu/h-x86_64-mingw32/bin/../lib/gcc/nios2-elf/5.3.0/../../../../../H-x86_64-mingw32/nios2-elf/lib/mno-hw-mul\libc.a(lib_a-__call_atexit.o)
                              c:/intelfpga_lite/18.1/nios2eds/bin/gnu/h-x86_64-mingw32/bin/../lib/gcc/nios2-elf/5.3.0/../../../../../H-x86_64-mingw32/nios2-elf/lib/mno-hw-mul\libc.a(lib_a-exit.o) (__call_exitprocs)
../SSDSoftware_bsp/\libhal_bsp.a(alt_exit.o)
                              c:/intelfpga_lite/18.1/nios2eds/bin/gnu/h-x86_64-mingw32/bin/../lib/gcc/nios2-elf/5.3.0/../../../../../H-x86_64-mingw32/nios2-elf/lib/mno-hw-mul\libc.a(lib_a-exit.o) (_exit)

Allocating common symbols
Common symbol       size              file

alt_irq             0x100             ../SSDSoftware_bsp/\libhal_bsp.a(alt_irq_handler.o)
errno               0x4               c:/intelfpga_lite/18.1/nios2eds/bin/gnu/h-x86_64-mingw32/bin/../lib/gcc/nios2-elf/5.3.0/../../../../../H-x86_64-mingw32/nios2-elf/lib/mno-hw-mul\libc.a(lib_a-int_errno.o)

Memory Configuration

Name             Origin             Length             Attributes
ImagemA          0x0000000000000000 0x0000000000100000
ImagemC          0x0000000000100000 0x0000000000100000
ImagemB          0x0000000000200000 0x0000000000100000
reset            0x0000000000310000 0x0000000000000020
MemoriaPrograma  0x0000000000310020 0x000000000000ffe0
*default*        0x0000000000000000 0xffffffffffffffff

Linker script and memory map

LOAD ../SSDSoftware_bsp//obj/HAL/src/crt0.o
LOAD obj/default/Principal.o
LOAD c:/intelfpga_lite/18.1/nios2eds/bin/gnu/h-x86_64-mingw32/bin/../lib/gcc/nios2-elf/5.3.0/../../../../../H-x86_64-mingw32/nios2-elf/lib/mno-hw-mul\libstdc++.a
LOAD c:/intelfpga_lite/18.1/nios2eds/bin/gnu/h-x86_64-mingw32/bin/../lib/gcc/nios2-elf/5.3.0/../../../../../H-x86_64-mingw32/nios2-elf/lib/mno-hw-mul\libm.a
LOAD c:/intelfpga_lite/18.1/nios2eds/bin/gnu/h-x86_64-mingw32/bin/../lib/gcc/nios2-elf/5.3.0/mno-hw-mul\libgcc.a
START GROUP
LOAD c:/intelfpga_lite/18.1/nios2eds/bin/gnu/h-x86_64-mingw32/bin/../lib/gcc/nios2-elf/5.3.0/../../../../../H-x86_64-mingw32/nios2-elf/lib/mno-hw-mul\libc.a
LOAD c:/intelfpga_lite/18.1/nios2eds/bin/gnu/h-x86_64-mingw32/bin/../lib/gcc/nios2-elf/5.3.0/mno-hw-mul\libgcc.a
LOAD ../SSDSoftware_bsp/\libhal_bsp.a
LOAD c:/intelfpga_lite/18.1/nios2eds/bin/gnu/h-x86_64-mingw32/bin/../lib/gcc/nios2-elf/5.3.0/../../../../../H-x86_64-mingw32/nios2-elf/lib/mno-hw-mul\libm.a
END GROUP
LOAD c:/intelfpga_lite/18.1/nios2eds/bin/gnu/h-x86_64-mingw32/bin/../lib/gcc/nios2-elf/5.3.0/mno-hw-mul\libgcc.a
                0x0000000000000000                __alt_mem_ImagemA = 0x0
                0x0000000000100000                __alt_mem_ImagemC = 0x100000
                0x0000000000200000                __alt_mem_ImagemB = 0x200000
                0x0000000000310000                __alt_mem_MemoriaPrograma = 0x310000

.entry          0x0000000000310000       0x20
 *(.entry)
 .entry         0x0000000000310000       0x20 ../SSDSoftware_bsp//obj/HAL/src/crt0.o
                0x0000000000310000                __reset

.exceptions     0x0000000000310020      0x210
                0x0000000000310020                PROVIDE (__ram_exceptions_start, ABSOLUTE (.))
                0x0000000000310020                . = ALIGN (0x20)
 *(.irq)
 *(.exceptions.entry.label)
 .exceptions.entry.label
                0x0000000000310020        0x0 ../SSDSoftware_bsp/\libhal_bsp.a(alt_irq_entry.o)
                0x0000000000310020                alt_irq_entry
 .exceptions.entry.label
                0x0000000000310020        0x0 ../SSDSoftware_bsp/\libhal_bsp.a(alt_exception_entry.o)
                0x0000000000310020                alt_exception
 *(.exceptions.entry.user)
 *(.exceptions.entry.ecc_fatal)
 *(.exceptions.entry)
 .exceptions.entry
                0x0000000000310020       0x54 ../SSDSoftware_bsp/\libhal_bsp.a(alt_exception_entry.o)
 *(.exceptions.irqtest.user)
 *(.exceptions.irqtest)
 .exceptions.irqtest
                0x0000000000310074       0x10 ../SSDSoftware_bsp/\libhal_bsp.a(alt_irq_entry.o)
 *(.exceptions.irqhandler.user)
 *(.exceptions.irqhandler)
 .exceptions.irqhandler
                0x0000000000310084        0x4 ../SSDSoftware_bsp/\libhal_bsp.a(alt_irq_entry.o)
 *(.exceptions.irqreturn.user)
 *(.exceptions.irqreturn)
 .exceptions.irqreturn
                0x0000000000310088        0x4 ../SSDSoftware_bsp/\libhal_bsp.a(alt_irq_entry.o)
 *(.exceptions.notirq.label)
 .exceptions.notirq.label
                0x000000000031008c        0x0 ../SSDSoftware_bsp/\libhal_bsp.a(alt_irq_entry.o)
 *(.exceptions.notirq.user)
 *(.exceptions.notirq)
 .exceptions.notirq
                0x000000000031008c        0x8 ../SSDSoftware_bsp/\libhal_bsp.a(alt_exception_entry.o)
 *(.exceptions.soft.user)
 *(.exceptions.soft)
 *(.exceptions.unknown.user)
 *(.exceptions.unknown)
 .exceptions.unknown
                0x0000000000310094       0x14 ../SSDSoftware_bsp/\libhal_bsp.a(alt_exception_entry.o)
 *(.exceptions.exit.label)
 .exceptions.exit.label
                0x00000000003100a8        0x0 ../SSDSoftware_bsp/\libhal_bsp.a(alt_irq_entry.o)
 .exceptions.exit.label
                0x00000000003100a8        0x0 ../SSDSoftware_bsp/\libhal_bsp.a(alt_exception_entry.o)
 *(.exceptions.exit.user)
 *(.exceptions.exit)
 .exceptions.exit
                0x00000000003100a8       0x54 ../SSDSoftware_bsp/\libhal_bsp.a(alt_exception_entry.o)
 *(.exceptions)
 .exceptions    0x00000000003100fc       0xd4 ../SSDSoftware_bsp/\libhal_bsp.a(alt_irq_handler.o)
                0x00000000003100fc                alt_irq_handler
 .exceptions    0x00000000003101d0       0x60 ../SSDSoftware_bsp/\libhal_bsp.a(alt_instruction_exception_entry.o)
                0x00000000003101d0                alt_instruction_exception_entry
                0x0000000000310230                PROVIDE (__ram_exceptions_end, ABSOLUTE (.))
                0x0000000000310020                PROVIDE (__flash_exceptions_start, LOADADDR (.exceptions))

.text           0x0000000000310230     0x2490
                [!provide]                        PROVIDE (stext, ABSOLUTE (.))
 *(.interp)
 *(.hash)
 *(.dynsym)
 *(.dynstr)
 *(.gnu.version)
 *(.gnu.version_d)
 *(.gnu.version_r)
 *(.rel.init)
 *(.rela.init)
 *(.rel.text .rel.text.* .rel.gnu.linkonce.t.*)
 *(.rela.text .rela.text.* .rela.gnu.linkonce.t.*)
 *(.rel.fini)
 *(.rela.fini)
 *(.rel.rodata .rel.rodata.* .rel.gnu.linkonce.r.*)
 *(.rela.rodata .rela.rodata.* .rela.gnu.linkonce.r.*)
 *(.rel.data .rel.data.* .rel.gnu.linkonce.d.*)
 *(.rela.data .rela.data.* .rela.gnu.linkonce.d.*)
 *(.rel.tdata .rel.tdata.* .rel.gnu.linkonce.td.*)
 *(.rela.tdata .rela.tdata.* .rela.gnu.linkonce.td.*)
 *(.rel.tbss .rel.tbss.* .rel.gnu.linkonce.tb.*)
 *(.rela.tbss .rela.tbss.* .rela.gnu.linkonce.tb.*)
 *(.rel.ctors)
 *(.rela.ctors)
 *(.rel.dtors)
 *(.rela.dtors)
 *(.rel.got)
 *(.rela.got)
 *(.rel.sdata .rel.sdata.* .rel.gnu.linkonce.s.*)
 *(.rela.sdata .rela.sdata.* .rela.gnu.linkonce.s.*)
 *(.rel.sbss .rel.sbss.* .rel.gnu.linkonce.sb.*)
 *(.rela.sbss .rela.sbss.* .rela.gnu.linkonce.sb.*)
 *(.rel.sdata2 .rel.sdata2.* .rel.gnu.linkonce.s2.*)
 *(.rela.sdata2 .rela.sdata2.* .rela.gnu.linkonce.s2.*)
 *(.rel.sbss2 .rel.sbss2.* .rel.gnu.linkonce.sb2.*)
 *(.rela.sbss2 .rela.sbss2.* .rela.gnu.linkonce.sb2.*)
 *(.rel.bss .rel.bss.* .rel.gnu.linkonce.b.*)
 *(.rela.bss .rela.bss.* .rela.gnu.linkonce.b.*)
 *(.rel.plt)
 *(.rela.plt)
 *(.rel.dyn)
 *(.init)
 *(.plt)
 *(.text .stub .text.* .gnu.linkonce.t.*)
 .text          0x0000000000310230       0x3c ../SSDSoftware_bsp//obj/HAL/src/crt0.o
                0x0000000000310230                _start
 .text          0x000000000031026c      0x220 obj/default/Principal.o
                0x000000000031026c                main
 .text          0x000000000031048c       0x28 c:/intelfpga_lite/18.1/nios2eds/bin/gnu/h-x86_64-mingw32/bin/../lib/gcc/nios2-elf/5.3.0/mno-hw-mul\libgcc.a(lib2-mul.o)
                0x000000000031048c                __mulsi3
 .text          0x00000000003104b4       0xec ../SSDSoftware_bsp/\libhal_bsp.a(alt_load.o)
                0x000000000031051c                alt_load
 .text          0x00000000003105a0       0x7c ../SSDSoftware_bsp/\libhal_bsp.a(alt_main.o)
                0x00000000003105a0                alt_main
 .text          0x000000000031061c       0xb4 ../SSDSoftware_bsp/\libhal_bsp.a(alt_sys_init.o)
                0x0000000000310650                alt_irq_init
                0x0000000000310688                alt_sys_init
 .text          0x00000000003106d0      0x164 ../SSDSoftware_bsp/\libhal_bsp.a(altera_avalon_jtag_uart_fd.o)
                0x00000000003106d0                altera_avalon_jtag_uart_read_fd
                0x0000000000310730                altera_avalon_jtag_uart_write_fd
                0x0000000000310790                altera_avalon_jtag_uart_close_fd
                0x00000000003107e0                altera_avalon_jtag_uart_ioctl_fd
 .text          0x0000000000310834      0x3d4 ../SSDSoftware_bsp/\libhal_bsp.a(altera_avalon_jtag_uart_init.o)
                0x0000000000310834                altera_avalon_jtag_uart_init
                0x0000000000310ba0                altera_avalon_jtag_uart_close
 .text          0x0000000000310c08       0xf0 ../SSDSoftware_bsp/\libhal_bsp.a(altera_avalon_jtag_uart_ioctl.o)
                0x0000000000310c08                altera_avalon_jtag_uart_ioctl
 .text          0x0000000000310cf8      0x21c ../SSDSoftware_bsp/\libhal_bsp.a(altera_avalon_jtag_uart_read.o)
                0x0000000000310cf8                altera_avalon_jtag_uart_read
 .text          0x0000000000310f14      0x224 ../SSDSoftware_bsp/\libhal_bsp.a(altera_avalon_jtag_uart_write.o)
                0x0000000000310f14                altera_avalon_jtag_uart_write
 .text          0x0000000000311138      0x12c ../SSDSoftware_bsp/\libhal_bsp.a(alt_alarm_start.o)
                0x0000000000311138                alt_alarm_start
 .text          0x0000000000311264      0x114 ../SSDSoftware_bsp/\libhal_bsp.a(alt_close.o)
                0x00000000003112a0                close
 .text          0x0000000000311378       0x20 ../SSDSoftware_bsp/\libhal_bsp.a(alt_dcache_flush_all.o)
                0x0000000000311378                alt_dcache_flush_all
 .text          0x0000000000311398       0x2c ../SSDSoftware_bsp/\libhal_bsp.a(alt_dev.o)
 .text          0x00000000003113c4       0xe0 ../SSDSoftware_bsp/\libhal_bsp.a(alt_dev_llist_insert.o)
                0x0000000000311400                alt_dev_llist_insert
 .text          0x00000000003114a4       0x60 ../SSDSoftware_bsp/\libhal_bsp.a(alt_do_ctors.o)
                0x00000000003114a4                _do_ctors
 .text          0x0000000000311504       0x60 ../SSDSoftware_bsp/\libhal_bsp.a(alt_do_dtors.o)
                0x0000000000311504                _do_dtors
 .text          0x0000000000311564        0x0 ../SSDSoftware_bsp/\libhal_bsp.a(alt_errno.o)
 .text          0x0000000000311564       0x20 ../SSDSoftware_bsp/\libhal_bsp.a(alt_icache_flush_all.o)
                0x0000000000311564                alt_icache_flush_all
 .text          0x0000000000311584      0x1b0 ../SSDSoftware_bsp/\libhal_bsp.a(alt_iic.o)
                0x0000000000311584                alt_ic_isr_register
                0x00000000003115d4                alt_ic_irq_enable
                0x000000000031165c                alt_ic_irq_disable
                0x00000000003116e8                alt_ic_irq_enabled
 .text          0x0000000000311734       0xf0 ../SSDSoftware_bsp/\libhal_bsp.a(alt_iic_isr_register.o)
                0x0000000000311734                alt_iic_isr_register
 .text          0x0000000000311824      0x160 ../SSDSoftware_bsp/\libhal_bsp.a(alt_io_redirect.o)
                0x0000000000311908                alt_io_redirect
 .text          0x0000000000311984        0x0 ../SSDSoftware_bsp/\libhal_bsp.a(alt_irq_entry.o)
 .text          0x0000000000311984        0x0 ../SSDSoftware_bsp/\libhal_bsp.a(alt_irq_handler.o)
 .text          0x0000000000311984        0x0 ../SSDSoftware_bsp/\libhal_bsp.a(alt_irq_vars.o)
 .text          0x0000000000311984      0x284 ../SSDSoftware_bsp/\libhal_bsp.a(alt_open.o)
                0x0000000000311aac                open
 .text          0x0000000000311c08       0x84 ../SSDSoftware_bsp/\libhal_bsp.a(alt_release_fd.o)
                0x0000000000311c08                alt_release_fd
 .text          0x0000000000311c8c      0x1a4 ../SSDSoftware_bsp/\libhal_bsp.a(alt_tick.o)
                0x0000000000311c8c                alt_alarm_stop
                0x0000000000311d28                alt_tick
 .text          0x0000000000311e30       0x24 ../SSDSoftware_bsp/\libhal_bsp.a(altera_nios2_gen2_irq.o)
                0x0000000000311e30                altera_nios2_gen2_irq_init
 .text          0x0000000000311e54        0x0 ../SSDSoftware_bsp/\libhal_bsp.a(alt_exception_entry.o)
 .text          0x0000000000311e54       0x90 ../SSDSoftware_bsp/\libhal_bsp.a(alt_find_dev.o)
                0x0000000000311e54                alt_find_dev
 .text          0x0000000000311ee4      0x108 ../SSDSoftware_bsp/\libhal_bsp.a(alt_find_file.o)
                0x0000000000311ee4                alt_find_file
 .text          0x0000000000311fec       0xc4 ../SSDSoftware_bsp/\libhal_bsp.a(alt_get_fd.o)
                0x0000000000311fec                alt_get_fd
 .text          0x00000000003120b0       0x9c ../SSDSoftware_bsp/\libhal_bsp.a(alt_instruction_exception_entry.o)
                0x00000000003120b0                alt_exception_cause_generated_bad_addr
 .text          0x000000000031214c        0x0 c:/intelfpga_lite/18.1/nios2eds/bin/gnu/h-x86_64-mingw32/bin/../lib/gcc/nios2-elf/5.3.0/../../../../../H-x86_64-mingw32/nios2-elf/lib/mno-hw-mul\libc.a(lib_a-atexit.o)
 .text.atexit   0x000000000031214c       0x14 c:/intelfpga_lite/18.1/nios2eds/bin/gnu/h-x86_64-mingw32/bin/../lib/gcc/nios2-elf/5.3.0/../../../../../H-x86_64-mingw32/nios2-elf/lib/mno-hw-mul\libc.a(lib_a-atexit.o)
                0x000000000031214c                atexit
 .text          0x0000000000312160        0x0 c:/intelfpga_lite/18.1/nios2eds/bin/gnu/h-x86_64-mingw32/bin/../lib/gcc/nios2-elf/5.3.0/../../../../../H-x86_64-mingw32/nios2-elf/lib/mno-hw-mul\libc.a(lib_a-exit.o)
 .text.exit     0x0000000000312160       0x38 c:/intelfpga_lite/18.1/nios2eds/bin/gnu/h-x86_64-mingw32/bin/../lib/gcc/nios2-elf/5.3.0/../../../../../H-x86_64-mingw32/nios2-elf/lib/mno-hw-mul\libc.a(lib_a-exit.o)
                0x0000000000312160                exit
 .text          0x0000000000312198        0x0 c:/intelfpga_lite/18.1/nios2eds/bin/gnu/h-x86_64-mingw32/bin/../lib/gcc/nios2-elf/5.3.0/../../../../../H-x86_64-mingw32/nios2-elf/lib/mno-hw-mul\libc.a(lib_a-impure.o)
 .text          0x0000000000312198        0x0 c:/intelfpga_lite/18.1/nios2eds/bin/gnu/h-x86_64-mingw32/bin/../lib/gcc/nios2-elf/5.3.0/../../../../../H-x86_64-mingw32/nios2-elf/lib/mno-hw-mul\libc.a(lib_a-int_errno.o)
 .text          0x0000000000312198        0x0 c:/intelfpga_lite/18.1/nios2eds/bin/gnu/h-x86_64-mingw32/bin/../lib/gcc/nios2-elf/5.3.0/../../../../../H-x86_64-mingw32/nios2-elf/lib/mno-hw-mul\libc.a(lib_a-memcmp.o)
 .text.memcmp   0x0000000000312198       0x7c c:/intelfpga_lite/18.1/nios2eds/bin/gnu/h-x86_64-mingw32/bin/../lib/gcc/nios2-elf/5.3.0/../../../../../H-x86_64-mingw32/nios2-elf/lib/mno-hw-mul\libc.a(lib_a-memcmp.o)
                0x0000000000312198                memcmp
 .text          0x0000000000312214        0x0 c:/intelfpga_lite/18.1/nios2eds/bin/gnu/h-x86_64-mingw32/bin/../lib/gcc/nios2-elf/5.3.0/../../../../../H-x86_64-mingw32/nios2-elf/lib/mno-hw-mul\libc.a(lib_a-memcpy.o)
 .text.memcpy   0x0000000000312214      0x148 c:/intelfpga_lite/18.1/nios2eds/bin/gnu/h-x86_64-mingw32/bin/../lib/gcc/nios2-elf/5.3.0/../../../../../H-x86_64-mingw32/nios2-elf/lib/mno-hw-mul\libc.a(lib_a-memcpy.o)
                0x0000000000312214                memcpy
 .text          0x000000000031235c        0x0 c:/intelfpga_lite/18.1/nios2eds/bin/gnu/h-x86_64-mingw32/bin/../lib/gcc/nios2-elf/5.3.0/../../../../../H-x86_64-mingw32/nios2-elf/lib/mno-hw-mul\libc.a(lib_a-strlen.o)
 .text.strlen   0x000000000031235c       0x98 c:/intelfpga_lite/18.1/nios2eds/bin/gnu/h-x86_64-mingw32/bin/../lib/gcc/nios2-elf/5.3.0/../../../../../H-x86_64-mingw32/nios2-elf/lib/mno-hw-mul\libc.a(lib_a-strlen.o)
                0x000000000031235c                strlen
 .text          0x00000000003123f4        0x0 c:/intelfpga_lite/18.1/nios2eds/bin/gnu/h-x86_64-mingw32/bin/../lib/gcc/nios2-elf/5.3.0/../../../../../H-x86_64-mingw32/nios2-elf/lib/mno-hw-mul\libc.a(lib_a-__atexit.o)
 .text.__register_exitproc
                0x00000000003123f4      0x118 c:/intelfpga_lite/18.1/nios2eds/bin/gnu/h-x86_64-mingw32/bin/../lib/gcc/nios2-elf/5.3.0/../../../../../H-x86_64-mingw32/nios2-elf/lib/mno-hw-mul\libc.a(lib_a-__atexit.o)
                0x00000000003123f4                __register_exitproc
 .text          0x000000000031250c        0x0 c:/intelfpga_lite/18.1/nios2eds/bin/gnu/h-x86_64-mingw32/bin/../lib/gcc/nios2-elf/5.3.0/../../../../../H-x86_64-mingw32/nios2-elf/lib/mno-hw-mul\libc.a(lib_a-__call_atexit.o)
 .text.__call_exitprocs
                0x000000000031250c      0x180 c:/intelfpga_lite/18.1/nios2eds/bin/gnu/h-x86_64-mingw32/bin/../lib/gcc/nios2-elf/5.3.0/../../../../../H-x86_64-mingw32/nios2-elf/lib/mno-hw-mul\libc.a(lib_a-__call_atexit.o)
                0x000000000031250c                __call_exitprocs
 .text          0x000000000031268c       0x34 ../SSDSoftware_bsp/\libhal_bsp.a(alt_exit.o)
                0x000000000031268c                _exit
 *(.gnu.warning.*)
 *(.fini)
                [!provide]                        PROVIDE (__etext, ABSOLUTE (.))
                [!provide]                        PROVIDE (_etext, ABSOLUTE (.))
                [!provide]                        PROVIDE (etext, ABSOLUTE (.))
 *(.eh_frame_hdr)
                0x00000000003126c0                . = ALIGN (0x4)
                [!provide]                        PROVIDE (__preinit_array_start, ABSOLUTE (.))
 *(.preinit_array)
                [!provide]                        PROVIDE (__preinit_array_end, ABSOLUTE (.))
                [!provide]                        PROVIDE (__init_array_start, ABSOLUTE (.))
 *(.init_array)
                [!provide]                        PROVIDE (__init_array_end, ABSOLUTE (.))
                [!provide]                        PROVIDE (__fini_array_start, ABSOLUTE (.))
 *(.fini_array)
                [!provide]                        PROVIDE (__fini_array_end, ABSOLUTE (.))
 *(.eh_frame)
 *(.gcc_except_table .gcc_except_table.*)
 *(.dynamic)
                0x00000000003126c0                PROVIDE (__CTOR_LIST__, ABSOLUTE (.))
 *(.ctors)
 *(SORT(.ctors.*))
                0x00000000003126c0                PROVIDE (__CTOR_END__, ABSOLUTE (.))
                0x00000000003126c0                PROVIDE (__DTOR_LIST__, ABSOLUTE (.))
 *(.dtors)
 *(SORT(.dtors.*))
                0x00000000003126c0                PROVIDE (__DTOR_END__, ABSOLUTE (.))
 *(.jcr)
                0x00000000003126c0                . = ALIGN (0x4)

.rodata         0x00000000003126c0       0x30
                0x00000000003126c0                PROVIDE (__ram_rodata_start, ABSOLUTE (.))
                0x00000000003126c0                . = ALIGN (0x4)
 *(.rodata .rodata.* .gnu.linkonce.r.*)
 .rodata        0x00000000003126c0        0xf ../SSDSoftware_bsp/\libhal_bsp.a(alt_main.o)
 *fill*         0x00000000003126cf        0x1 
 .rodata        0x00000000003126d0        0xf ../SSDSoftware_bsp/\libhal_bsp.a(alt_sys_init.o)
 *fill*         0x00000000003126df        0x1 
 .rodata        0x00000000003126e0        0xa ../SSDSoftware_bsp/\libhal_bsp.a(alt_dev.o)
 *fill*         0x00000000003126ea        0x2 
 .rodata.str1.4
                0x00000000003126ec        0x4 c:/intelfpga_lite/18.1/nios2eds/bin/gnu/h-x86_64-mingw32/bin/../lib/gcc/nios2-elf/5.3.0/../../../../../H-x86_64-mingw32/nios2-elf/lib/mno-hw-mul\libc.a(lib_a-impure.o)
                                          0x2 (size before relaxing)
 *(.rodata1)
                0x00000000003126f0                . = ALIGN (0x4)
                0x00000000003126f0                PROVIDE (__ram_rodata_end, ABSOLUTE (.))
                0x00000000003126c0                PROVIDE (__flash_rodata_start, LOADADDR (.rodata))

.rwdata         0x00000000003126f0     0x1660 load address 0x0000000000313d50
                0x00000000003126f0                PROVIDE (__ram_rwdata_start, ABSOLUTE (.))
                0x00000000003126f0                . = ALIGN (0x4)
 *(.got.plt)
 *(.got)
 *(.data1)
 *(.data .data.* .gnu.linkonce.d.*)
 .data          0x00000000003126f0        0x0 ../SSDSoftware_bsp//obj/HAL/src/crt0.o
 .data          0x00000000003126f0        0x0 obj/default/Principal.o
 .data          0x00000000003126f0        0x0 c:/intelfpga_lite/18.1/nios2eds/bin/gnu/h-x86_64-mingw32/bin/../lib/gcc/nios2-elf/5.3.0/mno-hw-mul\libgcc.a(lib2-mul.o)
 .data          0x00000000003126f0        0x0 ../SSDSoftware_bsp/\libhal_bsp.a(alt_load.o)
 .data          0x00000000003126f0        0x0 ../SSDSoftware_bsp/\libhal_bsp.a(alt_main.o)
 .data          0x00000000003126f0     0x1060 ../SSDSoftware_bsp/\libhal_bsp.a(alt_sys_init.o)
 .data          0x0000000000313750        0x0 ../SSDSoftware_bsp/\libhal_bsp.a(altera_avalon_jtag_uart_fd.o)
 .data          0x0000000000313750        0x0 ../SSDSoftware_bsp/\libhal_bsp.a(altera_avalon_jtag_uart_init.o)
 .data          0x0000000000313750        0x0 ../SSDSoftware_bsp/\libhal_bsp.a(altera_avalon_jtag_uart_ioctl.o)
 .data          0x0000000000313750        0x0 ../SSDSoftware_bsp/\libhal_bsp.a(altera_avalon_jtag_uart_read.o)
 .data          0x0000000000313750        0x0 ../SSDSoftware_bsp/\libhal_bsp.a(altera_avalon_jtag_uart_write.o)
 .data          0x0000000000313750        0x0 ../SSDSoftware_bsp/\libhal_bsp.a(alt_alarm_start.o)
 .data          0x0000000000313750        0x0 ../SSDSoftware_bsp/\libhal_bsp.a(alt_close.o)
 .data          0x0000000000313750        0x0 ../SSDSoftware_bsp/\libhal_bsp.a(alt_dcache_flush_all.o)
 .data          0x0000000000313750      0x1a8 ../SSDSoftware_bsp/\libhal_bsp.a(alt_dev.o)
                0x0000000000313750                alt_dev_null
                0x0000000000313778                alt_fd_list
 .data          0x00000000003138f8        0x0 ../SSDSoftware_bsp/\libhal_bsp.a(alt_dev_llist_insert.o)
 .data          0x00000000003138f8        0x0 ../SSDSoftware_bsp/\libhal_bsp.a(alt_do_ctors.o)
 .data          0x00000000003138f8        0x0 ../SSDSoftware_bsp/\libhal_bsp.a(alt_do_dtors.o)
 .data          0x00000000003138f8        0x0 ../SSDSoftware_bsp/\libhal_bsp.a(alt_errno.o)
 .data          0x00000000003138f8        0x0 ../SSDSoftware_bsp/\libhal_bsp.a(alt_icache_flush_all.o)
 .data          0x00000000003138f8        0x0 ../SSDSoftware_bsp/\libhal_bsp.a(alt_iic.o)
 .data          0x00000000003138f8        0x0 ../SSDSoftware_bsp/\libhal_bsp.a(alt_iic_isr_register.o)
 .data          0x00000000003138f8        0x0 ../SSDSoftware_bsp/\libhal_bsp.a(alt_io_redirect.o)
 .data          0x00000000003138f8        0x0 ../SSDSoftware_bsp/\libhal_bsp.a(alt_irq_entry.o)
 .data          0x00000000003138f8        0x0 ../SSDSoftware_bsp/\libhal_bsp.a(alt_irq_handler.o)
 .data          0x00000000003138f8        0x0 ../SSDSoftware_bsp/\libhal_bsp.a(alt_irq_vars.o)
 .data          0x00000000003138f8        0x0 ../SSDSoftware_bsp/\libhal_bsp.a(alt_open.o)
 .data          0x00000000003138f8        0x0 ../SSDSoftware_bsp/\libhal_bsp.a(alt_release_fd.o)
 .data          0x00000000003138f8        0x0 ../SSDSoftware_bsp/\libhal_bsp.a(alt_tick.o)
 .data          0x00000000003138f8        0x0 ../SSDSoftware_bsp/\libhal_bsp.a(altera_nios2_gen2_irq.o)
 .data          0x00000000003138f8        0x0 ../SSDSoftware_bsp/\libhal_bsp.a(alt_exception_entry.o)
 .data          0x00000000003138f8        0x0 ../SSDSoftware_bsp/\libhal_bsp.a(alt_find_dev.o)
 .data          0x00000000003138f8        0x0 ../SSDSoftware_bsp/\libhal_bsp.a(alt_find_file.o)
 .data          0x00000000003138f8        0x0 ../SSDSoftware_bsp/\libhal_bsp.a(alt_get_fd.o)
 .data          0x00000000003138f8        0x0 ../SSDSoftware_bsp/\libhal_bsp.a(alt_instruction_exception_entry.o)
 .data          0x00000000003138f8        0x0 c:/intelfpga_lite/18.1/nios2eds/bin/gnu/h-x86_64-mingw32/bin/../lib/gcc/nios2-elf/5.3.0/../../../../../H-x86_64-mingw32/nios2-elf/lib/mno-hw-mul\libc.a(lib_a-atexit.o)
 .data          0x00000000003138f8        0x0 c:/intelfpga_lite/18.1/nios2eds/bin/gnu/h-x86_64-mingw32/bin/../lib/gcc/nios2-elf/5.3.0/../../../../../H-x86_64-mingw32/nios2-elf/lib/mno-hw-mul\libc.a(lib_a-exit.o)
 .data          0x00000000003138f8        0x0 c:/intelfpga_lite/18.1/nios2eds/bin/gnu/h-x86_64-mingw32/bin/../lib/gcc/nios2-elf/5.3.0/../../../../../H-x86_64-mingw32/nios2-elf/lib/mno-hw-mul\libc.a(lib_a-impure.o)
 .data.impure_data
                0x00000000003138f8      0x424 c:/intelfpga_lite/18.1/nios2eds/bin/gnu/h-x86_64-mingw32/bin/../lib/gcc/nios2-elf/5.3.0/../../../../../H-x86_64-mingw32/nios2-elf/lib/mno-hw-mul\libc.a(lib_a-impure.o)
 .data          0x0000000000313d1c        0x0 c:/intelfpga_lite/18.1/nios2eds/bin/gnu/h-x86_64-mingw32/bin/../lib/gcc/nios2-elf/5.3.0/../../../../../H-x86_64-mingw32/nios2-elf/lib/mno-hw-mul\libc.a(lib_a-int_errno.o)
 .data          0x0000000000313d1c        0x0 c:/intelfpga_lite/18.1/nios2eds/bin/gnu/h-x86_64-mingw32/bin/../lib/gcc/nios2-elf/5.3.0/../../../../../H-x86_64-mingw32/nios2-elf/lib/mno-hw-mul\libc.a(lib_a-memcmp.o)
 .data          0x0000000000313d1c        0x0 c:/intelfpga_lite/18.1/nios2eds/bin/gnu/h-x86_64-mingw32/bin/../lib/gcc/nios2-elf/5.3.0/../../../../../H-x86_64-mingw32/nios2-elf/lib/mno-hw-mul\libc.a(lib_a-memcpy.o)
 .data          0x0000000000313d1c        0x0 c:/intelfpga_lite/18.1/nios2eds/bin/gnu/h-x86_64-mingw32/bin/../lib/gcc/nios2-elf/5.3.0/../../../../../H-x86_64-mingw32/nios2-elf/lib/mno-hw-mul\libc.a(lib_a-strlen.o)
 .data          0x0000000000313d1c        0x0 c:/intelfpga_lite/18.1/nios2eds/bin/gnu/h-x86_64-mingw32/bin/../lib/gcc/nios2-elf/5.3.0/../../../../../H-x86_64-mingw32/nios2-elf/lib/mno-hw-mul\libc.a(lib_a-__atexit.o)
 .data          0x0000000000313d1c        0x0 c:/intelfpga_lite/18.1/nios2eds/bin/gnu/h-x86_64-mingw32/bin/../lib/gcc/nios2-elf/5.3.0/../../../../../H-x86_64-mingw32/nios2-elf/lib/mno-hw-mul\libc.a(lib_a-__call_atexit.o)
 .data          0x0000000000313d1c        0x0 ../SSDSoftware_bsp/\libhal_bsp.a(alt_exit.o)
                0x000000000031bd1c                _gp = ABSOLUTE ((. + 0x8000))
                [!provide]                        PROVIDE (gp, _gp)
 *(.rwdata .rwdata.*)
 *(.sdata .sdata.* .gnu.linkonce.s.*)
 .sdata         0x0000000000313d1c        0x8 obj/default/Principal.o
                0x0000000000313d1c                imgB
                0x0000000000313d20                imgC
 .sdata         0x0000000000313d24       0x14 ../SSDSoftware_bsp/\libhal_bsp.a(alt_dev.o)
                0x0000000000313d24                alt_fs_list
                0x0000000000313d2c                alt_dev_list
                0x0000000000313d34                alt_max_fd
 .sdata         0x0000000000313d38        0x4 ../SSDSoftware_bsp/\libhal_bsp.a(alt_errno.o)
                0x0000000000313d38                alt_errno
 .sdata         0x0000000000313d3c        0x4 ../SSDSoftware_bsp/\libhal_bsp.a(alt_irq_vars.o)
                0x0000000000313d3c                alt_priority_mask
 .sdata         0x0000000000313d40        0x8 ../SSDSoftware_bsp/\libhal_bsp.a(alt_tick.o)
                0x0000000000313d40                alt_alarm_list
 .sdata._global_impure_ptr
                0x0000000000313d48        0x4 c:/intelfpga_lite/18.1/nios2eds/bin/gnu/h-x86_64-mingw32/bin/../lib/gcc/nios2-elf/5.3.0/../../../../../H-x86_64-mingw32/nios2-elf/lib/mno-hw-mul\libc.a(lib_a-impure.o)
                0x0000000000313d48                _global_impure_ptr
 .sdata._impure_ptr
                0x0000000000313d4c        0x4 c:/intelfpga_lite/18.1/nios2eds/bin/gnu/h-x86_64-mingw32/bin/../lib/gcc/nios2-elf/5.3.0/../../../../../H-x86_64-mingw32/nios2-elf/lib/mno-hw-mul\libc.a(lib_a-impure.o)
                0x0000000000313d4c                _impure_ptr
 *(.sdata2 .sdata2.* .gnu.linkonce.s2.*)
                0x0000000000313d50                . = ALIGN (0x4)
                0x0000000000313d50                _edata = ABSOLUTE (.)
                [!provide]                        PROVIDE (edata, ABSOLUTE (.))
                0x0000000000313d50                PROVIDE (__ram_rwdata_end, ABSOLUTE (.))
                0x0000000000313d50                PROVIDE (__flash_rwdata_start, LOADADDR (.rwdata))

.bss            0x00000000003153b0      0x124
                0x00000000003153b0                __bss_start = ABSOLUTE (.)
                [!provide]                        PROVIDE (__sbss_start, ABSOLUTE (.))
                [!provide]                        PROVIDE (___sbss_start, ABSOLUTE (.))
 *(.dynsbss)
 *(.sbss .sbss.* .gnu.linkonce.sb.*)
 .sbss          0x00000000003153b0        0x4 obj/default/Principal.o
                0x00000000003153b0                imgA
 .sbss          0x00000000003153b4        0xc ../SSDSoftware_bsp/\libhal_bsp.a(alt_main.o)
                0x00000000003153b4                alt_argc
                0x00000000003153b8                alt_argv
                0x00000000003153bc                alt_envp
 .sbss          0x00000000003153c0        0x4 ../SSDSoftware_bsp/\libhal_bsp.a(alt_irq_vars.o)
                0x00000000003153c0                alt_irq_active
 .sbss          0x00000000003153c4        0x8 ../SSDSoftware_bsp/\libhal_bsp.a(alt_tick.o)
                0x00000000003153c4                _alt_tick_rate
                0x00000000003153c8                _alt_nticks
 .sbss          0x00000000003153cc        0x4 ../SSDSoftware_bsp/\libhal_bsp.a(alt_instruction_exception_entry.o)
                0x00000000003153cc                alt_instruction_exception_handler
 .sbss          0x00000000003153d0        0x4 c:/intelfpga_lite/18.1/nios2eds/bin/gnu/h-x86_64-mingw32/bin/../lib/gcc/nios2-elf/5.3.0/../../../../../H-x86_64-mingw32/nios2-elf/lib/mno-hw-mul\libc.a(lib_a-int_errno.o)
                0x00000000003153d0                errno
 *(.sbss2 .sbss2.* .gnu.linkonce.sb2.*)
 *(.scommon)
                [!provide]                        PROVIDE (__sbss_end, ABSOLUTE (.))
                [!provide]                        PROVIDE (___sbss_end, ABSOLUTE (.))
 *(.dynbss)
 *(.bss .bss.* .gnu.linkonce.b.*)
 .bss           0x00000000003153d4        0x0 ../SSDSoftware_bsp//obj/HAL/src/crt0.o
 .bss           0x00000000003153d4        0x0 obj/default/Principal.o
 .bss           0x00000000003153d4        0x0 c:/intelfpga_lite/18.1/nios2eds/bin/gnu/h-x86_64-mingw32/bin/../lib/gcc/nios2-elf/5.3.0/mno-hw-mul\libgcc.a(lib2-mul.o)
 .bss           0x00000000003153d4        0x0 ../SSDSoftware_bsp/\libhal_bsp.a(alt_load.o)
 .bss           0x00000000003153d4        0x0 ../SSDSoftware_bsp/\libhal_bsp.a(alt_main.o)
 .bss           0x00000000003153d4        0x0 ../SSDSoftware_bsp/\libhal_bsp.a(alt_sys_init.o)
 .bss           0x00000000003153d4        0x0 ../SSDSoftware_bsp/\libhal_bsp.a(altera_avalon_jtag_uart_fd.o)
 .bss           0x00000000003153d4        0x0 ../SSDSoftware_bsp/\libhal_bsp.a(altera_avalon_jtag_uart_init.o)
 .bss           0x00000000003153d4        0x0 ../SSDSoftware_bsp/\libhal_bsp.a(altera_avalon_jtag_uart_ioctl.o)
 .bss           0x00000000003153d4        0x0 ../SSDSoftware_bsp/\libhal_bsp.a(altera_avalon_jtag_uart_read.o)
 .bss           0x00000000003153d4        0x0 ../SSDSoftware_bsp/\libhal_bsp.a(altera_avalon_jtag_uart_write.o)
 .bss           0x00000000003153d4        0x0 ../SSDSoftware_bsp/\libhal_bsp.a(alt_alarm_start.o)
 .bss           0x00000000003153d4        0x0 ../SSDSoftware_bsp/\libhal_bsp.a(alt_close.o)
 .bss           0x00000000003153d4        0x0 ../SSDSoftware_bsp/\libhal_bsp.a(alt_dcache_flush_all.o)
 .bss           0x00000000003153d4        0x0 ../SSDSoftware_bsp/\libhal_bsp.a(alt_dev.o)
 .bss           0x00000000003153d4        0x0 ../SSDSoftware_bsp/\libhal_bsp.a(alt_dev_llist_insert.o)
 .bss           0x00000000003153d4        0x0 ../SSDSoftware_bsp/\libhal_bsp.a(alt_do_ctors.o)
 .bss           0x00000000003153d4        0x0 ../SSDSoftware_bsp/\libhal_bsp.a(alt_do_dtors.o)
 .bss           0x00000000003153d4        0x0 ../SSDSoftware_bsp/\libhal_bsp.a(alt_errno.o)
 .bss           0x00000000003153d4        0x0 ../SSDSoftware_bsp/\libhal_bsp.a(alt_icache_flush_all.o)
 .bss           0x00000000003153d4        0x0 ../SSDSoftware_bsp/\libhal_bsp.a(alt_iic.o)
 .bss           0x00000000003153d4        0x0 ../SSDSoftware_bsp/\libhal_bsp.a(alt_iic_isr_register.o)
 .bss           0x00000000003153d4        0x0 ../SSDSoftware_bsp/\libhal_bsp.a(alt_io_redirect.o)
 .bss           0x00000000003153d4        0x0 ../SSDSoftware_bsp/\libhal_bsp.a(alt_irq_entry.o)
 .bss           0x00000000003153d4        0x0 ../SSDSoftware_bsp/\libhal_bsp.a(alt_irq_handler.o)
 .bss           0x00000000003153d4        0x0 ../SSDSoftware_bsp/\libhal_bsp.a(alt_irq_vars.o)
 .bss           0x00000000003153d4        0x0 ../SSDSoftware_bsp/\libhal_bsp.a(alt_open.o)
 .bss           0x00000000003153d4        0x0 ../SSDSoftware_bsp/\libhal_bsp.a(alt_release_fd.o)
 .bss           0x00000000003153d4        0x0 ../SSDSoftware_bsp/\libhal_bsp.a(alt_tick.o)
 .bss           0x00000000003153d4        0x0 ../SSDSoftware_bsp/\libhal_bsp.a(altera_nios2_gen2_irq.o)
 .bss           0x00000000003153d4        0x0 ../SSDSoftware_bsp/\libhal_bsp.a(alt_exception_entry.o)
 .bss           0x00000000003153d4        0x0 ../SSDSoftware_bsp/\libhal_bsp.a(alt_find_dev.o)
 .bss           0x00000000003153d4        0x0 ../SSDSoftware_bsp/\libhal_bsp.a(alt_find_file.o)
 .bss           0x00000000003153d4        0x0 ../SSDSoftware_bsp/\libhal_bsp.a(alt_get_fd.o)
 .bss           0x00000000003153d4        0x0 ../SSDSoftware_bsp/\libhal_bsp.a(alt_instruction_exception_entry.o)
 .bss           0x00000000003153d4        0x0 c:/intelfpga_lite/18.1/nios2eds/bin/gnu/h-x86_64-mingw32/bin/../lib/gcc/nios2-elf/5.3.0/../../../../../H-x86_64-mingw32/nios2-elf/lib/mno-hw-mul\libc.a(lib_a-atexit.o)
 .bss           0x00000000003153d4        0x0 c:/intelfpga_lite/18.1/nios2eds/bin/gnu/h-x86_64-mingw32/bin/../lib/gcc/nios2-elf/5.3.0/../../../../../H-x86_64-mingw32/nios2-elf/lib/mno-hw-mul\libc.a(lib_a-exit.o)
 .bss           0x00000000003153d4        0x0 c:/intelfpga_lite/18.1/nios2eds/bin/gnu/h-x86_64-mingw32/bin/../lib/gcc/nios2-elf/5.3.0/../../../../../H-x86_64-mingw32/nios2-elf/lib/mno-hw-mul\libc.a(lib_a-impure.o)
 .bss           0x00000000003153d4        0x0 c:/intelfpga_lite/18.1/nios2eds/bin/gnu/h-x86_64-mingw32/bin/../lib/gcc/nios2-elf/5.3.0/../../../../../H-x86_64-mingw32/nios2-elf/lib/mno-hw-mul\libc.a(lib_a-int_errno.o)
 .bss           0x00000000003153d4        0x0 c:/intelfpga_lite/18.1/nios2eds/bin/gnu/h-x86_64-mingw32/bin/../lib/gcc/nios2-elf/5.3.0/../../../../../H-x86_64-mingw32/nios2-elf/lib/mno-hw-mul\libc.a(lib_a-memcmp.o)
 .bss           0x00000000003153d4        0x0 c:/intelfpga_lite/18.1/nios2eds/bin/gnu/h-x86_64-mingw32/bin/../lib/gcc/nios2-elf/5.3.0/../../../../../H-x86_64-mingw32/nios2-elf/lib/mno-hw-mul\libc.a(lib_a-memcpy.o)
 .bss           0x00000000003153d4        0x0 c:/intelfpga_lite/18.1/nios2eds/bin/gnu/h-x86_64-mingw32/bin/../lib/gcc/nios2-elf/5.3.0/../../../../../H-x86_64-mingw32/nios2-elf/lib/mno-hw-mul\libc.a(lib_a-strlen.o)
 .bss           0x00000000003153d4        0x0 c:/intelfpga_lite/18.1/nios2eds/bin/gnu/h-x86_64-mingw32/bin/../lib/gcc/nios2-elf/5.3.0/../../../../../H-x86_64-mingw32/nios2-elf/lib/mno-hw-mul\libc.a(lib_a-__atexit.o)
 .bss           0x00000000003153d4        0x0 c:/intelfpga_lite/18.1/nios2eds/bin/gnu/h-x86_64-mingw32/bin/../lib/gcc/nios2-elf/5.3.0/../../../../../H-x86_64-mingw32/nios2-elf/lib/mno-hw-mul\libc.a(lib_a-__call_atexit.o)
 .bss           0x00000000003153d4        0x0 ../SSDSoftware_bsp/\libhal_bsp.a(alt_exit.o)
 *(COMMON)
 COMMON         0x00000000003153d4      0x100 ../SSDSoftware_bsp/\libhal_bsp.a(alt_irq_handler.o)
                0x00000000003153d4                alt_irq
                0x00000000003154d4                . = ALIGN (0x4)
                0x00000000003154d4                __bss_end = ABSOLUTE (.)

.ImagemA        0x0000000000000000        0x0 load address 0x00000000003154d4
                [!provide]                        PROVIDE (_alt_partition_ImagemA_start, ABSOLUTE (.))
 *(.ImagemA .ImagemA. ImagemA.*)
                0x0000000000000000                . = ALIGN (0x4)
                [!provide]                        PROVIDE (_alt_partition_ImagemA_end, ABSOLUTE (.))
                [!provide]                        PROVIDE (_alt_partition_ImagemA_load_addr, LOADADDR (.ImagemA))

.ImagemC        0x0000000000100000        0x0 load address 0x00000000003154d4
                [!provide]                        PROVIDE (_alt_partition_ImagemC_start, ABSOLUTE (.))
 *(.ImagemC .ImagemC. ImagemC.*)
                0x0000000000100000                . = ALIGN (0x4)
                [!provide]                        PROVIDE (_alt_partition_ImagemC_end, ABSOLUTE (.))
                [!provide]                        PROVIDE (_alt_partition_ImagemC_load_addr, LOADADDR (.ImagemC))

.ImagemB        0x0000000000200000        0x0 load address 0x00000000003154d4
                [!provide]                        PROVIDE (_alt_partition_ImagemB_start, ABSOLUTE (.))
 *(.ImagemB .ImagemB. ImagemB.*)
                0x0000000000200000                . = ALIGN (0x4)
                [!provide]                        PROVIDE (_alt_partition_ImagemB_end, ABSOLUTE (.))
                [!provide]                        PROVIDE (_alt_partition_ImagemB_load_addr, LOADADDR (.ImagemB))

.MemoriaPrograma
                0x00000000003154d4        0x0
                [!provide]                        PROVIDE (_alt_partition_MemoriaPrograma_start, ABSOLUTE (.))
 *(.MemoriaPrograma .MemoriaPrograma. MemoriaPrograma.*)
                0x00000000003154d4                . = ALIGN (0x4)
                [!provide]                        PROVIDE (_alt_partition_MemoriaPrograma_end, ABSOLUTE (.))
                0x00000000003154d4                _end = ABSOLUTE (.)
                0x00000000003154d4                end = ABSOLUTE (.)
                0x00000000003154d4                __alt_stack_base = ABSOLUTE (.)
                [!provide]                        PROVIDE (_alt_partition_MemoriaPrograma_load_addr, LOADADDR (.MemoriaPrograma))

.stab
 *(.stab)

.stabstr
 *(.stabstr)

.stab.excl
 *(.stab.excl)

.stab.exclstr
 *(.stab.exclstr)

.stab.index
 *(.stab.index)

.stab.indexstr
 *(.stab.indexstr)

.comment        0x0000000000000000       0x23
 *(.comment)
 .comment       0x0000000000000000       0x23 obj/default/Principal.o
                                         0x24 (size before relaxing)
 .comment       0x0000000000000023       0x24 c:/intelfpga_lite/18.1/nios2eds/bin/gnu/h-x86_64-mingw32/bin/../lib/gcc/nios2-elf/5.3.0/mno-hw-mul\libgcc.a(lib2-mul.o)
 .comment       0x0000000000000023       0x24 ../SSDSoftware_bsp/\libhal_bsp.a(alt_load.o)
 .comment       0x0000000000000023       0x24 ../SSDSoftware_bsp/\libhal_bsp.a(alt_main.o)
 .comment       0x0000000000000023       0x24 ../SSDSoftware_bsp/\libhal_bsp.a(alt_sys_init.o)
 .comment       0x0000000000000023       0x24 ../SSDSoftware_bsp/\libhal_bsp.a(altera_avalon_jtag_uart_fd.o)
 .comment       0x0000000000000023       0x24 ../SSDSoftware_bsp/\libhal_bsp.a(altera_avalon_jtag_uart_init.o)
 .comment       0x0000000000000023       0x24 ../SSDSoftware_bsp/\libhal_bsp.a(altera_avalon_jtag_uart_ioctl.o)
 .comment       0x0000000000000023       0x24 ../SSDSoftware_bsp/\libhal_bsp.a(altera_avalon_jtag_uart_read.o)
 .comment       0x0000000000000023       0x24 ../SSDSoftware_bsp/\libhal_bsp.a(altera_avalon_jtag_uart_write.o)
 .comment       0x0000000000000023       0x24 ../SSDSoftware_bsp/\libhal_bsp.a(alt_alarm_start.o)
 .comment       0x0000000000000023       0x24 ../SSDSoftware_bsp/\libhal_bsp.a(alt_close.o)
 .comment       0x0000000000000023       0x24 ../SSDSoftware_bsp/\libhal_bsp.a(alt_dcache_flush_all.o)
 .comment       0x0000000000000023       0x24 ../SSDSoftware_bsp/\libhal_bsp.a(alt_dev.o)
 .comment       0x0000000000000023       0x24 ../SSDSoftware_bsp/\libhal_bsp.a(alt_dev_llist_insert.o)
 .comment       0x0000000000000023       0x24 ../SSDSoftware_bsp/\libhal_bsp.a(alt_do_ctors.o)
 .comment       0x0000000000000023       0x24 ../SSDSoftware_bsp/\libhal_bsp.a(alt_do_dtors.o)
 .comment       0x0000000000000023       0x24 ../SSDSoftware_bsp/\libhal_bsp.a(alt_errno.o)
 .comment       0x0000000000000023       0x24 ../SSDSoftware_bsp/\libhal_bsp.a(alt_icache_flush_all.o)
 .comment       0x0000000000000023       0x24 ../SSDSoftware_bsp/\libhal_bsp.a(alt_iic.o)
 .comment       0x0000000000000023       0x24 ../SSDSoftware_bsp/\libhal_bsp.a(alt_iic_isr_register.o)
 .comment       0x0000000000000023       0x24 ../SSDSoftware_bsp/\libhal_bsp.a(alt_io_redirect.o)
 .comment       0x0000000000000023       0x24 ../SSDSoftware_bsp/\libhal_bsp.a(alt_irq_handler.o)
 .comment       0x0000000000000023       0x24 ../SSDSoftware_bsp/\libhal_bsp.a(alt_irq_vars.o)
 .comment       0x0000000000000023       0x24 ../SSDSoftware_bsp/\libhal_bsp.a(alt_open.o)
 .comment       0x0000000000000023       0x24 ../SSDSoftware_bsp/\libhal_bsp.a(alt_release_fd.o)
 .comment       0x0000000000000023       0x24 ../SSDSoftware_bsp/\libhal_bsp.a(alt_tick.o)
 .comment       0x0000000000000023       0x24 ../SSDSoftware_bsp/\libhal_bsp.a(altera_nios2_gen2_irq.o)
 .comment       0x0000000000000023       0x24 ../SSDSoftware_bsp/\libhal_bsp.a(alt_find_dev.o)
 .comment       0x0000000000000023       0x24 ../SSDSoftware_bsp/\libhal_bsp.a(alt_find_file.o)
 .comment       0x0000000000000023       0x24 ../SSDSoftware_bsp/\libhal_bsp.a(alt_get_fd.o)
 .comment       0x0000000000000023       0x24 ../SSDSoftware_bsp/\libhal_bsp.a(alt_instruction_exception_entry.o)
 .comment       0x0000000000000023       0x24 c:/intelfpga_lite/18.1/nios2eds/bin/gnu/h-x86_64-mingw32/bin/../lib/gcc/nios2-elf/5.3.0/../../../../../H-x86_64-mingw32/nios2-elf/lib/mno-hw-mul\libc.a(lib_a-atexit.o)
 .comment       0x0000000000000023       0x24 c:/intelfpga_lite/18.1/nios2eds/bin/gnu/h-x86_64-mingw32/bin/../lib/gcc/nios2-elf/5.3.0/../../../../../H-x86_64-mingw32/nios2-elf/lib/mno-hw-mul\libc.a(lib_a-exit.o)
 .comment       0x0000000000000023       0x24 c:/intelfpga_lite/18.1/nios2eds/bin/gnu/h-x86_64-mingw32/bin/../lib/gcc/nios2-elf/5.3.0/../../../../../H-x86_64-mingw32/nios2-elf/lib/mno-hw-mul\libc.a(lib_a-impure.o)
 .comment       0x0000000000000023       0x24 c:/intelfpga_lite/18.1/nios2eds/bin/gnu/h-x86_64-mingw32/bin/../lib/gcc/nios2-elf/5.3.0/../../../../../H-x86_64-mingw32/nios2-elf/lib/mno-hw-mul\libc.a(lib_a-int_errno.o)
 .comment       0x0000000000000023       0x24 c:/intelfpga_lite/18.1/nios2eds/bin/gnu/h-x86_64-mingw32/bin/../lib/gcc/nios2-elf/5.3.0/../../../../../H-x86_64-mingw32/nios2-elf/lib/mno-hw-mul\libc.a(lib_a-memcmp.o)
 .comment       0x0000000000000023       0x24 c:/intelfpga_lite/18.1/nios2eds/bin/gnu/h-x86_64-mingw32/bin/../lib/gcc/nios2-elf/5.3.0/../../../../../H-x86_64-mingw32/nios2-elf/lib/mno-hw-mul\libc.a(lib_a-memcpy.o)
 .comment       0x0000000000000023       0x24 c:/intelfpga_lite/18.1/nios2eds/bin/gnu/h-x86_64-mingw32/bin/../lib/gcc/nios2-elf/5.3.0/../../../../../H-x86_64-mingw32/nios2-elf/lib/mno-hw-mul\libc.a(lib_a-strlen.o)
 .comment       0x0000000000000023       0x24 c:/intelfpga_lite/18.1/nios2eds/bin/gnu/h-x86_64-mingw32/bin/../lib/gcc/nios2-elf/5.3.0/../../../../../H-x86_64-mingw32/nios2-elf/lib/mno-hw-mul\libc.a(lib_a-__atexit.o)
 .comment       0x0000000000000023       0x24 c:/intelfpga_lite/18.1/nios2eds/bin/gnu/h-x86_64-mingw32/bin/../lib/gcc/nios2-elf/5.3.0/../../../../../H-x86_64-mingw32/nios2-elf/lib/mno-hw-mul\libc.a(lib_a-__call_atexit.o)
 .comment       0x0000000000000023       0x24 ../SSDSoftware_bsp/\libhal_bsp.a(alt_exit.o)

.debug
 *(.debug)

.line
 *(.line)

.debug_srcinfo
 *(.debug_srcinfo)

.debug_sfnames
 *(.debug_sfnames)

.debug_aranges  0x0000000000000000      0x5b8
 *(.debug_aranges)
 .debug_aranges
                0x0000000000000000       0x28 ../SSDSoftware_bsp//obj/HAL/src/crt0.o
 .debug_aranges
                0x0000000000000028       0x20 obj/default/Principal.o
 .debug_aranges
                0x0000000000000048       0x20 c:/intelfpga_lite/18.1/nios2eds/bin/gnu/h-x86_64-mingw32/bin/../lib/gcc/nios2-elf/5.3.0/mno-hw-mul\libgcc.a(lib2-mul.o)
 .debug_aranges
                0x0000000000000068       0x20 ../SSDSoftware_bsp/\libhal_bsp.a(alt_load.o)
 .debug_aranges
                0x0000000000000088       0x20 ../SSDSoftware_bsp/\libhal_bsp.a(alt_main.o)
 .debug_aranges
                0x00000000000000a8       0x20 ../SSDSoftware_bsp/\libhal_bsp.a(alt_sys_init.o)
 .debug_aranges
                0x00000000000000c8       0x20 ../SSDSoftware_bsp/\libhal_bsp.a(altera_avalon_jtag_uart_fd.o)
 .debug_aranges
                0x00000000000000e8       0x20 ../SSDSoftware_bsp/\libhal_bsp.a(altera_avalon_jtag_uart_init.o)
 .debug_aranges
                0x0000000000000108       0x20 ../SSDSoftware_bsp/\libhal_bsp.a(altera_avalon_jtag_uart_ioctl.o)
 .debug_aranges
                0x0000000000000128       0x20 ../SSDSoftware_bsp/\libhal_bsp.a(altera_avalon_jtag_uart_read.o)
 .debug_aranges
                0x0000000000000148       0x20 ../SSDSoftware_bsp/\libhal_bsp.a(altera_avalon_jtag_uart_write.o)
 .debug_aranges
                0x0000000000000168       0x20 ../SSDSoftware_bsp/\libhal_bsp.a(alt_alarm_start.o)
 .debug_aranges
                0x0000000000000188       0x20 ../SSDSoftware_bsp/\libhal_bsp.a(alt_close.o)
 .debug_aranges
                0x00000000000001a8       0x20 ../SSDSoftware_bsp/\libhal_bsp.a(alt_dcache_flush_all.o)
 .debug_aranges
                0x00000000000001c8       0x20 ../SSDSoftware_bsp/\libhal_bsp.a(alt_dev.o)
 .debug_aranges
                0x00000000000001e8       0x20 ../SSDSoftware_bsp/\libhal_bsp.a(alt_dev_llist_insert.o)
 .debug_aranges
                0x0000000000000208       0x20 ../SSDSoftware_bsp/\libhal_bsp.a(alt_do_ctors.o)
 .debug_aranges
                0x0000000000000228       0x20 ../SSDSoftware_bsp/\libhal_bsp.a(alt_do_dtors.o)
 .debug_aranges
                0x0000000000000248       0x18 ../SSDSoftware_bsp/\libhal_bsp.a(alt_errno.o)
 .debug_aranges
                0x0000000000000260       0x20 ../SSDSoftware_bsp/\libhal_bsp.a(alt_icache_flush_all.o)
 .debug_aranges
                0x0000000000000280       0x20 ../SSDSoftware_bsp/\libhal_bsp.a(alt_iic.o)
 .debug_aranges
                0x00000000000002a0       0x20 ../SSDSoftware_bsp/\libhal_bsp.a(alt_iic_isr_register.o)
 .debug_aranges
                0x00000000000002c0       0x20 ../SSDSoftware_bsp/\libhal_bsp.a(alt_io_redirect.o)
 .debug_aranges
                0x00000000000002e0       0x30 ../SSDSoftware_bsp/\libhal_bsp.a(alt_irq_entry.o)
 .debug_aranges
                0x0000000000000310       0x20 ../SSDSoftware_bsp/\libhal_bsp.a(alt_irq_handler.o)
 .debug_aranges
                0x0000000000000330       0x18 ../SSDSoftware_bsp/\libhal_bsp.a(alt_irq_vars.o)
 .debug_aranges
                0x0000000000000348       0x20 ../SSDSoftware_bsp/\libhal_bsp.a(alt_open.o)
 .debug_aranges
                0x0000000000000368       0x20 ../SSDSoftware_bsp/\libhal_bsp.a(alt_release_fd.o)
 .debug_aranges
                0x0000000000000388       0x20 ../SSDSoftware_bsp/\libhal_bsp.a(alt_tick.o)
 .debug_aranges
                0x00000000000003a8       0x20 ../SSDSoftware_bsp/\libhal_bsp.a(altera_nios2_gen2_irq.o)
 .debug_aranges
                0x00000000000003c8       0x38 ../SSDSoftware_bsp/\libhal_bsp.a(alt_exception_entry.o)
 .debug_aranges
                0x0000000000000400       0x20 ../SSDSoftware_bsp/\libhal_bsp.a(alt_find_dev.o)
 .debug_aranges
                0x0000000000000420       0x20 ../SSDSoftware_bsp/\libhal_bsp.a(alt_find_file.o)
 .debug_aranges
                0x0000000000000440       0x20 ../SSDSoftware_bsp/\libhal_bsp.a(alt_get_fd.o)
 .debug_aranges
                0x0000000000000460       0x28 ../SSDSoftware_bsp/\libhal_bsp.a(alt_instruction_exception_entry.o)
 .debug_aranges
                0x0000000000000488       0x20 c:/intelfpga_lite/18.1/nios2eds/bin/gnu/h-x86_64-mingw32/bin/../lib/gcc/nios2-elf/5.3.0/../../../../../H-x86_64-mingw32/nios2-elf/lib/mno-hw-mul\libc.a(lib_a-atexit.o)
 .debug_aranges
                0x00000000000004a8       0x20 c:/intelfpga_lite/18.1/nios2eds/bin/gnu/h-x86_64-mingw32/bin/../lib/gcc/nios2-elf/5.3.0/../../../../../H-x86_64-mingw32/nios2-elf/lib/mno-hw-mul\libc.a(lib_a-exit.o)
 .debug_aranges
                0x00000000000004c8       0x18 c:/intelfpga_lite/18.1/nios2eds/bin/gnu/h-x86_64-mingw32/bin/../lib/gcc/nios2-elf/5.3.0/../../../../../H-x86_64-mingw32/nios2-elf/lib/mno-hw-mul\libc.a(lib_a-impure.o)
 .debug_aranges
                0x00000000000004e0       0x18 c:/intelfpga_lite/18.1/nios2eds/bin/gnu/h-x86_64-mingw32/bin/../lib/gcc/nios2-elf/5.3.0/../../../../../H-x86_64-mingw32/nios2-elf/lib/mno-hw-mul\libc.a(lib_a-int_errno.o)
 .debug_aranges
                0x00000000000004f8       0x20 c:/intelfpga_lite/18.1/nios2eds/bin/gnu/h-x86_64-mingw32/bin/../lib/gcc/nios2-elf/5.3.0/../../../../../H-x86_64-mingw32/nios2-elf/lib/mno-hw-mul\libc.a(lib_a-memcmp.o)
 .debug_aranges
                0x0000000000000518       0x20 c:/intelfpga_lite/18.1/nios2eds/bin/gnu/h-x86_64-mingw32/bin/../lib/gcc/nios2-elf/5.3.0/../../../../../H-x86_64-mingw32/nios2-elf/lib/mno-hw-mul\libc.a(lib_a-memcpy.o)
 .debug_aranges
                0x0000000000000538       0x20 c:/intelfpga_lite/18.1/nios2eds/bin/gnu/h-x86_64-mingw32/bin/../lib/gcc/nios2-elf/5.3.0/../../../../../H-x86_64-mingw32/nios2-elf/lib/mno-hw-mul\libc.a(lib_a-strlen.o)
 .debug_aranges
                0x0000000000000558       0x20 c:/intelfpga_lite/18.1/nios2eds/bin/gnu/h-x86_64-mingw32/bin/../lib/gcc/nios2-elf/5.3.0/../../../../../H-x86_64-mingw32/nios2-elf/lib/mno-hw-mul\libc.a(lib_a-__atexit.o)
 .debug_aranges
                0x0000000000000578       0x20 c:/intelfpga_lite/18.1/nios2eds/bin/gnu/h-x86_64-mingw32/bin/../lib/gcc/nios2-elf/5.3.0/../../../../../H-x86_64-mingw32/nios2-elf/lib/mno-hw-mul\libc.a(lib_a-__call_atexit.o)
 .debug_aranges
                0x0000000000000598       0x20 ../SSDSoftware_bsp/\libhal_bsp.a(alt_exit.o)

.debug_pubnames
 *(.debug_pubnames)

.debug_info     0x0000000000000000     0x751e
 *(.debug_info .gnu.linkonce.wi.*)
 .debug_info    0x0000000000000000       0x71 ../SSDSoftware_bsp//obj/HAL/src/crt0.o
 .debug_info    0x0000000000000071       0xd0 obj/default/Principal.o
 .debug_info    0x0000000000000141       0xb4 c:/intelfpga_lite/18.1/nios2eds/bin/gnu/h-x86_64-mingw32/bin/../lib/gcc/nios2-elf/5.3.0/mno-hw-mul\libgcc.a(lib2-mul.o)
 .debug_info    0x00000000000001f5      0x145 ../SSDSoftware_bsp/\libhal_bsp.a(alt_load.o)
 .debug_info    0x000000000000033a      0x131 ../SSDSoftware_bsp/\libhal_bsp.a(alt_main.o)
 .debug_info    0x000000000000046b      0x4c3 ../SSDSoftware_bsp/\libhal_bsp.a(alt_sys_init.o)
 .debug_info    0x000000000000092e      0x52e ../SSDSoftware_bsp/\libhal_bsp.a(altera_avalon_jtag_uart_fd.o)
 .debug_info    0x0000000000000e5c      0x3a0 ../SSDSoftware_bsp/\libhal_bsp.a(altera_avalon_jtag_uart_init.o)
 .debug_info    0x00000000000011fc      0x280 ../SSDSoftware_bsp/\libhal_bsp.a(altera_avalon_jtag_uart_ioctl.o)
 .debug_info    0x000000000000147c      0x345 ../SSDSoftware_bsp/\libhal_bsp.a(altera_avalon_jtag_uart_read.o)
 .debug_info    0x00000000000017c1      0x340 ../SSDSoftware_bsp/\libhal_bsp.a(altera_avalon_jtag_uart_write.o)
 .debug_info    0x0000000000001b01      0x2cc ../SSDSoftware_bsp/\libhal_bsp.a(alt_alarm_start.o)
 .debug_info    0x0000000000001dcd      0x321 ../SSDSoftware_bsp/\libhal_bsp.a(alt_close.o)
 .debug_info    0x00000000000020ee       0x92 ../SSDSoftware_bsp/\libhal_bsp.a(alt_dcache_flush_all.o)
 .debug_info    0x0000000000002180      0x49c ../SSDSoftware_bsp/\libhal_bsp.a(alt_dev.o)
 .debug_info    0x000000000000261c      0x1a9 ../SSDSoftware_bsp/\libhal_bsp.a(alt_dev_llist_insert.o)
 .debug_info    0x00000000000027c5       0x83 ../SSDSoftware_bsp/\libhal_bsp.a(alt_do_ctors.o)
 .debug_info    0x0000000000002848       0x83 ../SSDSoftware_bsp/\libhal_bsp.a(alt_do_dtors.o)
 .debug_info    0x00000000000028cb       0xa6 ../SSDSoftware_bsp/\libhal_bsp.a(alt_errno.o)
 .debug_info    0x0000000000002971       0x92 ../SSDSoftware_bsp/\libhal_bsp.a(alt_icache_flush_all.o)
 .debug_info    0x0000000000002a03      0x350 ../SSDSoftware_bsp/\libhal_bsp.a(alt_iic.o)
 .debug_info    0x0000000000002d53      0x1ef ../SSDSoftware_bsp/\libhal_bsp.a(alt_iic_isr_register.o)
 .debug_info    0x0000000000002f42      0x4a5 ../SSDSoftware_bsp/\libhal_bsp.a(alt_io_redirect.o)
 .debug_info    0x00000000000033e7       0x7a ../SSDSoftware_bsp/\libhal_bsp.a(alt_irq_entry.o)
 .debug_info    0x0000000000003461      0x187 ../SSDSoftware_bsp/\libhal_bsp.a(alt_irq_handler.o)
 .debug_info    0x00000000000035e8       0x88 ../SSDSoftware_bsp/\libhal_bsp.a(alt_irq_vars.o)
 .debug_info    0x0000000000003670      0x3bb ../SSDSoftware_bsp/\libhal_bsp.a(alt_open.o)
 .debug_info    0x0000000000003a2b      0x2b0 ../SSDSoftware_bsp/\libhal_bsp.a(alt_release_fd.o)
 .debug_info    0x0000000000003cdb      0x299 ../SSDSoftware_bsp/\libhal_bsp.a(alt_tick.o)
 .debug_info    0x0000000000003f74       0x92 ../SSDSoftware_bsp/\libhal_bsp.a(altera_nios2_gen2_irq.o)
 .debug_info    0x0000000000004006       0x80 ../SSDSoftware_bsp/\libhal_bsp.a(alt_exception_entry.o)
 .debug_info    0x0000000000004086      0x2e9 ../SSDSoftware_bsp/\libhal_bsp.a(alt_find_dev.o)
 .debug_info    0x000000000000436f      0x2e6 ../SSDSoftware_bsp/\libhal_bsp.a(alt_find_file.o)
 .debug_info    0x0000000000004655      0x310 ../SSDSoftware_bsp/\libhal_bsp.a(alt_get_fd.o)
 .debug_info    0x0000000000004965      0x1e7 ../SSDSoftware_bsp/\libhal_bsp.a(alt_instruction_exception_entry.o)
 .debug_info    0x0000000000004b4c       0xfe c:/intelfpga_lite/18.1/nios2eds/bin/gnu/h-x86_64-mingw32/bin/../lib/gcc/nios2-elf/5.3.0/../../../../../H-x86_64-mingw32/nios2-elf/lib/mno-hw-mul\libc.a(lib_a-atexit.o)
 .debug_info    0x0000000000004c4a      0x8e4 c:/intelfpga_lite/18.1/nios2eds/bin/gnu/h-x86_64-mingw32/bin/../lib/gcc/nios2-elf/5.3.0/../../../../../H-x86_64-mingw32/nios2-elf/lib/mno-hw-mul\libc.a(lib_a-exit.o)
 .debug_info    0x000000000000552e      0x8a1 c:/intelfpga_lite/18.1/nios2eds/bin/gnu/h-x86_64-mingw32/bin/../lib/gcc/nios2-elf/5.3.0/../../../../../H-x86_64-mingw32/nios2-elf/lib/mno-hw-mul\libc.a(lib_a-impure.o)
 .debug_info    0x0000000000005dcf       0x8a c:/intelfpga_lite/18.1/nios2eds/bin/gnu/h-x86_64-mingw32/bin/../lib/gcc/nios2-elf/5.3.0/../../../../../H-x86_64-mingw32/nios2-elf/lib/mno-hw-mul\libc.a(lib_a-int_errno.o)
 .debug_info    0x0000000000005e59      0x11a c:/intelfpga_lite/18.1/nios2eds/bin/gnu/h-x86_64-mingw32/bin/../lib/gcc/nios2-elf/5.3.0/../../../../../H-x86_64-mingw32/nios2-elf/lib/mno-hw-mul\libc.a(lib_a-memcmp.o)
 .debug_info    0x0000000000005f73      0x144 c:/intelfpga_lite/18.1/nios2eds/bin/gnu/h-x86_64-mingw32/bin/../lib/gcc/nios2-elf/5.3.0/../../../../../H-x86_64-mingw32/nios2-elf/lib/mno-hw-mul\libc.a(lib_a-memcpy.o)
 .debug_info    0x00000000000060b7       0xe2 c:/intelfpga_lite/18.1/nios2eds/bin/gnu/h-x86_64-mingw32/bin/../lib/gcc/nios2-elf/5.3.0/../../../../../H-x86_64-mingw32/nios2-elf/lib/mno-hw-mul\libc.a(lib_a-strlen.o)
 .debug_info    0x0000000000006199      0x934 c:/intelfpga_lite/18.1/nios2eds/bin/gnu/h-x86_64-mingw32/bin/../lib/gcc/nios2-elf/5.3.0/../../../../../H-x86_64-mingw32/nios2-elf/lib/mno-hw-mul\libc.a(lib_a-__atexit.o)
 .debug_info    0x0000000000006acd      0x965 c:/intelfpga_lite/18.1/nios2eds/bin/gnu/h-x86_64-mingw32/bin/../lib/gcc/nios2-elf/5.3.0/../../../../../H-x86_64-mingw32/nios2-elf/lib/mno-hw-mul\libc.a(lib_a-__call_atexit.o)
 .debug_info    0x0000000000007432       0xec ../SSDSoftware_bsp/\libhal_bsp.a(alt_exit.o)

.debug_abbrev   0x0000000000000000     0x294b
 *(.debug_abbrev)
 .debug_abbrev  0x0000000000000000       0x12 ../SSDSoftware_bsp//obj/HAL/src/crt0.o
 .debug_abbrev  0x0000000000000012       0x97 obj/default/Principal.o
 .debug_abbrev  0x00000000000000a9       0x6f c:/intelfpga_lite/18.1/nios2eds/bin/gnu/h-x86_64-mingw32/bin/../lib/gcc/nios2-elf/5.3.0/mno-hw-mul\libgcc.a(lib2-mul.o)
 .debug_abbrev  0x0000000000000118       0x9f ../SSDSoftware_bsp/\libhal_bsp.a(alt_load.o)
 .debug_abbrev  0x00000000000001b7       0xba ../SSDSoftware_bsp/\libhal_bsp.a(alt_main.o)
 .debug_abbrev  0x0000000000000271      0x187 ../SSDSoftware_bsp/\libhal_bsp.a(alt_sys_init.o)
 .debug_abbrev  0x00000000000003f8      0x127 ../SSDSoftware_bsp/\libhal_bsp.a(altera_avalon_jtag_uart_fd.o)
 .debug_abbrev  0x000000000000051f      0x19e ../SSDSoftware_bsp/\libhal_bsp.a(altera_avalon_jtag_uart_init.o)
 .debug_abbrev  0x00000000000006bd      0x111 ../SSDSoftware_bsp/\libhal_bsp.a(altera_avalon_jtag_uart_ioctl.o)
 .debug_abbrev  0x00000000000007ce      0x1aa ../SSDSoftware_bsp/\libhal_bsp.a(altera_avalon_jtag_uart_read.o)
 .debug_abbrev  0x0000000000000978      0x1a8 ../SSDSoftware_bsp/\libhal_bsp.a(altera_avalon_jtag_uart_write.o)
 .debug_abbrev  0x0000000000000b20      0x162 ../SSDSoftware_bsp/\libhal_bsp.a(alt_alarm_start.o)
 .debug_abbrev  0x0000000000000c82      0x11f ../SSDSoftware_bsp/\libhal_bsp.a(alt_close.o)
 .debug_abbrev  0x0000000000000da1       0x42 ../SSDSoftware_bsp/\libhal_bsp.a(alt_dcache_flush_all.o)
 .debug_abbrev  0x0000000000000de3       0xd9 ../SSDSoftware_bsp/\libhal_bsp.a(alt_dev.o)
 .debug_abbrev  0x0000000000000ebc      0x114 ../SSDSoftware_bsp/\libhal_bsp.a(alt_dev_llist_insert.o)
 .debug_abbrev  0x0000000000000fd0       0x79 ../SSDSoftware_bsp/\libhal_bsp.a(alt_do_ctors.o)
 .debug_abbrev  0x0000000000001049       0x79 ../SSDSoftware_bsp/\libhal_bsp.a(alt_do_dtors.o)
 .debug_abbrev  0x00000000000010c2       0x5a ../SSDSoftware_bsp/\libhal_bsp.a(alt_errno.o)
 .debug_abbrev  0x000000000000111c       0x42 ../SSDSoftware_bsp/\libhal_bsp.a(alt_icache_flush_all.o)
 .debug_abbrev  0x000000000000115e      0x163 ../SSDSoftware_bsp/\libhal_bsp.a(alt_iic.o)
 .debug_abbrev  0x00000000000012c1      0x169 ../SSDSoftware_bsp/\libhal_bsp.a(alt_iic_isr_register.o)
 .debug_abbrev  0x000000000000142a      0x114 ../SSDSoftware_bsp/\libhal_bsp.a(alt_io_redirect.o)
 .debug_abbrev  0x000000000000153e       0x12 ../SSDSoftware_bsp/\libhal_bsp.a(alt_irq_entry.o)
 .debug_abbrev  0x0000000000001550      0x122 ../SSDSoftware_bsp/\libhal_bsp.a(alt_irq_handler.o)
 .debug_abbrev  0x0000000000001672       0x40 ../SSDSoftware_bsp/\libhal_bsp.a(alt_irq_vars.o)
 .debug_abbrev  0x00000000000016b2      0x148 ../SSDSoftware_bsp/\libhal_bsp.a(alt_open.o)
 .debug_abbrev  0x00000000000017fa       0xde ../SSDSoftware_bsp/\libhal_bsp.a(alt_release_fd.o)
 .debug_abbrev  0x00000000000018d8      0x15a ../SSDSoftware_bsp/\libhal_bsp.a(alt_tick.o)
 .debug_abbrev  0x0000000000001a32       0x42 ../SSDSoftware_bsp/\libhal_bsp.a(altera_nios2_gen2_irq.o)
 .debug_abbrev  0x0000000000001a74       0x12 ../SSDSoftware_bsp/\libhal_bsp.a(alt_exception_entry.o)
 .debug_abbrev  0x0000000000001a86       0xf0 ../SSDSoftware_bsp/\libhal_bsp.a(alt_find_dev.o)
 .debug_abbrev  0x0000000000001b76       0xf0 ../SSDSoftware_bsp/\libhal_bsp.a(alt_find_file.o)
 .debug_abbrev  0x0000000000001c66      0x10d ../SSDSoftware_bsp/\libhal_bsp.a(alt_get_fd.o)
 .debug_abbrev  0x0000000000001d73       0xdc ../SSDSoftware_bsp/\libhal_bsp.a(alt_instruction_exception_entry.o)
 .debug_abbrev  0x0000000000001e4f       0xaa c:/intelfpga_lite/18.1/nios2eds/bin/gnu/h-x86_64-mingw32/bin/../lib/gcc/nios2-elf/5.3.0/../../../../../H-x86_64-mingw32/nios2-elf/lib/mno-hw-mul\libc.a(lib_a-atexit.o)
 .debug_abbrev  0x0000000000001ef9      0x1e5 c:/intelfpga_lite/18.1/nios2eds/bin/gnu/h-x86_64-mingw32/bin/../lib/gcc/nios2-elf/5.3.0/../../../../../H-x86_64-mingw32/nios2-elf/lib/mno-hw-mul\libc.a(lib_a-exit.o)
 .debug_abbrev  0x00000000000020de      0x18f c:/intelfpga_lite/18.1/nios2eds/bin/gnu/h-x86_64-mingw32/bin/../lib/gcc/nios2-elf/5.3.0/../../../../../H-x86_64-mingw32/nios2-elf/lib/mno-hw-mul\libc.a(lib_a-impure.o)
 .debug_abbrev  0x000000000000226d       0x37 c:/intelfpga_lite/18.1/nios2eds/bin/gnu/h-x86_64-mingw32/bin/../lib/gcc/nios2-elf/5.3.0/../../../../../H-x86_64-mingw32/nios2-elf/lib/mno-hw-mul\libc.a(lib_a-int_errno.o)
 .debug_abbrev  0x00000000000022a4       0x7f c:/intelfpga_lite/18.1/nios2eds/bin/gnu/h-x86_64-mingw32/bin/../lib/gcc/nios2-elf/5.3.0/../../../../../H-x86_64-mingw32/nios2-elf/lib/mno-hw-mul\libc.a(lib_a-memcmp.o)
 .debug_abbrev  0x0000000000002323       0xa3 c:/intelfpga_lite/18.1/nios2eds/bin/gnu/h-x86_64-mingw32/bin/../lib/gcc/nios2-elf/5.3.0/../../../../../H-x86_64-mingw32/nios2-elf/lib/mno-hw-mul\libc.a(lib_a-memcpy.o)
 .debug_abbrev  0x00000000000023c6       0x90 c:/intelfpga_lite/18.1/nios2eds/bin/gnu/h-x86_64-mingw32/bin/../lib/gcc/nios2-elf/5.3.0/../../../../../H-x86_64-mingw32/nios2-elf/lib/mno-hw-mul\libc.a(lib_a-strlen.o)
 .debug_abbrev  0x0000000000002456      0x21e c:/intelfpga_lite/18.1/nios2eds/bin/gnu/h-x86_64-mingw32/bin/../lib/gcc/nios2-elf/5.3.0/../../../../../H-x86_64-mingw32/nios2-elf/lib/mno-hw-mul\libc.a(lib_a-__atexit.o)
 .debug_abbrev  0x0000000000002674      0x22e c:/intelfpga_lite/18.1/nios2eds/bin/gnu/h-x86_64-mingw32/bin/../lib/gcc/nios2-elf/5.3.0/../../../../../H-x86_64-mingw32/nios2-elf/lib/mno-hw-mul\libc.a(lib_a-__call_atexit.o)
 .debug_abbrev  0x00000000000028a2       0xa9 ../SSDSoftware_bsp/\libhal_bsp.a(alt_exit.o)

.debug_line     0x0000000000000000     0x297a
 *(.debug_line)
 .debug_line    0x0000000000000000       0x66 ../SSDSoftware_bsp//obj/HAL/src/crt0.o
 .debug_line    0x0000000000000066       0x67 obj/default/Principal.o
 .debug_line    0x00000000000000cd       0x80 c:/intelfpga_lite/18.1/nios2eds/bin/gnu/h-x86_64-mingw32/bin/../lib/gcc/nios2-elf/5.3.0/mno-hw-mul\libgcc.a(lib2-mul.o)
 .debug_line    0x000000000000014d       0x8e ../SSDSoftware_bsp/\libhal_bsp.a(alt_load.o)
 .debug_line    0x00000000000001db       0xa4 ../SSDSoftware_bsp/\libhal_bsp.a(alt_main.o)
 .debug_line    0x000000000000027f      0x136 ../SSDSoftware_bsp/\libhal_bsp.a(alt_sys_init.o)
 .debug_line    0x00000000000003b5      0x12f ../SSDSoftware_bsp/\libhal_bsp.a(altera_avalon_jtag_uart_fd.o)
 .debug_line    0x00000000000004e4      0x18b ../SSDSoftware_bsp/\libhal_bsp.a(altera_avalon_jtag_uart_init.o)
 .debug_line    0x000000000000066f      0x131 ../SSDSoftware_bsp/\libhal_bsp.a(altera_avalon_jtag_uart_ioctl.o)
 .debug_line    0x00000000000007a0      0x171 ../SSDSoftware_bsp/\libhal_bsp.a(altera_avalon_jtag_uart_read.o)
 .debug_line    0x0000000000000911      0x170 ../SSDSoftware_bsp/\libhal_bsp.a(altera_avalon_jtag_uart_write.o)
 .debug_line    0x0000000000000a81       0xf9 ../SSDSoftware_bsp/\libhal_bsp.a(alt_alarm_start.o)
 .debug_line    0x0000000000000b7a      0x165 ../SSDSoftware_bsp/\libhal_bsp.a(alt_close.o)
 .debug_line    0x0000000000000cdf       0x51 ../SSDSoftware_bsp/\libhal_bsp.a(alt_dcache_flush_all.o)
 .debug_line    0x0000000000000d30       0xf8 ../SSDSoftware_bsp/\libhal_bsp.a(alt_dev.o)
 .debug_line    0x0000000000000e28       0xcf ../SSDSoftware_bsp/\libhal_bsp.a(alt_dev_llist_insert.o)
 .debug_line    0x0000000000000ef7       0x59 ../SSDSoftware_bsp/\libhal_bsp.a(alt_do_ctors.o)
 .debug_line    0x0000000000000f50       0x59 ../SSDSoftware_bsp/\libhal_bsp.a(alt_do_dtors.o)
 .debug_line    0x0000000000000fa9       0x51 ../SSDSoftware_bsp/\libhal_bsp.a(alt_errno.o)
 .debug_line    0x0000000000000ffa       0x4f ../SSDSoftware_bsp/\libhal_bsp.a(alt_icache_flush_all.o)
 .debug_line    0x0000000000001049       0xeb ../SSDSoftware_bsp/\libhal_bsp.a(alt_iic.o)
 .debug_line    0x0000000000001134       0xdb ../SSDSoftware_bsp/\libhal_bsp.a(alt_iic_isr_register.o)
 .debug_line    0x000000000000120f      0x135 ../SSDSoftware_bsp/\libhal_bsp.a(alt_io_redirect.o)
 .debug_line    0x0000000000001344       0x6b ../SSDSoftware_bsp/\libhal_bsp.a(alt_irq_entry.o)
 .debug_line    0x00000000000013af       0xaa ../SSDSoftware_bsp/\libhal_bsp.a(alt_irq_handler.o)
 .debug_line    0x0000000000001459       0x50 ../SSDSoftware_bsp/\libhal_bsp.a(alt_irq_vars.o)
 .debug_line    0x00000000000014a9      0x12b ../SSDSoftware_bsp/\libhal_bsp.a(alt_open.o)
 .debug_line    0x00000000000015d4       0xb0 ../SSDSoftware_bsp/\libhal_bsp.a(alt_release_fd.o)
 .debug_line    0x0000000000001684       0xff ../SSDSoftware_bsp/\libhal_bsp.a(alt_tick.o)
 .debug_line    0x0000000000001783       0x51 ../SSDSoftware_bsp/\libhal_bsp.a(altera_nios2_gen2_irq.o)
 .debug_line    0x00000000000017d4       0xb3 ../SSDSoftware_bsp/\libhal_bsp.a(alt_exception_entry.o)
 .debug_line    0x0000000000001887       0xb5 ../SSDSoftware_bsp/\libhal_bsp.a(alt_find_dev.o)
 .debug_line    0x000000000000193c       0xd1 ../SSDSoftware_bsp/\libhal_bsp.a(alt_find_file.o)
 .debug_line    0x0000000000001a0d       0xd7 ../SSDSoftware_bsp/\libhal_bsp.a(alt_get_fd.o)
 .debug_line    0x0000000000001ae4       0xb9 ../SSDSoftware_bsp/\libhal_bsp.a(alt_instruction_exception_entry.o)
 .debug_line    0x0000000000001b9d       0xe7 c:/intelfpga_lite/18.1/nios2eds/bin/gnu/h-x86_64-mingw32/bin/../lib/gcc/nios2-elf/5.3.0/../../../../../H-x86_64-mingw32/nios2-elf/lib/mno-hw-mul\libc.a(lib_a-atexit.o)
 .debug_line    0x0000000000001c84      0x1fc c:/intelfpga_lite/18.1/nios2eds/bin/gnu/h-x86_64-mingw32/bin/../lib/gcc/nios2-elf/5.3.0/../../../../../H-x86_64-mingw32/nios2-elf/lib/mno-hw-mul\libc.a(lib_a-exit.o)
 .debug_line    0x0000000000001e80      0x160 c:/intelfpga_lite/18.1/nios2eds/bin/gnu/h-x86_64-mingw32/bin/../lib/gcc/nios2-elf/5.3.0/../../../../../H-x86_64-mingw32/nios2-elf/lib/mno-hw-mul\libc.a(lib_a-impure.o)
 .debug_line    0x0000000000001fe0       0x5f c:/intelfpga_lite/18.1/nios2eds/bin/gnu/h-x86_64-mingw32/bin/../lib/gcc/nios2-elf/5.3.0/../../../../../H-x86_64-mingw32/nios2-elf/lib/mno-hw-mul\libc.a(lib_a-int_errno.o)
 .debug_line    0x000000000000203f      0x176 c:/intelfpga_lite/18.1/nios2eds/bin/gnu/h-x86_64-mingw32/bin/../lib/gcc/nios2-elf/5.3.0/../../../../../H-x86_64-mingw32/nios2-elf/lib/mno-hw-mul\libc.a(lib_a-memcmp.o)
 .debug_line    0x00000000000021b5      0x18c c:/intelfpga_lite/18.1/nios2eds/bin/gnu/h-x86_64-mingw32/bin/../lib/gcc/nios2-elf/5.3.0/../../../../../H-x86_64-mingw32/nios2-elf/lib/mno-hw-mul\libc.a(lib_a-memcpy.o)
 .debug_line    0x0000000000002341      0x16f c:/intelfpga_lite/18.1/nios2eds/bin/gnu/h-x86_64-mingw32/bin/../lib/gcc/nios2-elf/5.3.0/../../../../../H-x86_64-mingw32/nios2-elf/lib/mno-hw-mul\libc.a(lib_a-strlen.o)
 .debug_line    0x00000000000024b0      0x21f c:/intelfpga_lite/18.1/nios2eds/bin/gnu/h-x86_64-mingw32/bin/../lib/gcc/nios2-elf/5.3.0/../../../../../H-x86_64-mingw32/nios2-elf/lib/mno-hw-mul\libc.a(lib_a-__atexit.o)
 .debug_line    0x00000000000026cf      0x23a c:/intelfpga_lite/18.1/nios2eds/bin/gnu/h-x86_64-mingw32/bin/../lib/gcc/nios2-elf/5.3.0/../../../../../H-x86_64-mingw32/nios2-elf/lib/mno-hw-mul\libc.a(lib_a-__call_atexit.o)
 .debug_line    0x0000000000002909       0x71 ../SSDSoftware_bsp/\libhal_bsp.a(alt_exit.o)

.debug_frame    0x0000000000000000      0xab0
 *(.debug_frame)
 .debug_frame   0x0000000000000000       0x38 obj/default/Principal.o
 .debug_frame   0x0000000000000038       0x20 c:/intelfpga_lite/18.1/nios2eds/bin/gnu/h-x86_64-mingw32/bin/../lib/gcc/nios2-elf/5.3.0/mno-hw-mul\libgcc.a(lib2-mul.o)
 .debug_frame   0x0000000000000058       0x5c ../SSDSoftware_bsp/\libhal_bsp.a(alt_load.o)
 .debug_frame   0x00000000000000b4       0x2c ../SSDSoftware_bsp/\libhal_bsp.a(alt_main.o)
 .debug_frame   0x00000000000000e0       0x88 ../SSDSoftware_bsp/\libhal_bsp.a(alt_sys_init.o)
 .debug_frame   0x0000000000000168       0xb0 ../SSDSoftware_bsp/\libhal_bsp.a(altera_avalon_jtag_uart_fd.o)
 .debug_frame   0x0000000000000218       0xa4 ../SSDSoftware_bsp/\libhal_bsp.a(altera_avalon_jtag_uart_init.o)
 .debug_frame   0x00000000000002bc       0x34 ../SSDSoftware_bsp/\libhal_bsp.a(altera_avalon_jtag_uart_ioctl.o)
 .debug_frame   0x00000000000002f0       0x38 ../SSDSoftware_bsp/\libhal_bsp.a(altera_avalon_jtag_uart_read.o)
 .debug_frame   0x0000000000000328       0x38 ../SSDSoftware_bsp/\libhal_bsp.a(altera_avalon_jtag_uart_write.o)
 .debug_frame   0x0000000000000360       0x34 ../SSDSoftware_bsp/\libhal_bsp.a(alt_alarm_start.o)
 .debug_frame   0x0000000000000394       0x60 ../SSDSoftware_bsp/\libhal_bsp.a(alt_close.o)
 .debug_frame   0x00000000000003f4       0x34 ../SSDSoftware_bsp/\libhal_bsp.a(alt_dcache_flush_all.o)
 .debug_frame   0x0000000000000428       0x34 ../SSDSoftware_bsp/\libhal_bsp.a(alt_dev.o)
 .debug_frame   0x000000000000045c       0x60 ../SSDSoftware_bsp/\libhal_bsp.a(alt_dev_llist_insert.o)
 .debug_frame   0x00000000000004bc       0x38 ../SSDSoftware_bsp/\libhal_bsp.a(alt_do_ctors.o)
 .debug_frame   0x00000000000004f4       0x38 ../SSDSoftware_bsp/\libhal_bsp.a(alt_do_dtors.o)
 .debug_frame   0x000000000000052c       0x34 ../SSDSoftware_bsp/\libhal_bsp.a(alt_icache_flush_all.o)
 .debug_frame   0x0000000000000560       0xa4 ../SSDSoftware_bsp/\libhal_bsp.a(alt_iic.o)
 .debug_frame   0x0000000000000604       0x38 ../SSDSoftware_bsp/\libhal_bsp.a(alt_iic_isr_register.o)
 .debug_frame   0x000000000000063c       0x64 ../SSDSoftware_bsp/\libhal_bsp.a(alt_io_redirect.o)
 .debug_frame   0x00000000000006a0       0x38 ../SSDSoftware_bsp/\libhal_bsp.a(alt_irq_handler.o)
 .debug_frame   0x00000000000006d8       0x8c ../SSDSoftware_bsp/\libhal_bsp.a(alt_open.o)
 .debug_frame   0x0000000000000764       0x3c ../SSDSoftware_bsp/\libhal_bsp.a(alt_release_fd.o)
 .debug_frame   0x00000000000007a0       0x5c ../SSDSoftware_bsp/\libhal_bsp.a(alt_tick.o)
 .debug_frame   0x00000000000007fc       0x34 ../SSDSoftware_bsp/\libhal_bsp.a(altera_nios2_gen2_irq.o)
 .debug_frame   0x0000000000000830       0x38 ../SSDSoftware_bsp/\libhal_bsp.a(alt_find_dev.o)
 .debug_frame   0x0000000000000868       0x38 ../SSDSoftware_bsp/\libhal_bsp.a(alt_find_file.o)
 .debug_frame   0x00000000000008a0       0x3c ../SSDSoftware_bsp/\libhal_bsp.a(alt_get_fd.o)
 .debug_frame   0x00000000000008dc       0x5c ../SSDSoftware_bsp/\libhal_bsp.a(alt_instruction_exception_entry.o)
 .debug_frame   0x0000000000000938       0x20 c:/intelfpga_lite/18.1/nios2eds/bin/gnu/h-x86_64-mingw32/bin/../lib/gcc/nios2-elf/5.3.0/../../../../../H-x86_64-mingw32/nios2-elf/lib/mno-hw-mul\libc.a(lib_a-atexit.o)
 .debug_frame   0x0000000000000958       0x28 c:/intelfpga_lite/18.1/nios2eds/bin/gnu/h-x86_64-mingw32/bin/../lib/gcc/nios2-elf/5.3.0/../../../../../H-x86_64-mingw32/nios2-elf/lib/mno-hw-mul\libc.a(lib_a-exit.o)
 .debug_frame   0x0000000000000980       0x20 c:/intelfpga_lite/18.1/nios2eds/bin/gnu/h-x86_64-mingw32/bin/../lib/gcc/nios2-elf/5.3.0/../../../../../H-x86_64-mingw32/nios2-elf/lib/mno-hw-mul\libc.a(lib_a-memcmp.o)
 .debug_frame   0x00000000000009a0       0x38 c:/intelfpga_lite/18.1/nios2eds/bin/gnu/h-x86_64-mingw32/bin/../lib/gcc/nios2-elf/5.3.0/../../../../../H-x86_64-mingw32/nios2-elf/lib/mno-hw-mul\libc.a(lib_a-memcpy.o)
 .debug_frame   0x00000000000009d8       0x20 c:/intelfpga_lite/18.1/nios2eds/bin/gnu/h-x86_64-mingw32/bin/../lib/gcc/nios2-elf/5.3.0/../../../../../H-x86_64-mingw32/nios2-elf/lib/mno-hw-mul\libc.a(lib_a-strlen.o)
 .debug_frame   0x00000000000009f8       0x38 c:/intelfpga_lite/18.1/nios2eds/bin/gnu/h-x86_64-mingw32/bin/../lib/gcc/nios2-elf/5.3.0/../../../../../H-x86_64-mingw32/nios2-elf/lib/mno-hw-mul\libc.a(lib_a-__atexit.o)
 .debug_frame   0x0000000000000a30       0x54 c:/intelfpga_lite/18.1/nios2eds/bin/gnu/h-x86_64-mingw32/bin/../lib/gcc/nios2-elf/5.3.0/../../../../../H-x86_64-mingw32/nios2-elf/lib/mno-hw-mul\libc.a(lib_a-__call_atexit.o)
 .debug_frame   0x0000000000000a84       0x2c ../SSDSoftware_bsp/\libhal_bsp.a(alt_exit.o)

.debug_str      0x0000000000000000     0x1b74
 *(.debug_str)
 .debug_str     0x0000000000000000       0xb2 obj/default/Principal.o
                                         0xb7 (size before relaxing)
 .debug_str     0x00000000000000b2      0x173 c:/intelfpga_lite/18.1/nios2eds/bin/gnu/h-x86_64-mingw32/bin/../lib/gcc/nios2-elf/5.3.0/mno-hw-mul\libgcc.a(lib2-mul.o)
                                        0x193 (size before relaxing)
 .debug_str     0x0000000000000225      0x15f ../SSDSoftware_bsp/\libhal_bsp.a(alt_load.o)
                                        0x215 (size before relaxing)
 .debug_str     0x0000000000000384       0x70 ../SSDSoftware_bsp/\libhal_bsp.a(alt_main.o)
                                        0x1a0 (size before relaxing)
 .debug_str     0x00000000000003f4      0x1a0 ../SSDSoftware_bsp/\libhal_bsp.a(alt_sys_init.o)
                                        0x359 (size before relaxing)
 .debug_str     0x0000000000000594       0xb9 ../SSDSoftware_bsp/\libhal_bsp.a(altera_avalon_jtag_uart_fd.o)
                                        0x3a7 (size before relaxing)
 .debug_str     0x000000000000064d       0xd1 ../SSDSoftware_bsp/\libhal_bsp.a(altera_avalon_jtag_uart_init.o)
                                        0x33b (size before relaxing)
 .debug_str     0x000000000000071e       0x4a ../SSDSoftware_bsp/\libhal_bsp.a(altera_avalon_jtag_uart_ioctl.o)
                                        0x296 (size before relaxing)
 .debug_str     0x0000000000000768       0x7f ../SSDSoftware_bsp/\libhal_bsp.a(altera_avalon_jtag_uart_read.o)
                                        0x2eb (size before relaxing)
 .debug_str     0x00000000000007e7       0x4a ../SSDSoftware_bsp/\libhal_bsp.a(altera_avalon_jtag_uart_write.o)
                                        0x2ec (size before relaxing)
 .debug_str     0x0000000000000831       0x59 ../SSDSoftware_bsp/\libhal_bsp.a(alt_alarm_start.o)
                                        0x281 (size before relaxing)
 .debug_str     0x000000000000088a       0x44 ../SSDSoftware_bsp/\libhal_bsp.a(alt_close.o)
                                        0x20e (size before relaxing)
 .debug_str     0x00000000000008ce       0x34 ../SSDSoftware_bsp/\libhal_bsp.a(alt_dcache_flush_all.o)
                                        0x158 (size before relaxing)
 .debug_str     0x0000000000000902      0x120 ../SSDSoftware_bsp/\libhal_bsp.a(alt_dev.o)
                                        0x308 (size before relaxing)
 .debug_str     0x0000000000000a22       0x34 ../SSDSoftware_bsp/\libhal_bsp.a(alt_dev_llist_insert.o)
                                        0x1cf (size before relaxing)
 .debug_str     0x0000000000000a56       0x48 ../SSDSoftware_bsp/\libhal_bsp.a(alt_do_ctors.o)
                                         0xd3 (size before relaxing)
 .debug_str     0x0000000000000a9e       0x4c ../SSDSoftware_bsp/\libhal_bsp.a(alt_do_dtors.o)
                                         0xd2 (size before relaxing)
 .debug_str     0x0000000000000aea       0x14 ../SSDSoftware_bsp/\libhal_bsp.a(alt_errno.o)
                                        0x148 (size before relaxing)
 .debug_str     0x0000000000000afe       0x34 ../SSDSoftware_bsp/\libhal_bsp.a(alt_icache_flush_all.o)
                                        0x158 (size before relaxing)
 .debug_str     0x0000000000000b32       0xc4 ../SSDSoftware_bsp/\libhal_bsp.a(alt_iic.o)
                                        0x241 (size before relaxing)
 .debug_str     0x0000000000000bf6       0x4c ../SSDSoftware_bsp/\libhal_bsp.a(alt_iic_isr_register.o)
                                        0x1eb (size before relaxing)
 .debug_str     0x0000000000000c42       0x56 ../SSDSoftware_bsp/\libhal_bsp.a(alt_io_redirect.o)
                                        0x319 (size before relaxing)
 .debug_str     0x0000000000000c98       0x3a ../SSDSoftware_bsp/\libhal_bsp.a(alt_irq_handler.o)
                                        0x19a (size before relaxing)
 .debug_str     0x0000000000000cd2       0x17 ../SSDSoftware_bsp/\libhal_bsp.a(alt_irq_vars.o)
                                        0x13d (size before relaxing)
 .debug_str     0x0000000000000ce9       0x2f ../SSDSoftware_bsp/\libhal_bsp.a(alt_open.o)
                                        0x24e (size before relaxing)
 .debug_str     0x0000000000000d18       0x28 ../SSDSoftware_bsp/\libhal_bsp.a(alt_release_fd.o)
                                        0x1d6 (size before relaxing)
 .debug_str     0x0000000000000d40       0x4a ../SSDSoftware_bsp/\libhal_bsp.a(alt_tick.o)
                                        0x255 (size before relaxing)
 .debug_str     0x0000000000000d8a       0x3b ../SSDSoftware_bsp/\libhal_bsp.a(altera_nios2_gen2_irq.o)
                                        0x15f (size before relaxing)
 .debug_str     0x0000000000000dc5       0x24 ../SSDSoftware_bsp/\libhal_bsp.a(alt_find_dev.o)
                                        0x1ef (size before relaxing)
 .debug_str     0x0000000000000de9       0x26 ../SSDSoftware_bsp/\libhal_bsp.a(alt_find_file.o)
                                        0x1fd (size before relaxing)
 .debug_str     0x0000000000000e0f       0x30 ../SSDSoftware_bsp/\libhal_bsp.a(alt_get_fd.o)
                                        0x21f (size before relaxing)
 .debug_str     0x0000000000000e3f      0x48b ../SSDSoftware_bsp/\libhal_bsp.a(alt_instruction_exception_entry.o)
                                        0x5a3 (size before relaxing)
 .debug_str     0x00000000000012ca      0x17c c:/intelfpga_lite/18.1/nios2eds/bin/gnu/h-x86_64-mingw32/bin/../lib/gcc/nios2-elf/5.3.0/../../../../../H-x86_64-mingw32/nios2-elf/lib/mno-hw-mul\libc.a(lib_a-atexit.o)
                                        0x221 (size before relaxing)
 .debug_str     0x0000000000001446      0x3b5 c:/intelfpga_lite/18.1/nios2eds/bin/gnu/h-x86_64-mingw32/bin/../lib/gcc/nios2-elf/5.3.0/../../../../../H-x86_64-mingw32/nios2-elf/lib/mno-hw-mul\libc.a(lib_a-exit.o)
                                        0x5be (size before relaxing)
 .debug_str     0x00000000000017fb       0xd6 c:/intelfpga_lite/18.1/nios2eds/bin/gnu/h-x86_64-mingw32/bin/../lib/gcc/nios2-elf/5.3.0/../../../../../H-x86_64-mingw32/nios2-elf/lib/mno-hw-mul\libc.a(lib_a-impure.o)
                                        0x5b5 (size before relaxing)
 .debug_str     0x00000000000018d1       0x3f c:/intelfpga_lite/18.1/nios2eds/bin/gnu/h-x86_64-mingw32/bin/../lib/gcc/nios2-elf/5.3.0/../../../../../H-x86_64-mingw32/nios2-elf/lib/mno-hw-mul\libc.a(lib_a-int_errno.o)
                                        0x1dd (size before relaxing)
 .debug_str     0x0000000000001910       0xda c:/intelfpga_lite/18.1/nios2eds/bin/gnu/h-x86_64-mingw32/bin/../lib/gcc/nios2-elf/5.3.0/../../../../../H-x86_64-mingw32/nios2-elf/lib/mno-hw-mul\libc.a(lib_a-memcmp.o)
                                        0x1e4 (size before relaxing)
 .debug_str     0x00000000000019ea       0x6b c:/intelfpga_lite/18.1/nios2eds/bin/gnu/h-x86_64-mingw32/bin/../lib/gcc/nios2-elf/5.3.0/../../../../../H-x86_64-mingw32/nios2-elf/lib/mno-hw-mul\libc.a(lib_a-memcpy.o)
                                        0x20b (size before relaxing)
 .debug_str     0x0000000000001a55       0x51 c:/intelfpga_lite/18.1/nios2eds/bin/gnu/h-x86_64-mingw32/bin/../lib/gcc/nios2-elf/5.3.0/../../../../../H-x86_64-mingw32/nios2-elf/lib/mno-hw-mul\libc.a(lib_a-strlen.o)
                                        0x1f7 (size before relaxing)
 .debug_str     0x0000000000001aa6       0x3f c:/intelfpga_lite/18.1/nios2eds/bin/gnu/h-x86_64-mingw32/bin/../lib/gcc/nios2-elf/5.3.0/../../../../../H-x86_64-mingw32/nios2-elf/lib/mno-hw-mul\libc.a(lib_a-__atexit.o)
                                        0x5f6 (size before relaxing)
 .debug_str     0x0000000000001ae5       0x65 c:/intelfpga_lite/18.1/nios2eds/bin/gnu/h-x86_64-mingw32/bin/../lib/gcc/nios2-elf/5.3.0/../../../../../H-x86_64-mingw32/nios2-elf/lib/mno-hw-mul\libc.a(lib_a-__call_atexit.o)
                                        0x5e2 (size before relaxing)
 .debug_str     0x0000000000001b4a       0x2a ../SSDSoftware_bsp/\libhal_bsp.a(alt_exit.o)
                                        0x154 (size before relaxing)

.debug_loc      0x0000000000000000      0x803
 *(.debug_loc)
 .debug_loc     0x0000000000000000       0x93 c:/intelfpga_lite/18.1/nios2eds/bin/gnu/h-x86_64-mingw32/bin/../lib/gcc/nios2-elf/5.3.0/mno-hw-mul\libgcc.a(lib2-mul.o)
 .debug_loc     0x0000000000000093       0x2c c:/intelfpga_lite/18.1/nios2eds/bin/gnu/h-x86_64-mingw32/bin/../lib/gcc/nios2-elf/5.3.0/../../../../../H-x86_64-mingw32/nios2-elf/lib/mno-hw-mul\libc.a(lib_a-atexit.o)
 .debug_loc     0x00000000000000bf       0x1e c:/intelfpga_lite/18.1/nios2eds/bin/gnu/h-x86_64-mingw32/bin/../lib/gcc/nios2-elf/5.3.0/../../../../../H-x86_64-mingw32/nios2-elf/lib/mno-hw-mul\libc.a(lib_a-exit.o)
 .debug_loc     0x00000000000000dd      0x126 c:/intelfpga_lite/18.1/nios2eds/bin/gnu/h-x86_64-mingw32/bin/../lib/gcc/nios2-elf/5.3.0/../../../../../H-x86_64-mingw32/nios2-elf/lib/mno-hw-mul\libc.a(lib_a-memcmp.o)
 .debug_loc     0x0000000000000203      0x266 c:/intelfpga_lite/18.1/nios2eds/bin/gnu/h-x86_64-mingw32/bin/../lib/gcc/nios2-elf/5.3.0/../../../../../H-x86_64-mingw32/nios2-elf/lib/mno-hw-mul\libc.a(lib_a-memcpy.o)
 .debug_loc     0x0000000000000469       0x47 c:/intelfpga_lite/18.1/nios2eds/bin/gnu/h-x86_64-mingw32/bin/../lib/gcc/nios2-elf/5.3.0/../../../../../H-x86_64-mingw32/nios2-elf/lib/mno-hw-mul\libc.a(lib_a-strlen.o)
 .debug_loc     0x00000000000004b0      0x185 c:/intelfpga_lite/18.1/nios2eds/bin/gnu/h-x86_64-mingw32/bin/../lib/gcc/nios2-elf/5.3.0/../../../../../H-x86_64-mingw32/nios2-elf/lib/mno-hw-mul\libc.a(lib_a-__atexit.o)
 .debug_loc     0x0000000000000635      0x1ce c:/intelfpga_lite/18.1/nios2eds/bin/gnu/h-x86_64-mingw32/bin/../lib/gcc/nios2-elf/5.3.0/../../../../../H-x86_64-mingw32/nios2-elf/lib/mno-hw-mul\libc.a(lib_a-__call_atexit.o)

.debug_macinfo
 *(.debug_macinfo)

.debug_weaknames
 *(.debug_weaknames)

.debug_funcnames
 *(.debug_funcnames)

.debug_typenames
 *(.debug_typenames)

.debug_varnames
 *(.debug_varnames)

.debug_alt_sim_info
                0x0000000000000000       0x10
 *(.debug_alt_sim_info)
 .debug_alt_sim_info
                0x0000000000000000       0x10 ../SSDSoftware_bsp//obj/HAL/src/crt0.o
                0x0000000000320000                __alt_data_end = 0x320000
                0x0000000000320000                PROVIDE (__alt_stack_pointer, __alt_data_end)
                [!provide]                        PROVIDE (__alt_stack_limit, __alt_stack_base)
                [!provide]                        PROVIDE (__alt_heap_start, end)
                [!provide]                        PROVIDE (__alt_heap_limit, 0x320000)
OUTPUT(SSDSoftware.elf elf32-littlenios2)

.debug_ranges   0x0000000000000000      0x178
 .debug_ranges  0x0000000000000000       0x20 ../SSDSoftware_bsp//obj/HAL/src/crt0.o
 .debug_ranges  0x0000000000000020       0x30 ../SSDSoftware_bsp/\libhal_bsp.a(altera_avalon_jtag_uart_init.o)
 .debug_ranges  0x0000000000000050       0x18 ../SSDSoftware_bsp/\libhal_bsp.a(altera_avalon_jtag_uart_read.o)
 .debug_ranges  0x0000000000000068       0x28 ../SSDSoftware_bsp/\libhal_bsp.a(alt_irq_entry.o)
 .debug_ranges  0x0000000000000090       0x10 ../SSDSoftware_bsp/\libhal_bsp.a(alt_irq_handler.o)
 .debug_ranges  0x00000000000000a0       0x30 ../SSDSoftware_bsp/\libhal_bsp.a(alt_exception_entry.o)
 .debug_ranges  0x00000000000000d0       0x18 ../SSDSoftware_bsp/\libhal_bsp.a(alt_instruction_exception_entry.o)
 .debug_ranges  0x00000000000000e8       0x10 c:/intelfpga_lite/18.1/nios2eds/bin/gnu/h-x86_64-mingw32/bin/../lib/gcc/nios2-elf/5.3.0/../../../../../H-x86_64-mingw32/nios2-elf/lib/mno-hw-mul\libc.a(lib_a-atexit.o)
 .debug_ranges  0x00000000000000f8       0x10 c:/intelfpga_lite/18.1/nios2eds/bin/gnu/h-x86_64-mingw32/bin/../lib/gcc/nios2-elf/5.3.0/../../../../../H-x86_64-mingw32/nios2-elf/lib/mno-hw-mul\libc.a(lib_a-exit.o)
 .debug_ranges  0x0000000000000108       0x10 c:/intelfpga_lite/18.1/nios2eds/bin/gnu/h-x86_64-mingw32/bin/../lib/gcc/nios2-elf/5.3.0/../../../../../H-x86_64-mingw32/nios2-elf/lib/mno-hw-mul\libc.a(lib_a-memcmp.o)
 .debug_ranges  0x0000000000000118       0x10 c:/intelfpga_lite/18.1/nios2eds/bin/gnu/h-x86_64-mingw32/bin/../lib/gcc/nios2-elf/5.3.0/../../../../../H-x86_64-mingw32/nios2-elf/lib/mno-hw-mul\libc.a(lib_a-memcpy.o)
 .debug_ranges  0x0000000000000128       0x10 c:/intelfpga_lite/18.1/nios2eds/bin/gnu/h-x86_64-mingw32/bin/../lib/gcc/nios2-elf/5.3.0/../../../../../H-x86_64-mingw32/nios2-elf/lib/mno-hw-mul\libc.a(lib_a-strlen.o)
 .debug_ranges  0x0000000000000138       0x10 c:/intelfpga_lite/18.1/nios2eds/bin/gnu/h-x86_64-mingw32/bin/../lib/gcc/nios2-elf/5.3.0/../../../../../H-x86_64-mingw32/nios2-elf/lib/mno-hw-mul\libc.a(lib_a-__atexit.o)
 .debug_ranges  0x0000000000000148       0x30 c:/intelfpga_lite/18.1/nios2eds/bin/gnu/h-x86_64-mingw32/bin/../lib/gcc/nios2-elf/5.3.0/../../../../../H-x86_64-mingw32/nios2-elf/lib/mno-hw-mul\libc.a(lib_a-__call_atexit.o)
